Component: ARM Compiler 5.06 update 6 (build 750) Tool: armlink [4d35ed]

==============================================================================

Section Cross References

    startup_stm32f103xb.o(RESET) refers to startup_stm32f103xb.o(STACK) for __initial_sp
    startup_stm32f103xb.o(RESET) refers to startup_stm32f103xb.o(.text) for Reset_Handler
    startup_stm32f103xb.o(RESET) refers to stm32f1xx_it.o(i.NMI_Handler) for NMI_Handler
    startup_stm32f103xb.o(RESET) refers to stm32f1xx_it.o(i.HardFault_Handler) for HardFault_Handler
    startup_stm32f103xb.o(RESET) refers to stm32f1xx_it.o(i.MemManage_Handler) for MemManage_Handler
    startup_stm32f103xb.o(RESET) refers to stm32f1xx_it.o(i.BusFault_Handler) for BusFault_Handler
    startup_stm32f103xb.o(RESET) refers to stm32f1xx_it.o(i.UsageFault_Handler) for UsageFault_Handler
    startup_stm32f103xb.o(RESET) refers to stm32f1xx_it.o(i.SVC_Handler) for SVC_Handler
    startup_stm32f103xb.o(RESET) refers to stm32f1xx_it.o(i.DebugMon_Handler) for DebugMon_Handler
    startup_stm32f103xb.o(RESET) refers to stm32f1xx_it.o(i.PendSV_Handler) for PendSV_Handler
    startup_stm32f103xb.o(RESET) refers to stm32f1xx_it.o(i.SysTick_Handler) for SysTick_Handler
    startup_stm32f103xb.o(.text) refers to system_stm32f1xx.o(i.SystemInit) for SystemInit
    startup_stm32f103xb.o(.text) refers to entry.o(.ARM.Collect$$$$00000000) for __main
    lt_spi.o(i.LTC6811_Initialize) refers to stm32f1xx_hal_spi.o(i.HAL_SPI_Init) for HAL_SPI_Init
    lt_spi.o(i.LTC6811_Initialize) refers to lt_spi.o(.bss) for .bss
    lt_spi.o(i.cs_high) refers to stm32f1xx_hal_gpio.o(i.HAL_GPIO_WritePin) for HAL_GPIO_WritePin
    lt_spi.o(i.cs_low) refers to stm32f1xx_hal_gpio.o(i.HAL_GPIO_WritePin) for HAL_GPIO_WritePin
    lt_spi.o(i.spi_read_byte) refers to stm32f1xx_hal_spi.o(i.HAL_SPI_TransmitReceive) for HAL_SPI_TransmitReceive
    lt_spi.o(i.spi_read_byte) refers to lt_spi.o(.bss) for .bss
    lt_spi.o(i.spi_write) refers to stm32f1xx_hal_spi.o(i.HAL_SPI_TransmitReceive) for HAL_SPI_TransmitReceive
    lt_spi.o(i.spi_write) refers to lt_spi.o(.bss) for .bss
    lt_spi.o(i.spi_write_array) refers to stm32f1xx_hal_spi.o(i.HAL_SPI_TransmitReceive) for HAL_SPI_TransmitReceive
    lt_spi.o(i.spi_write_array) refers to lt_spi.o(.bss) for .bss
    lt_spi.o(i.spi_write_read) refers to stm32f1xx_hal_spi.o(i.HAL_SPI_TransmitReceive) for HAL_SPI_TransmitReceive
    lt_spi.o(i.spi_write_read) refers to lt_spi.o(.bss) for .bss
    ltc681x.o(i.LTC681x_adax) refers to ltc681x.o(i.cmd_68) for cmd_68
    ltc681x.o(i.LTC681x_adaxd) refers to ltc681x.o(i.cmd_68) for cmd_68
    ltc681x.o(i.LTC681x_adcv) refers to ltc681x.o(i.cmd_68) for cmd_68
    ltc681x.o(i.LTC681x_adcvax) refers to ltc681x.o(i.cmd_68) for cmd_68
    ltc681x.o(i.LTC681x_adcvsc) refers to ltc681x.o(i.cmd_68) for cmd_68
    ltc681x.o(i.LTC681x_adol) refers to ltc681x.o(i.cmd_68) for cmd_68
    ltc681x.o(i.LTC681x_adow) refers to ltc681x.o(i.cmd_68) for cmd_68
    ltc681x.o(i.LTC681x_adstat) refers to ltc681x.o(i.cmd_68) for cmd_68
    ltc681x.o(i.LTC681x_adstatd) refers to ltc681x.o(i.cmd_68) for cmd_68
    ltc681x.o(i.LTC681x_axst) refers to ltc681x.o(i.cmd_68) for cmd_68
    ltc681x.o(i.LTC681x_clraux) refers to ltc681x.o(i.cmd_68) for cmd_68
    ltc681x.o(i.LTC681x_clrcell) refers to ltc681x.o(i.cmd_68) for cmd_68
    ltc681x.o(i.LTC681x_clrsctrl) refers to ltc681x.o(i.cmd_68) for cmd_68
    ltc681x.o(i.LTC681x_clrstat) refers to ltc681x.o(i.cmd_68) for cmd_68
    ltc681x.o(i.LTC681x_cvst) refers to ltc681x.o(i.cmd_68) for cmd_68
    ltc681x.o(i.LTC681x_diagn) refers to ltc681x.o(i.cmd_68) for cmd_68
    ltc681x.o(i.LTC681x_init_cfg) refers to ltc681x.o(i.LTC681x_set_cfgr) for LTC681x_set_cfgr
    ltc681x.o(i.LTC681x_init_cfg) refers to ltc681x.o(.constdata) for .constdata
    ltc681x.o(i.LTC681x_pladc) refers to ltc681x.o(i.pec15_calc) for pec15_calc
    ltc681x.o(i.LTC681x_pladc) refers to lt_spi.o(i.cs_low) for cs_low
    ltc681x.o(i.LTC681x_pladc) refers to lt_spi.o(i.spi_write_array) for spi_write_array
    ltc681x.o(i.LTC681x_pladc) refers to lt_spi.o(i.cs_high) for cs_high
    ltc681x.o(i.LTC681x_pollAdc) refers to ltc681x.o(i.pec15_calc) for pec15_calc
    ltc681x.o(i.LTC681x_pollAdc) refers to lt_spi.o(i.cs_low) for cs_low
    ltc681x.o(i.LTC681x_pollAdc) refers to lt_spi.o(i.spi_write_array) for spi_write_array
    ltc681x.o(i.LTC681x_pollAdc) refers to lt_spi.o(i.spi_read_byte) for spi_read_byte
    ltc681x.o(i.LTC681x_pollAdc) refers to lt_spi.o(i.cs_high) for cs_high
    ltc681x.o(i.LTC681x_rdaux) refers to malloc.o(i.malloc) for malloc
    ltc681x.o(i.LTC681x_rdaux) refers to ltc681x.o(i.LTC681x_rdaux_reg) for LTC681x_rdaux_reg
    ltc681x.o(i.LTC681x_rdaux) refers to ltc681x.o(i.parse_cells) for parse_cells
    ltc681x.o(i.LTC681x_rdaux) refers to ltc681x.o(i.LTC681x_check_pec) for LTC681x_check_pec
    ltc681x.o(i.LTC681x_rdaux) refers to malloc.o(i.free) for free
[...]
    printfa.o(i._printf_pre_padding) refers (Special) to iusefp.o(.text) for __I$use$fp
    printfa.o(i._snputc) refers (Special) to iusefp.o(.text) for __I$use$fp
    printfa.o(i._sputc) refers (Special) to iusefp.o(.text) for __I$use$fp
    malloc.o(i.free) refers to mvars.o(.data) for __microlib_freelist
    malloc.o(i.malloc) refers to mvars.o(.data) for __microlib_freelist_initialised
    malloc.o(i.malloc) refers to mvars.o(.data) for __microlib_freelist
    malloc.o(i.malloc) refers to startup_stm32f103xb.o(HEAP) for __heap_base
    mallocr.o(i.__free$realloc) refers to mvars.o(.data) for __microlib_freelist
    mallocr.o(i.__malloc$realloc) refers to mallocr.o(i.internal_alloc) for internal_alloc
    mallocr.o(i.__malloc$realloc) refers to mvars.o(.data) for __microlib_freelist_initialised
    mallocr.o(i.__malloc$realloc) refers to startup_stm32f103xb.o(HEAP) for __heap_base
    mallocr.o(i.__malloc$realloc) refers to mvars.o(.data) for __microlib_freelist
    mallocr.o(i.internal_alloc) refers to memcpya.o(.text) for __aeabi_memcpy
    mallocr.o(i.internal_alloc) refers to mvars.o(.data) for __microlib_freelist
    mallocr.o(i.realloc) refers to mallocr.o(i.__free$realloc) for __free$realloc
    mallocr.o(i.realloc) refers to mallocr.o(i.internal_alloc) for internal_alloc
    mallocr.o(i.realloc) refers to mallocr.o(i.__malloc$realloc) for __malloc$realloc
    mallocr.o(i.realloc) refers to mvars.o(.data) for __microlib_freelist
    malloca.o(i.__aligned_malloc) refers to mvars.o(.data) for __microlib_freelist_initialised
    malloca.o(i.__aligned_malloc) refers to mvars.o(.data) for __microlib_freelist
    malloca.o(i.__aligned_malloc) refers to startup_stm32f103xb.o(HEAP) for __heap_base
    malloca.o(i.__free$memalign) refers to mvars.o(.data) for __microlib_freelist
    malloca.o(i.__malloc$memalign) refers to malloca.o(i.__aligned_malloc) for __aligned_malloc
    mallocra.o(i.__aligned_malloc$realloc) refers to mallocra.o(i.internal_alloc) for internal_alloc
    mallocra.o(i.__aligned_malloc$realloc) refers to mvars.o(.data) for __microlib_freelist_initialised
    mallocra.o(i.__aligned_malloc$realloc) refers to startup_stm32f103xb.o(HEAP) for __heap_base
    mallocra.o(i.__aligned_malloc$realloc) refers to mvars.o(.data) for __microlib_freelist
    mallocra.o(i.__free$realloc$memalign) refers to mvars.o(.data) for __microlib_freelist
    mallocra.o(i.__malloc$realloc$memalign) refers to mallocra.o(i.__aligned_malloc$realloc) for __aligned_malloc$realloc
    mallocra.o(i.__realloc$memalign) refers to mallocra.o(i.__free$realloc$memalign) for __free$realloc$memalign
    mallocra.o(i.__realloc$memalign) refers to mallocra.o(i.internal_alloc) for internal_alloc
    mallocra.o(i.__realloc$memalign) refers to mallocra.o(i.__malloc$realloc$memalign) for __malloc$realloc$memalign
    mallocra.o(i.__realloc$memalign) refers to mvars.o(.data) for __microlib_freelist
    mallocra.o(i.internal_alloc) refers to memcpya.o(.text) for __aeabi_memcpy
    mallocra.o(i.internal_alloc) refers to mvars.o(.data) for __microlib_freelist
    entry2.o(.ARM.Collect$$$$00000001) refers to entry2.o(.ARM.Collect$$$$00002712) for __lit__00000000
    entry2.o(.ARM.Collect$$$$00002712) refers to startup_stm32f103xb.o(STACK) for __initial_sp
    entry2.o(__vectab_stack_and_reset_area) refers to startup_stm32f103xb.o(STACK) for __initial_sp
    entry2.o(__vectab_stack_and_reset_area) refers to entry.o(.ARM.Collect$$$$00000000) for __main
    entry5.o(.ARM.Collect$$$$00000004) refers to init.o(.text) for __scatterload
    entry9a.o(.ARM.Collect$$$$0000000B) refers to main.o(i.main) for main
    entry9b.o(.ARM.Collect$$$$0000000C) refers to main.o(i.main) for main
    fputc.o(i.fputc) refers (Special) to iusesemip.o(.text) for __I$use$semihosting$fputc
    fputc.o(i.fputc) refers (Special) to semi.o(.text) for __semihosting_library_function
    uldiv.o(.text) refers to llushr.o(.text) for __aeabi_llsr
    uldiv.o(.text) refers to llshl.o(.text) for __aeabi_llsl
    dadd.o(.text) refers to llshl.o(.text) for __aeabi_llsl
    dadd.o(.text) refers to llsshr.o(.text) for __aeabi_lasr
    dadd.o(.text) refers to depilogue.o(.text) for _double_epilogue
    dmul.o(.text) refers to depilogue.o(.text) for _double_epilogue
    ddiv.o(.text) refers to depilogue.o(.text) for _double_round
    dfixul.o(.text) refers to llushr.o(.text) for __aeabi_llsr
    dfixul.o(.text) refers to llshl.o(.text) for __aeabi_llsl
    init.o(.text) refers to entry5.o(.ARM.Collect$$$$00000004) for __main_after_scatterload
    depilogue.o(.text) refers to llshl.o(.text) for __aeabi_llsl
    depilogue.o(.text) refers to llushr.o(.text) for __aeabi_llsr


==============================================================================

Removing Unused input sections from the image.

    Removing lt_spi.o(.rev16_text), (4 bytes).
    Removing lt_spi.o(.revsh_text), (4 bytes).
    Removing lt_spi.o(.rrx_text), (6 bytes).
    Removing lt_spi.o(i.spi_write), (28 bytes).
    Removing ltc681x.o(.rev16_text), (4 bytes).
    Removing ltc681x.o(.revsh_text), (4 bytes).
    Removing ltc681x.o(.rrx_text), (6 bytes).
    Removing ltc681x.o(i.LTC681x_adax), (30 bytes).
    Removing ltc681x.o(i.LTC681x_adaxd), (28 bytes).
    Removing ltc681x.o(i.LTC681x_adcv), (34 bytes).
    Removing ltc681x.o(i.LTC681x_adcvax), (40 bytes).
    Removing ltc681x.o(i.LTC681x_adcvsc), (36 bytes).
    Removing ltc681x.o(i.LTC681x_adol), (32 bytes).
    Removing ltc681x.o(i.LTC681x_adow), (32 bytes).
    Removing ltc681x.o(i.LTC681x_adstat), (30 bytes).
    Removing ltc681x.o(i.LTC681x_adstatd), (30 bytes).
    Removing ltc681x.o(i.LTC681x_axst), (36 bytes).
    Removing ltc681x.o(i.LTC681x_clraux), (20 bytes).
    Removing ltc681x.o(i.LTC681x_clrcell), (20 bytes).
    Removing ltc681x.o(i.LTC681x_clrsctrl), (20 bytes).
    Removing ltc681x.o(i.LTC681x_clrstat), (20 bytes).
    Removing ltc681x.o(i.LTC681x_cvst), (32 bytes).
    Removing ltc681x.o(i.LTC681x_diagn), (20 bytes).
    Removing ltc681x.o(i.LTC681x_pladc), (54 bytes).
    Removing ltc681x.o(i.LTC681x_pollAdc), (80 bytes).
    Removing ltc681x.o(i.LTC681x_rdaux), (196 bytes).
    Removing ltc681x.o(i.LTC681x_rdaux_reg), (92 bytes).
    Removing ltc681x.o(i.LTC681x_rdcfgb), (140 bytes).
    Removing ltc681x.o(i.LTC681x_rdcomm), (132 bytes).
    Removing ltc681x.o(i.LTC681x_rdcv), (204 bytes).
    Removing ltc681x.o(i.LTC681x_rdcv_reg), (106 bytes).
    Removing ltc681x.o(i.LTC681x_rdpwm), (146 bytes).
    Removing ltc681x.o(i.LTC681x_rdstat), (496 bytes).
    Removing ltc681x.o(i.LTC681x_rdstat_reg), (76 bytes).
    Removing ltc681x.o(i.LTC681x_run_adc_overlap), (100 bytes).
    Removing ltc681x.o(i.LTC681x_run_adc_redundancy_st), (218 bytes).
    Removing ltc681x.o(i.LTC681x_run_cell_adc_st), (342 bytes).
    Removing ltc681x.o(i.LTC681x_run_openwire), (366 bytes).
    Removing ltc681x.o(i.LTC681x_set_cfgr_ov), (28 bytes).
    Removing ltc681x.o(i.LTC681x_set_cfgr_uv), (34 bytes).
    Removing ltc681x.o(i.LTC681x_st_lookup), (36 bytes).
    Removing ltc681x.o(i.LTC681x_statst), (36 bytes).
    Removing ltc681x.o(i.LTC681x_stcomm), (64 bytes).
    Removing ltc681x.o(i.LTC681x_wrcfgb), (92 bytes).
    Removing ltc681x.o(i.LTC681x_wrcomm), (92 bytes).
    Removing ltc681x.o(i.LTC681x_wrpwm), (100 bytes).
    Removing ltc681x.o(i.clear_discharge), (28 bytes).
    Removing ltc681x.o(i.cmd_68), (50 bytes).
    Removing ltc681x.o(i.parse_cells), (102 bytes).
    Removing ltc6811.o(i.LTC6811_adax), (4 bytes).
    Removing ltc6811.o(i.LTC6811_adaxd), (4 bytes).
    Removing ltc6811.o(i.LTC6811_adcv), (4 bytes).
    Removing ltc6811.o(i.LTC6811_adcvax), (4 bytes).
    Removing ltc6811.o(i.LTC6811_adcvsc), (4 bytes).
    Removing ltc6811.o(i.LTC6811_adol), (4 bytes).
    Removing ltc6811.o(i.LTC6811_adow), (4 bytes).
    Removing ltc6811.o(i.LTC6811_adstat), (4 bytes).
    Removing ltc6811.o(i.LTC6811_adstatd), (4 bytes).
    Removing ltc6811.o(i.LTC6811_axst), (4 bytes).
    Removing ltc6811.o(i.LTC6811_check_pec), (4 bytes).
    Removing ltc6811.o(i.LTC6811_clraux), (4 bytes).
    Removing ltc6811.o(i.LTC6811_clrcell), (4 bytes).
    Removing ltc6811.o(i.LTC6811_clrsctrl), (4 bytes).
    Removing ltc6811.o(i.LTC6811_clrstat), (4 bytes).
    Removing ltc6811.o(i.LTC6811_cvst), (4 bytes).
    Removing ltc6811.o(i.LTC6811_diagn), (4 bytes).
    Removing ltc6811.o(i.LTC6811_init_max_min), (76 bytes).
    Removing ltc6811.o(i.LTC6811_max_min), (110 bytes).
    Removing ltc6811.o(i.LTC6811_pladc), (4 bytes).
    Removing ltc6811.o(i.LTC6811_pollAdc), (4 bytes).
    Removing ltc6811.o(i.LTC6811_rdaux), (4 bytes).
    Removing ltc6811.o(i.LTC6811_rdcomm), (12 bytes).
    Removing ltc6811.o(i.LTC6811_rdcv), (10 bytes).
    Removing ltc6811.o(i.LTC6811_rdpwm), (4 bytes).
    Removing ltc6811.o(i.LTC6811_rdstat), (4 bytes).
    Removing ltc6811.o(i.LTC6811_run_adc_overlap), (12 bytes).
    Removing ltc6811.o(i.LTC6811_run_adc_redundancy_st), (12 bytes).
    Removing ltc6811.o(i.LTC6811_run_cell_adc_st), (4 bytes).
    Removing ltc6811.o(i.LTC6811_run_openwire), (4 bytes).
    Removing ltc6811.o(i.LTC6811_set_cfgr_adcopt), (4 bytes).
    Removing ltc6811.o(i.LTC6811_set_cfgr_dis), (4 bytes).
    Removing ltc6811.o(i.LTC6811_set_cfgr_gpio), (4 bytes).
    Removing ltc6811.o(i.LTC6811_set_cfgr_ov), (4 bytes).
    Removing ltc6811.o(i.LTC6811_set_cfgr_refon), (4 bytes).
    Removing ltc6811.o(i.LTC6811_set_cfgr_uv), (4 bytes).
    Removing ltc6811.o(i.LTC6811_set_discharge), (64 bytes).
    Removing ltc6811.o(i.LTC6811_statst), (4 bytes).
    Removing ltc6811.o(i.LTC6811_stcomm), (4 bytes).
    Removing ltc6811.o(i.LTC6811_wrcomm), (4 bytes).
    Removing ltc6811.o(i.LTC6811_wrpwm), (4 bytes).
    Removing main.o(.rev16_text), (4 bytes).
    Removing main.o(.revsh_text), (4 bytes).
    Removing main.o(.rrx_text), (6 bytes).
    Removing main.o(.bss), (12 bytes).
    Removing main.o(.bss), (10 bytes).
    Removing main.o(.bss), (40 bytes).
    Removing main.o(.bss), (48 bytes).
    Removing main.o(.bss), (20 bytes).
    Removing main.o(.bss), (48 bytes).
    Removing main.o(.bss), (20 bytes).
    Removing main.o(.constdata), (1 bytes).
    Removing main.o(.data), (1 bytes).
    Removing main.o(.data), (4 bytes).
    Removing main.o(.data), (1 bytes).
    Removing main.o(.data), (1 bytes).
    Removing main.o(.data), (4 bytes).
    Removing main.o(.data), (4 bytes).
    Removing main.o(.data), (2 bytes).
    Removing main.o(.data), (2 bytes).
    Removing main.o(.data), (2 bytes).
    Removing main.o(.data), (2 bytes).
    Removing main.o(.data), (2 bytes).
    Removing main.o(.data), (2 bytes).
    Removing main.o(.data), (2 bytes).
    Removing main.o(.data), (2 bytes).
    Removing main.o(.data), (2 bytes).
    Removing main.o(.data), (2 bytes).
    Removing main.o(.data), (2 bytes).
    Removing main.o(.data), (2 bytes).
    Removing main.o(.data), (4 bytes).
    Removing main.o(.data), (1 bytes).
    Removing main.o(.data), (1 bytes).
    Removing main.o(.data), (1 bytes).
    Removing main.o(.data), (1 bytes).
    Removing main.o(.data), (1 bytes).
    Removing main.o(.data), (1 bytes).
    Removing gpio.o(.rev16_text), (4 bytes).
    Removing gpio.o(.revsh_text), (4 bytes).
    Removing gpio.o(.rrx_text), (6 bytes).
    Removing spi.o(.rev16_text), (4 bytes).
    Removing spi.o(.revsh_text), (4 bytes).
    Removing spi.o(.rrx_text), (6 bytes).
    Removing spi.o(i.HAL_SPI_MspDeInit), (68 bytes).
    Removing usart.o(.rev16_text), (4 bytes).
    Removing usart.o(.revsh_text), (4 bytes).
    Removing usart.o(.rrx_text), (6 bytes).
    Removing usart.o(i.HAL_UART_MspDeInit), (44 bytes).
    Removing stm32f1xx_it.o(.rev16_text), (4 bytes).
    Removing stm32f1xx_it.o(.revsh_text), (4 bytes).
    Removing stm32f1xx_it.o(.rrx_text), (6 bytes).
    Removing stm32f1xx_hal_msp.o(.rev16_text), (4 bytes).
    Removing stm32f1xx_hal_msp.o(.revsh_text), (4 bytes).
    Removing stm32f1xx_hal_msp.o(.rrx_text), (6 bytes).
    Removing stm32f1xx_hal_gpio_ex.o(.rev16_text), (4 bytes).
    Removing stm32f1xx_hal_gpio_ex.o(.revsh_text), (4 bytes).
    Removing stm32f1xx_hal_gpio_ex.o(.rrx_text), (6 bytes).
    Removing stm32f1xx_hal_gpio_ex.o(i.HAL_GPIOEx_ConfigEventout), (20 bytes).
    Removing stm32f1xx_hal_gpio_ex.o(i.HAL_GPIOEx_DisableEventout), (16 bytes).
    Removing stm32f1xx_hal_gpio_ex.o(i.HAL_GPIOEx_EnableEventout), (16 bytes).
    Removing stm32f1xx_hal_spi.o(.rev16_text), (4 bytes).
    Removing stm32f1xx_hal_spi.o(.revsh_text), (4 bytes).
    Removing stm32f1xx_hal_spi.o(.rrx_text), (6 bytes).
    Removing stm32f1xx_hal_spi.o(i.HAL_SPI_Abort), (288 bytes).
    Removing stm32f1xx_hal_spi.o(i.HAL_SPI_AbortCpltCallback), (2 bytes).
    Removing stm32f1xx_hal_spi.o(i.HAL_SPI_Abort_IT), (288 bytes).
    Removing stm32f1xx_hal_spi.o(i.HAL_SPI_DMAPause), (38 bytes).
    Removing stm32f1xx_hal_spi.o(i.HAL_SPI_DMAResume), (38 bytes).
    Removing stm32f1xx_hal_spi.o(i.HAL_SPI_DMAStop), (66 bytes).
    Removing stm32f1xx_hal_spi.o(i.HAL_SPI_DeInit), (46 bytes).
    Removing stm32f1xx_hal_spi.o(i.HAL_SPI_ErrorCallback), (2 bytes).
    Removing stm32f1xx_hal_spi.o(i.HAL_SPI_GetError), (4 bytes).
    Removing stm32f1xx_hal_spi.o(i.HAL_SPI_GetState), (6 bytes).
    Removing stm32f1xx_hal_spi.o(i.HAL_SPI_IRQHandler), (224 bytes).
    Removing stm32f1xx_hal_spi.o(i.HAL_SPI_MspDeInit), (2 bytes).
    Removing stm32f1xx_hal_spi.o(i.HAL_SPI_MspInit), (2 bytes).
    Removing stm32f1xx_hal_spi.o(i.HAL_SPI_Receive), (340 bytes).
    Removing stm32f1xx_hal_spi.o(i.HAL_SPI_Receive_DMA), (228 bytes).
    Removing stm32f1xx_hal_spi.o(i.HAL_SPI_Receive_IT), (168 bytes).
    Removing stm32f1xx_hal_spi.o(i.HAL_SPI_RxCpltCallback), (2 bytes).
    Removing stm32f1xx_hal_spi.o(i.HAL_SPI_RxHalfCpltCallback), (2 bytes).
    Removing stm32f1xx_hal_spi.o(i.HAL_SPI_Transmit), (358 bytes).
    Removing stm32f1xx_hal_spi.o(i.HAL_SPI_TransmitReceive_DMA), (272 bytes).
    Removing stm32f1xx_hal_spi.o(i.HAL_SPI_TransmitReceive_IT), (156 bytes).
    Removing stm32f1xx_hal_spi.o(i.HAL_SPI_Transmit_DMA), (204 bytes).
    Removing stm32f1xx_hal_spi.o(i.HAL_SPI_Transmit_IT), (144 bytes).
    Removing stm32f1xx_hal_spi.o(i.HAL_SPI_TxCpltCallback), (2 bytes).
    Removing stm32f1xx_hal_spi.o(i.HAL_SPI_TxHalfCpltCallback), (2 bytes).
    Removing stm32f1xx_hal_spi.o(i.HAL_SPI_TxRxCpltCallback), (2 bytes).
    Removing stm32f1xx_hal_spi.o(i.HAL_SPI_TxRxHalfCpltCallback), (2 bytes).
    Removing stm32f1xx_hal_spi.o(i.SPI_2linesRxISR_16BIT), (48 bytes).
    Removing stm32f1xx_hal_spi.o(i.SPI_2linesRxISR_8BIT), (48 bytes).
    Removing stm32f1xx_hal_spi.o(i.SPI_2linesTxISR_16BIT), (48 bytes).
    Removing stm32f1xx_hal_spi.o(i.SPI_2linesTxISR_8BIT), (48 bytes).
    Removing stm32f1xx_hal_spi.o(i.SPI_AbortRx_ISR), (88 bytes).
    Removing stm32f1xx_hal_spi.o(i.SPI_AbortTx_ISR), (28 bytes).
    Removing stm32f1xx_hal_spi.o(i.SPI_CloseRxTx_ISR), (144 bytes).
    Removing stm32f1xx_hal_spi.o(i.SPI_CloseRx_ISR), (76 bytes).
    Removing stm32f1xx_hal_spi.o(i.SPI_CloseTx_ISR), (124 bytes).
    Removing stm32f1xx_hal_spi.o(i.SPI_DMAAbortOnError), (16 bytes).
    Removing stm32f1xx_hal_spi.o(i.SPI_DMAError), (34 bytes).
    Removing stm32f1xx_hal_spi.o(i.SPI_DMAHalfReceiveCplt), (10 bytes).
    Removing stm32f1xx_hal_spi.o(i.SPI_DMAHalfTransmitCplt), (10 bytes).
    Removing stm32f1xx_hal_spi.o(i.SPI_DMAHalfTransmitReceiveCplt), (10 bytes).
    Removing stm32f1xx_hal_spi.o(i.SPI_DMAReceiveCplt), (106 bytes).
    Removing stm32f1xx_hal_spi.o(i.SPI_DMARxAbortCallback), (98 bytes).
    Removing stm32f1xx_hal_spi.o(i.SPI_DMATransmitCplt), (100 bytes).
    Removing stm32f1xx_hal_spi.o(i.SPI_DMATransmitReceiveCplt), (90 bytes).
    Removing stm32f1xx_hal_spi.o(i.SPI_DMATxAbortCallback), (112 bytes).
    Removing stm32f1xx_hal_spi.o(i.SPI_EndRxTransaction), (92 bytes).
    Removing stm32f1xx_hal_spi.o(i.SPI_RxISR_16BIT), (32 bytes).
    Removing stm32f1xx_hal_spi.o(i.SPI_RxISR_8BIT), (32 bytes).
    Removing stm32f1xx_hal_spi.o(i.SPI_TxISR_16BIT), (32 bytes).
    Removing stm32f1xx_hal_spi.o(i.SPI_TxISR_8BIT), (32 bytes).
    Removing stm32f1xx_hal.o(.rev16_text), (4 bytes).
    Removing stm32f1xx_hal.o(.revsh_text), (4 bytes).
    Removing stm32f1xx_hal.o(.rrx_text), (6 bytes).
    Removing stm32f1xx_hal.o(i.HAL_DBGMCU_DisableDBGSleepMode), (16 bytes).
    Removing stm32f1xx_hal.o(i.HAL_DBGMCU_DisableDBGStandbyMode), (16 bytes).
    Removing stm32f1xx_hal.o(i.HAL_DBGMCU_DisableDBGStopMode), (16 bytes).
    Removing stm32f1xx_hal.o(i.HAL_DBGMCU_EnableDBGSleepMode), (16 bytes).
    Removing stm32f1xx_hal.o(i.HAL_DBGMCU_EnableDBGStandbyMode), (16 bytes).
    Removing stm32f1xx_hal.o(i.HAL_DBGMCU_EnableDBGStopMode), (16 bytes).
    Removing stm32f1xx_hal.o(i.HAL_DeInit), (32 bytes).
    Removing stm32f1xx_hal.o(i.HAL_GetDEVID), (16 bytes).
    Removing stm32f1xx_hal.o(i.HAL_GetHalVersion), (8 bytes).
    Removing stm32f1xx_hal.o(i.HAL_GetREVID), (12 bytes).
    Removing stm32f1xx_hal.o(i.HAL_GetTickFreq), (12 bytes).
    Removing stm32f1xx_hal.o(i.HAL_GetTickPrio), (12 bytes).
    Removing stm32f1xx_hal.o(i.HAL_GetUIDw0), (12 bytes).
    Removing stm32f1xx_hal.o(i.HAL_GetUIDw1), (12 bytes).
    Removing stm32f1xx_hal.o(i.HAL_GetUIDw2), (12 bytes).
    Removing stm32f1xx_hal.o(i.HAL_MspDeInit), (2 bytes).
    Removing stm32f1xx_hal.o(i.HAL_MspInit), (2 bytes).
    Removing stm32f1xx_hal.o(i.HAL_ResumeTick), (14 bytes).
    Removing stm32f1xx_hal.o(i.HAL_SetTickFreq), (36 bytes).
    Removing stm32f1xx_hal.o(i.HAL_SuspendTick), (14 bytes).
    Removing stm32f1xx_hal_rcc.o(.rev16_text), (4 bytes).
    Removing stm32f1xx_hal_rcc.o(.revsh_text), (4 bytes).
    Removing stm32f1xx_hal_rcc.o(.rrx_text), (6 bytes).
    Removing stm32f1xx_hal_rcc.o(i.HAL_RCC_CSSCallback), (2 bytes).
    Removing stm32f1xx_hal_rcc.o(i.HAL_RCC_DeInit), (220 bytes).
    Removing stm32f1xx_hal_rcc.o(i.HAL_RCC_DisableCSS), (12 bytes).
    Removing stm32f1xx_hal_rcc.o(i.HAL_RCC_EnableCSS), (12 bytes).
    Removing stm32f1xx_hal_rcc.o(i.HAL_RCC_GetClockConfig), (64 bytes).
    Removing stm32f1xx_hal_rcc.o(i.HAL_RCC_GetHCLKFreq), (12 bytes).
    Removing stm32f1xx_hal_rcc.o(i.HAL_RCC_GetOscConfig), (144 bytes).
    Removing stm32f1xx_hal_rcc.o(i.HAL_RCC_MCOConfig), (72 bytes).
    Removing stm32f1xx_hal_rcc.o(i.HAL_RCC_NMI_IRQHandler), (24 bytes).
    Removing stm32f1xx_hal_rcc_ex.o(.rev16_text), (4 bytes).
    Removing stm32f1xx_hal_rcc_ex.o(.revsh_text), (4 bytes).
    Removing stm32f1xx_hal_rcc_ex.o(.rrx_text), (6 bytes).
    Removing stm32f1xx_hal_rcc_ex.o(i.HAL_RCCEx_GetPeriphCLKConfig), (44 bytes).
    Removing stm32f1xx_hal_rcc_ex.o(i.HAL_RCCEx_GetPeriphCLKFreq), (164 bytes).
    Removing stm32f1xx_hal_rcc_ex.o(i.HAL_RCCEx_PeriphCLKConfig), (236 bytes).
    Removing stm32f1xx_hal_rcc_ex.o(.constdata), (18 bytes).
    Removing stm32f1xx_hal_gpio.o(.rev16_text), (4 bytes).
    Removing stm32f1xx_hal_gpio.o(.revsh_text), (4 bytes).
    Removing stm32f1xx_hal_gpio.o(.rrx_text), (6 bytes).
    Removing stm32f1xx_hal_gpio.o(i.HAL_GPIO_DeInit), (280 bytes).
    Removing stm32f1xx_hal_gpio.o(i.HAL_GPIO_EXTI_Callback), (2 bytes).
    Removing stm32f1xx_hal_gpio.o(i.HAL_GPIO_EXTI_IRQHandler), (24 bytes).
    Removing stm32f1xx_hal_gpio.o(i.HAL_GPIO_LockPin), (34 bytes).
    Removing stm32f1xx_hal_gpio.o(i.HAL_GPIO_ReadPin), (10 bytes).
    Removing stm32f1xx_hal_dma.o(.rev16_text), (4 bytes).
    Removing stm32f1xx_hal_dma.o(.revsh_text), (4 bytes).
    Removing stm32f1xx_hal_dma.o(.rrx_text), (6 bytes).
    Removing stm32f1xx_hal_dma.o(i.DMA_SetConfig), (42 bytes).
    Removing stm32f1xx_hal_dma.o(i.HAL_DMA_Abort), (70 bytes).
    Removing stm32f1xx_hal_dma.o(i.HAL_DMA_Abort_IT), (152 bytes).
    Removing stm32f1xx_hal_dma.o(i.HAL_DMA_DeInit), (92 bytes).
    Removing stm32f1xx_hal_dma.o(i.HAL_DMA_GetError), (4 bytes).
    Removing stm32f1xx_hal_dma.o(i.HAL_DMA_GetState), (6 bytes).
    Removing stm32f1xx_hal_dma.o(i.HAL_DMA_IRQHandler), (340 bytes).
    Removing stm32f1xx_hal_dma.o(i.HAL_DMA_Init), (92 bytes).
    Removing stm32f1xx_hal_dma.o(i.HAL_DMA_PollForTransfer), (532 bytes).
    Removing stm32f1xx_hal_dma.o(i.HAL_DMA_RegisterCallback), (74 bytes).
    Removing stm32f1xx_hal_dma.o(i.HAL_DMA_Start), (80 bytes).
    Removing stm32f1xx_hal_dma.o(i.HAL_DMA_Start_IT), (112 bytes).
    Removing stm32f1xx_hal_dma.o(i.HAL_DMA_UnRegisterCallback), (82 bytes).
    Removing stm32f1xx_hal_cortex.o(.rev16_text), (4 bytes).
    Removing stm32f1xx_hal_cortex.o(.revsh_text), (4 bytes).
    Removing stm32f1xx_hal_cortex.o(.rrx_text), (6 bytes).
    Removing stm32f1xx_hal_cortex.o(i.HAL_NVIC_ClearPendingIRQ), (26 bytes).
    Removing stm32f1xx_hal_cortex.o(i.HAL_NVIC_DisableIRQ), (34 bytes).
    Removing stm32f1xx_hal_cortex.o(i.HAL_NVIC_EnableIRQ), (26 bytes).
    Removing stm32f1xx_hal_cortex.o(i.HAL_NVIC_GetActive), (36 bytes).
    Removing stm32f1xx_hal_cortex.o(i.HAL_NVIC_GetPendingIRQ), (36 bytes).
    Removing stm32f1xx_hal_cortex.o(i.HAL_NVIC_GetPriority), (82 bytes).
    Removing stm32f1xx_hal_cortex.o(i.HAL_NVIC_GetPriorityGrouping), (16 bytes).
    Removing stm32f1xx_hal_cortex.o(i.HAL_NVIC_SetPendingIRQ), (26 bytes).
    Removing stm32f1xx_hal_cortex.o(i.HAL_NVIC_SystemReset), (36 bytes).
    Removing stm32f1xx_hal_cortex.o(i.HAL_SYSTICK_CLKSourceConfig), (24 bytes).
    Removing stm32f1xx_hal_cortex.o(i.HAL_SYSTICK_Callback), (2 bytes).
    Removing stm32f1xx_hal_cortex.o(i.HAL_SYSTICK_IRQHandler), (8 bytes).
    Removing stm32f1xx_hal_pwr.o(.rev16_text), (4 bytes).
    Removing stm32f1xx_hal_pwr.o(.revsh_text), (4 bytes).
    Removing stm32f1xx_hal_pwr.o(.rrx_text), (6 bytes).
    Removing stm32f1xx_hal_pwr.o(i.HAL_PWR_ConfigPVD), (124 bytes).
    Removing stm32f1xx_hal_pwr.o(i.HAL_PWR_DeInit), (24 bytes).
    Removing stm32f1xx_hal_pwr.o(i.HAL_PWR_DisableBkUpAccess), (12 bytes).
    Removing stm32f1xx_hal_pwr.o(i.HAL_PWR_DisablePVD), (12 bytes).
    Removing stm32f1xx_hal_pwr.o(i.HAL_PWR_DisableSEVOnPend), (16 bytes).
    Removing stm32f1xx_hal_pwr.o(i.HAL_PWR_DisableSleepOnExit), (16 bytes).
    Removing stm32f1xx_hal_pwr.o(i.HAL_PWR_DisableWakeUpPin), (28 bytes).
    Removing stm32f1xx_hal_pwr.o(i.HAL_PWR_EnableBkUpAccess), (12 bytes).
    Removing stm32f1xx_hal_pwr.o(i.HAL_PWR_EnablePVD), (12 bytes).
    Removing stm32f1xx_hal_pwr.o(i.HAL_PWR_EnableSEVOnPend), (16 bytes).
    Removing stm32f1xx_hal_pwr.o(i.HAL_PWR_EnableSleepOnExit), (16 bytes).
    Removing stm32f1xx_hal_pwr.o(i.HAL_PWR_EnableWakeUpPin), (28 bytes).
    Removing stm32f1xx_hal_pwr.o(i.HAL_PWR_EnterSLEEPMode), (32 bytes).
    Removing stm32f1xx_hal_pwr.o(i.HAL_PWR_EnterSTANDBYMode), (32 bytes).
    Removing stm32f1xx_hal_pwr.o(i.HAL_PWR_EnterSTOPMode), (68 bytes).
    Removing stm32f1xx_hal_pwr.o(i.HAL_PWR_PVDCallback), (2 bytes).
    Removing stm32f1xx_hal_pwr.o(i.HAL_PWR_PVD_IRQHandler), (28 bytes).
    Removing stm32f1xx_hal_pwr.o(i.PWR_OverloadWfe), (6 bytes).
    Removing stm32f1xx_hal_flash.o(.rev16_text), (4 bytes).
    Removing stm32f1xx_hal_flash.o(.revsh_text), (4 bytes).
    Removing stm32f1xx_hal_flash.o(.rrx_text), (6 bytes).
    Removing stm32f1xx_hal_flash.o(i.FLASH_Program_HalfWord), (28 bytes).
    Removing stm32f1xx_hal_flash.o(i.FLASH_SetErrorCode), (92 bytes).
    Removing stm32f1xx_hal_flash.o(i.FLASH_WaitForLastOperation), (84 bytes).
    Removing stm32f1xx_hal_flash.o(i.HAL_FLASH_EndOfOperationCallback), (2 bytes).
    Removing stm32f1xx_hal_flash.o(i.HAL_FLASH_GetError), (12 bytes).
    Removing stm32f1xx_hal_flash.o(i.HAL_FLASH_IRQHandler), (264 bytes).
    Removing stm32f1xx_hal_flash.o(i.HAL_FLASH_Lock), (20 bytes).
    Removing stm32f1xx_hal_flash.o(i.HAL_FLASH_OB_Launch), (4 bytes).
    Removing stm32f1xx_hal_flash.o(i.HAL_FLASH_OB_Lock), (20 bytes).
    Removing stm32f1xx_hal_flash.o(i.HAL_FLASH_OB_Unlock), (36 bytes).
    Removing stm32f1xx_hal_flash.o(i.HAL_FLASH_OperationErrorCallback), (2 bytes).
    Removing stm32f1xx_hal_flash.o(i.HAL_FLASH_Program), (128 bytes).
    Removing stm32f1xx_hal_flash.o(i.HAL_FLASH_Program_IT), (80 bytes).
    Removing stm32f1xx_hal_flash.o(i.HAL_FLASH_Unlock), (40 bytes).
    Removing stm32f1xx_hal_flash.o(.bss), (32 bytes).
    Removing stm32f1xx_hal_flash_ex.o(.rev16_text), (4 bytes).
    Removing stm32f1xx_hal_flash_ex.o(.revsh_text), (4 bytes).
    Removing stm32f1xx_hal_flash_ex.o(.rrx_text), (6 bytes).
    Removing stm32f1xx_hal_flash_ex.o(i.FLASH_MassErase), (36 bytes).
    Removing stm32f1xx_hal_flash_ex.o(i.FLASH_OB_DisableWRP), (176 bytes).
    Removing stm32f1xx_hal_flash_ex.o(i.FLASH_OB_EnableWRP), (176 bytes).
    Removing stm32f1xx_hal_flash_ex.o(i.FLASH_OB_GetRDP), (24 bytes).
    Removing stm32f1xx_hal_flash_ex.o(i.FLASH_OB_RDP_LevelConfig), (100 bytes).
    Removing stm32f1xx_hal_flash_ex.o(i.FLASH_PageErase), (36 bytes).
    Removing stm32f1xx_hal_flash_ex.o(i.HAL_FLASHEx_Erase), (168 bytes).
    Removing stm32f1xx_hal_flash_ex.o(i.HAL_FLASHEx_Erase_IT), (72 bytes).
    Removing stm32f1xx_hal_flash_ex.o(i.HAL_FLASHEx_OBErase), (84 bytes).
    Removing stm32f1xx_hal_flash_ex.o(i.HAL_FLASHEx_OBGetConfig), (36 bytes).
    Removing stm32f1xx_hal_flash_ex.o(i.HAL_FLASHEx_OBGetUserData), (32 bytes).
    Removing stm32f1xx_hal_flash_ex.o(i.HAL_FLASHEx_OBProgram), (200 bytes).
    Removing stm32f1xx_hal_exti.o(.rev16_text), (4 bytes).
    Removing stm32f1xx_hal_exti.o(.revsh_text), (4 bytes).
    Removing stm32f1xx_hal_exti.o(.rrx_text), (6 bytes).
    Removing stm32f1xx_hal_exti.o(i.HAL_EXTI_ClearConfigLine), (104 bytes).
    Removing stm32f1xx_hal_exti.o(i.HAL_EXTI_ClearPending), (20 bytes).
    Removing stm32f1xx_hal_exti.o(i.HAL_EXTI_GenerateSWI), (20 bytes).
    Removing stm32f1xx_hal_exti.o(i.HAL_EXTI_GetConfigLine), (140 bytes).
    Removing stm32f1xx_hal_exti.o(i.HAL_EXTI_GetHandle), (12 bytes).
    Removing stm32f1xx_hal_exti.o(i.HAL_EXTI_GetPending), (24 bytes).
    Removing stm32f1xx_hal_exti.o(i.HAL_EXTI_IRQHandler), (36 bytes).
    Removing stm32f1xx_hal_exti.o(i.HAL_EXTI_RegisterCallback), (14 bytes).
    Removing stm32f1xx_hal_exti.o(i.HAL_EXTI_SetConfigLine), (164 bytes).
    Removing stm32f1xx_hal_uart.o(.rev16_text), (4 bytes).
    Removing stm32f1xx_hal_uart.o(.revsh_text), (4 bytes).
    Removing stm32f1xx_hal_uart.o(.rrx_text), (6 bytes).
    Removing stm32f1xx_hal_uart.o(i.HAL_HalfDuplex_EnableReceiver), (50 bytes).
    Removing stm32f1xx_hal_uart.o(i.HAL_HalfDuplex_EnableTransmitter), (50 bytes).
    Removing stm32f1xx_hal_uart.o(i.HAL_HalfDuplex_Init), (110 bytes).
    Removing stm32f1xx_hal_uart.o(i.HAL_LIN_Init), (130 bytes).
    Removing stm32f1xx_hal_uart.o(i.HAL_LIN_SendBreak), (60 bytes).
    Removing stm32f1xx_hal_uart.o(i.HAL_MultiProcessor_EnterMuteMode), (62 bytes).
    Removing stm32f1xx_hal_uart.o(i.HAL_MultiProcessor_ExitMuteMode), (62 bytes).
    Removing stm32f1xx_hal_uart.o(i.HAL_MultiProcessor_Init), (144 bytes).
    Removing stm32f1xx_hal_uart.o(i.HAL_UARTEx_GetRxEventType), (4 bytes).
    Removing stm32f1xx_hal_uart.o(i.HAL_UARTEx_ReceiveToIdle), (240 bytes).
    Removing stm32f1xx_hal_uart.o(i.HAL_UARTEx_ReceiveToIdle_DMA), (74 bytes).
    Removing stm32f1xx_hal_uart.o(i.HAL_UARTEx_ReceiveToIdle_IT), (78 bytes).
    Removing stm32f1xx_hal_uart.o(i.HAL_UARTEx_RxEventCallback), (2 bytes).
    Removing stm32f1xx_hal_uart.o(i.HAL_UART_Abort), (210 bytes).
    Removing stm32f1xx_hal_uart.o(i.HAL_UART_AbortCpltCallback), (2 bytes).
    Removing stm32f1xx_hal_uart.o(i.HAL_UART_AbortReceive), (148 bytes).
    Removing stm32f1xx_hal_uart.o(i.HAL_UART_AbortReceiveCpltCallback), (2 bytes).
    Removing stm32f1xx_hal_uart.o(i.HAL_UART_AbortReceive_IT), (152 bytes).
    Removing stm32f1xx_hal_uart.o(i.HAL_UART_AbortTransmit), (98 bytes).
    Removing stm32f1xx_hal_uart.o(i.HAL_UART_AbortTransmitCpltCallback), (2 bytes).
    Removing stm32f1xx_hal_uart.o(i.HAL_UART_AbortTransmit_IT), (104 bytes).
    Removing stm32f1xx_hal_uart.o(i.HAL_UART_Abort_IT), (244 bytes).
    Removing stm32f1xx_hal_uart.o(i.HAL_UART_DMAPause), (120 bytes).
    Removing stm32f1xx_hal_uart.o(i.HAL_UART_DMAResume), (114 bytes).
    Removing stm32f1xx_hal_uart.o(i.HAL_UART_DMAStop), (112 bytes).
    Removing stm32f1xx_hal_uart.o(i.HAL_UART_DeInit), (54 bytes).
    Removing stm32f1xx_hal_uart.o(i.HAL_UART_ErrorCallback), (2 bytes).
    Removing stm32f1xx_hal_uart.o(i.HAL_UART_GetError), (4 bytes).
    Removing stm32f1xx_hal_uart.o(i.HAL_UART_GetState), (10 bytes).
    Removing stm32f1xx_hal_uart.o(i.HAL_UART_IRQHandler), (620 bytes).
    Removing stm32f1xx_hal_uart.o(i.HAL_UART_MspDeInit), (2 bytes).
    Removing stm32f1xx_hal_uart.o(i.HAL_UART_MspInit), (2 bytes).
    Removing stm32f1xx_hal_uart.o(i.HAL_UART_Receive), (176 bytes).
    Removing stm32f1xx_hal_uart.o(i.HAL_UART_Receive_DMA), (28 bytes).
    Removing stm32f1xx_hal_uart.o(i.HAL_UART_Receive_IT), (28 bytes).
    Removing stm32f1xx_hal_uart.o(i.HAL_UART_RxCpltCallback), (2 bytes).
    Removing stm32f1xx_hal_uart.o(i.HAL_UART_RxHalfCpltCallback), (2 bytes).
    Removing stm32f1xx_hal_uart.o(i.HAL_UART_Transmit_DMA), (120 bytes).
    Removing stm32f1xx_hal_uart.o(i.HAL_UART_Transmit_IT), (50 bytes).
    Removing stm32f1xx_hal_uart.o(i.HAL_UART_TxCpltCallback), (2 bytes).
    Removing stm32f1xx_hal_uart.o(i.HAL_UART_TxHalfCpltCallback), (2 bytes).
    Removing stm32f1xx_hal_uart.o(i.UART_DMAAbortOnError), (16 bytes).
    Removing stm32f1xx_hal_uart.o(i.UART_DMAError), (74 bytes).
    Removing stm32f1xx_hal_uart.o(i.UART_DMAReceiveCplt), (134 bytes).
    Removing stm32f1xx_hal_uart.o(i.UART_DMARxAbortCallback), (44 bytes).
    Removing stm32f1xx_hal_uart.o(i.UART_DMARxHalfCplt), (30 bytes).
    Removing stm32f1xx_hal_uart.o(i.UART_DMARxOnlyAbortCallback), (22 bytes).
    Removing stm32f1xx_hal_uart.o(i.UART_DMATransmitCplt), (66 bytes).
    Removing stm32f1xx_hal_uart.o(i.UART_DMATxAbortCallback), (44 bytes).
    Removing stm32f1xx_hal_uart.o(i.UART_DMATxHalfCplt), (10 bytes).
    Removing stm32f1xx_hal_uart.o(i.UART_DMATxOnlyAbortCallback), (20 bytes).
    Removing stm32f1xx_hal_uart.o(i.UART_EndTxTransfer), (28 bytes).
    Removing stm32f1xx_hal_uart.o(i.UART_Receive_IT), (194 bytes).
    Removing stm32f1xx_hal_uart.o(i.UART_Start_Receive_DMA), (144 bytes).
    Removing stm32f1xx_hal_uart.o(i.UART_Start_Receive_IT), (54 bytes).
    Removing system_stm32f1xx.o(.rev16_text), (4 bytes).
    Removing system_stm32f1xx.o(.revsh_text), (4 bytes).
    Removing system_stm32f1xx.o(.rrx_text), (6 bytes).
    Removing system_stm32f1xx.o(i.SystemCoreClockUpdate), (104 bytes).
    Removing dadd.o(.text), (334 bytes).
    Removing dmul.o(.text), (228 bytes).
    Removing ddiv.o(.text), (222 bytes).
    Removing dfixul.o(.text), (48 bytes).
    Removing cdrcmple.o(.text), (48 bytes).
    Removing depilogue.o(.text), (186 bytes).

418 unused section(s) (total 21622 bytes) removed from the image.

==============================================================================

Image Symbol Table

    Local Symbols

    Symbol Name                              Value     Ov Type        Size  Object(Section)

    ../Core/Src/gpio.c                       0x00000000   Number         0  gpio.o ABSOLUTE
    ../Core/Src/main.c                       0x00000000   Number         0  main.o ABSOLUTE
    ../Core/Src/spi.c                        0x00000000   Number         0  spi.o ABSOLUTE
    ../Core/Src/stm32f1xx_hal_msp.c          0x00000000   Number         0  stm32f1xx_hal_msp.o ABSOLUTE
    ../Core/Src/stm32f1xx_it.c               0x00000000   Number         0  stm32f1xx_it.o ABSOLUTE
    ../Core/Src/system_stm32f1xx.c           0x00000000   Number         0  system_stm32f1xx.o ABSOLUTE
    ../Core/Src/usart.c                      0x00000000   Number         0  usart.o ABSOLUTE
    ../Drivers/STM32F1xx_HAL_Driver/Src/stm32f1xx_hal.c 0x00000000   Number         0  stm32f1xx_hal.o ABSOLUTE
    ../Drivers/STM32F1xx_HAL_Driver/Src/stm32f1xx_hal_cortex.c 0x00000000   Number         0  stm32f1xx_hal_cortex.o ABSOLUTE
    ../Drivers/STM32F1xx_HAL_Driver/Src/stm32f1xx_hal_dma.c 0x00000000   Number         0  stm32f1xx_hal_dma.o ABSOLUTE
    ../Drivers/STM32F1xx_HAL_Driver/Src/stm32f1xx_hal_exti.c 0x00000000   Number         0  stm32f1xx_hal_exti.o ABSOLUTE
    ../Drivers/STM32F1xx_HAL_Driver/Src/stm32f1xx_hal_flash.c 0x00000000   Number         0  stm32f1xx_hal_flash.o ABSOLUTE
    ../Drivers/STM32F1xx_HAL_Driver/Src/stm32f1xx_hal_flash_ex.c 0x00000000   Number         0  stm32f1xx_hal_flash_ex.o ABSOLUTE
    ../Drivers/STM32F1xx_HAL_Driver/Src/stm32f1xx_hal_gpio.c 0x00000000   Number         0  stm32f1xx_hal_gpio.o ABSOLUTE
    ../Drivers/STM32F1xx_HAL_Driver/Src/stm32f1xx_hal_gpio_ex.c 0x00000000   Number         0  stm32f1xx_hal_gpio_ex.o ABSOLUTE
    ../Drivers/STM32F1xx_HAL_Driver/Src/stm32f1xx_hal_pwr.c 0x00000000   Number         0  stm32f1xx_hal_pwr.o ABSOLUTE
    ../Drivers/STM32F1xx_HAL_Driver/Src/stm32f1xx_hal_rcc.c 0x00000000   Number         0  stm32f1xx_hal_rcc.o ABSOLUTE
    ../Drivers/STM32F1xx_HAL_Driver/Src/stm32f1xx_hal_rcc_ex.c 0x00000000   Number         0  stm32f1xx_hal_rcc_ex.o ABSOLUTE
    ../Drivers/STM32F1xx_HAL_Driver/Src/stm32f1xx_hal_spi.c 0x00000000   Number         0  stm32f1xx_hal_spi.o ABSOLUTE
    ../Drivers/STM32F1xx_HAL_Driver/Src/stm32f1xx_hal_uart.c 0x00000000   Number         0  stm32f1xx_hal_uart.o ABSOLUTE
    ../clib/microlib/division.c              0x00000000   Number         0  uldiv.o ABSOLUTE
    ../clib/microlib/division.c              0x00000000   Number         0  uidiv.o ABSOLUTE
    ../clib/microlib/init/entry.s            0x00000000   Number         0  entry9a.o ABSOLUTE
    ../clib/microlib/init/entry.s            0x00000000   Number         0  entry2.o ABSOLUTE
    ../clib/microlib/init/entry.s            0x00000000   Number         0  entry10b.o ABSOLUTE
    ../clib/microlib/init/entry.s            0x00000000   Number         0  entry.o ABSOLUTE
    ../clib/microlib/init/entry.s            0x00000000   Number         0  entry7b.o ABSOLUTE
    ../clib/microlib/init/entry.s            0x00000000   Number         0  entry11a.o ABSOLUTE
    ../clib/microlib/init/entry.s            0x00000000   Number         0  entry10a.o ABSOLUTE
    ../clib/microlib/init/entry.s            0x00000000   Number         0  entry9b.o ABSOLUTE
    ../clib/microlib/init/entry.s            0x00000000   Number         0  entry8b.o ABSOLUTE
    ../clib/microlib/init/entry.s            0x00000000   Number         0  entry8a.o ABSOLUTE
    ../clib/microlib/init/entry.s            0x00000000   Number         0  entry7a.o ABSOLUTE
    ../clib/microlib/init/entry.s            0x00000000   Number         0  entry5.o ABSOLUTE
    ../clib/microlib/init/entry.s            0x00000000   Number         0  entry11b.o ABSOLUTE
    ../clib/microlib/longlong.c              0x00000000   Number         0  llushr.o ABSOLUTE
    ../clib/microlib/longlong.c              0x00000000   Number         0  llsshr.o ABSOLUTE
    ../clib/microlib/longlong.c              0x00000000   Number         0  llshl.o ABSOLUTE
    ../clib/microlib/malloc/malloc.c         0x00000000   Number         0  mallocra.o ABSOLUTE
    ../clib/microlib/malloc/malloc.c         0x00000000   Number         0  malloc.o ABSOLUTE
    ../clib/microlib/malloc/malloc.c         0x00000000   Number         0  mallocr.o ABSOLUTE
    ../clib/microlib/malloc/malloc.c         0x00000000   Number         0  malloca.o ABSOLUTE
    ../clib/microlib/malloc/mvars.c          0x00000000   Number         0  mvars.o ABSOLUTE
    ../clib/microlib/printf/printf.c         0x00000000   Number         0  printf1.o ABSOLUTE
    ../clib/microlib/printf/printf.c         0x00000000   Number         0  printf7.o ABSOLUTE
    ../clib/microlib/printf/printf.c         0x00000000   Number         0  printf0.o ABSOLUTE
    ../clib/microlib/printf/printf.c         0x00000000   Number         0  printf2.o ABSOLUTE
    ../clib/microlib/printf/printf.c         0x00000000   Number         0  printfb.o ABSOLUTE
    ../clib/microlib/printf/printf.c         0x00000000   Number         0  printfa.o ABSOLUTE
    ../clib/microlib/printf/printf.c         0x00000000   Number         0  printf3.o ABSOLUTE
    ../clib/microlib/printf/printf.c         0x00000000   Number         0  printf4.o ABSOLUTE
    ../clib/microlib/printf/printf.c         0x00000000   Number         0  printf5.o ABSOLUTE
    ../clib/microlib/printf/printf.c         0x00000000   Number         0  printf6.o ABSOLUTE
    ../clib/microlib/printf/printf.c         0x00000000   Number         0  printf8.o ABSOLUTE
    ../clib/microlib/printf/stubs.s          0x00000000   Number         0  stubs.o ABSOLUTE
    ../clib/microlib/stdio/fputc.c           0x00000000   Number         0  fputc.o ABSOLUTE
    ../clib/microlib/stdio/semi.s            0x00000000   Number         0  semi.o ABSOLUTE
    ../clib/microlib/stdio/streams.c         0x00000000   Number         0  stdout.o ABSOLUTE
    ../clib/microlib/string/memcpy.c         0x00000000   Number         0  memcpya.o ABSOLUTE
    ../clib/microlib/string/memcpy.c         0x00000000   Number         0  memcpyb.o ABSOLUTE
    ../clib/microlib/string/memset.c         0x00000000   Number         0  memseta.o ABSOLUTE
    ../clib/microlib/string/strlen.c         0x00000000   Number         0  strlen.o ABSOLUTE
    ../clib/microlib/stubs.s                 0x00000000   Number         0  iusefp.o ABSOLUTE
    ../clib/microlib/stubs.s                 0x00000000   Number         0  iusesemip.o ABSOLUTE
    ../fplib/microlib/fpadd.c                0x00000000   Number         0  dadd.o ABSOLUTE
    ../fplib/microlib/fpdiv.c                0x00000000   Number         0  ddiv.o ABSOLUTE
    ../fplib/microlib/fpepilogue.c           0x00000000   Number         0  depilogue.o ABSOLUTE
    ../fplib/microlib/fpfix.c                0x00000000   Number         0  dfixul.o ABSOLUTE
    ../fplib/microlib/fpmul.c                0x00000000   Number         0  dmul.o ABSOLUTE
    ..\Core\Src\LTC6811.c                    0x00000000   Number         0  ltc6811.o ABSOLUTE
    ..\Core\Src\LTC681x.c                    0x00000000   Number         0  ltc681x.o ABSOLUTE
    ..\Core\Src\LT_SPI.c                     0x00000000   Number         0  lt_spi.o ABSOLUTE
    ..\Core\Src\gpio.c                       0x00000000   Number         0  gpio.o ABSOLUTE
    ..\Core\Src\main.c                       0x00000000   Number         0  main.o ABSOLUTE
    ..\Core\Src\spi.c                        0x00000000   Number         0  spi.o ABSOLUTE
    ..\Core\Src\stm32f1xx_hal_msp.c          0x00000000   Number         0  stm32f1xx_hal_msp.o ABSOLUTE
    ..\Core\Src\stm32f1xx_it.c               0x00000000   Number         0  stm32f1xx_it.o ABSOLUTE
    ..\Core\Src\system_stm32f1xx.c           0x00000000   Number         0  system_stm32f1xx.o ABSOLUTE
    ..\Core\Src\usart.c                      0x00000000   Number         0  usart.o ABSOLUTE
    ..\Drivers\STM32F1xx_HAL_Driver\Src\stm32f1xx_hal.c 0x00000000   Number         0  stm32f1xx_hal.o ABSOLUTE
    ..\Drivers\STM32F1xx_HAL_Driver\Src\stm32f1xx_hal_cortex.c 0x00000000   Number         0  stm32f1xx_hal_cortex.o ABSOLUTE
    ..\Drivers\STM32F1xx_HAL_Driver\Src\stm32f1xx_hal_dma.c 0x00000000   Number         0  stm32f1xx_hal_dma.o ABSOLUTE
    ..\Drivers\STM32F1xx_HAL_Driver\Src\stm32f1xx_hal_exti.c 0x00000000   Number         0  stm32f1xx_hal_exti.o ABSOLUTE
    ..\Drivers\STM32F1xx_HAL_Driver\Src\stm32f1xx_hal_flash.c 0x00000000   Number         0  stm32f1xx_hal_flash.o ABSOLUTE
    ..\Drivers\STM32F1xx_HAL_Driver\Src\stm32f1xx_hal_flash_ex.c 0x00000000   Number         0  stm32f1xx_hal_flash_ex.o ABSOLUTE
    ..\Drivers\STM32F1xx_HAL_Driver\Src\stm32f1xx_hal_gpio.c 0x00000000   Number         0  stm32f1xx_hal_gpio.o ABSOLUTE
    ..\Drivers\STM32F1xx_HAL_Driver\Src\stm32f1xx_hal_gpio_ex.c 0x00000000   Number         0  stm32f1xx_hal_gpio_ex.o ABSOLUTE
    ..\Drivers\STM32F1xx_HAL_Driver\Src\stm32f1xx_hal_pwr.c 0x00000000   Number         0  stm32f1xx_hal_pwr.o ABSOLUTE
    ..\Drivers\STM32F1xx_HAL_Driver\Src\stm32f1xx_hal_rcc.c 0x00000000   Number         0  stm32f1xx_hal_rcc.o ABSOLUTE
    ..\Drivers\STM32F1xx_HAL_Driver\Src\stm32f1xx_hal_rcc_ex.c 0x00000000   Number         0  stm32f1xx_hal_rcc_ex.o ABSOLUTE
    ..\Drivers\STM32F1xx_HAL_Driver\Src\stm32f1xx_hal_spi.c 0x00000000   Number         0  stm32f1xx_hal_spi.o ABSOLUTE
    ..\Drivers\STM32F1xx_HAL_Driver\Src\stm32f1xx_hal_uart.c 0x00000000   Number         0  stm32f1xx_hal_uart.o ABSOLUTE
    ..\\Core\\Src\\LTC681x.c                 0x00000000   Number         0  ltc681x.o ABSOLUTE
    ..\\Core\\Src\\LT_SPI.c                  0x00000000   Number         0  lt_spi.o ABSOLUTE
    cdrcmple.s                               0x00000000   Number         0  cdrcmple.o ABSOLUTE
    dc.s                                     0x00000000   Number         0  dc.o ABSOLUTE
    handlers.s                               0x00000000   Number         0  handlers.o ABSOLUTE
    init.s                                   0x00000000   Number         0  init.o ABSOLUTE
    startup_stm32f103xb.s                    0x00000000   Number         0  startup_stm32f103xb.o ABSOLUTE
    RESET                                    0x08000000   Section      236  startup_stm32f103xb.o(RESET)
    .ARM.Collect$$$$00000000                 0x080000ec   Section        0  entry.o(.ARM.Collect$$$$00000000)
    .ARM.Collect$$$$00000001                 0x080000ec   Section        4  entry2.o(.ARM.Collect$$$$00000001)
    .ARM.Collect$$$$00000004                 0x080000f0   Section        4  entry5.o(.ARM.Collect$$$$00000004)
    .ARM.Collect$$$$00000008                 0x080000f4   Section        0  entry7b.o(.ARM.Collect$$$$00000008)
    .ARM.Collect$$$$0000000A                 0x080000f4   Section        0  entry8b.o(.ARM.Collect$$$$0000000A)
    .ARM.Collect$$$$0000000B                 0x080000f4   Section        8  entry9a.o(.ARM.Collect$$$$0000000B)
    .ARM.Collect$$$$0000000D                 0x080000fc   Section        0  entry10a.o(.ARM.Collect$$$$0000000D)
    .ARM.Collect$$$$0000000F                 0x080000fc   Section        0  entry11a.o(.ARM.Collect$$$$0000000F)
    .ARM.Collect$$$$00002712                 0x080000fc   Section        4  entry2.o(.ARM.Collect$$$$00002712)
    __lit__00000000                          0x080000fc   Data           4  entry2.o(.ARM.Collect$$$$00002712)
    .text                                    0x08000100   Section       36  startup_stm32f103xb.o(.text)
    .text                                    0x08000124   Section        0  llushr.o(.text)
    .text                                    0x08000144   Section        0  memseta.o(.text)
    .text                                    0x08000168   Section        0  strlen.o(.text)
    .text                                    0x08000176   Section        0  uldiv.o(.text)
    .text                                    0x080001d8   Section       36  init.o(.text)
    .text                                    0x080001fc   Section        0  llshl.o(.text)
    i.BusFault_Handler                       0x0800021a   Section        0  stm32f1xx_it.o(i.BusFault_Handler)
    i.DebugMon_Handler                       0x0800021c   Section        0  stm32f1xx_it.o(i.DebugMon_Handler)
    i.Error_Handler                          0x0800021e   Section        0  main.o(i.Error_Handler)
    i.HAL_Delay                              0x08000224   Section        0  stm32f1xx_hal.o(i.HAL_Delay)
    i.HAL_GPIO_Init                          0x08000248   Section        0  stm32f1xx_hal_gpio.o(i.HAL_GPIO_Init)
    i.HAL_GPIO_TogglePin                     0x08000428   Section        0  stm32f1xx_hal_gpio.o(i.HAL_GPIO_TogglePin)
    i.HAL_GPIO_WritePin                      0x08000438   Section        0  stm32f1xx_hal_gpio.o(i.HAL_GPIO_WritePin)
    i.HAL_GetTick                            0x08000444   Section        0  stm32f1xx_hal.o(i.HAL_GetTick)
    i.HAL_IncTick                            0x08000450   Section        0  stm32f1xx_hal.o(i.HAL_IncTick)
    i.HAL_Init                               0x08000460   Section        0  stm32f1xx_hal.o(i.HAL_Init)
    i.HAL_InitTick                           0x08000484   Section        0  stm32f1xx_hal.o(i.HAL_InitTick)
    i.HAL_MspInit                            0x080004c4   Section        0  stm32f1xx_hal_msp.o(i.HAL_MspInit)
    i.HAL_NVIC_SetPriority                   0x08000500   Section        0  stm32f1xx_hal_cortex.o(i.HAL_NVIC_SetPriority)
    i.HAL_NVIC_SetPriorityGrouping           0x08000540   Section        0  stm32f1xx_hal_cortex.o(i.HAL_NVIC_SetPriorityGrouping)
    i.HAL_RCC_ClockConfig                    0x08000564   Section        0  stm32f1xx_hal_rcc.o(i.HAL_RCC_ClockConfig)
    i.HAL_RCC_GetPCLK1Freq                   0x08000690   Section        0  stm32f1xx_hal_rcc.o(i.HAL_RCC_GetPCLK1Freq)
    i.HAL_RCC_GetPCLK2Freq                   0x080006b0   Section        0  stm32f1xx_hal_rcc.o(i.HAL_RCC_GetPCLK2Freq)
    i.HAL_RCC_GetSysClockFreq                0x080006d0   Section        0  stm32f1xx_hal_rcc.o(i.HAL_RCC_GetSysClockFreq)
    i.HAL_RCC_OscConfig                      0x0800071c   Section        0  stm32f1xx_hal_rcc.o(i.HAL_RCC_OscConfig)
    i.HAL_SPI_Init                           0x08000a3c   Section        0  stm32f1xx_hal_spi.o(i.HAL_SPI_Init)
    i.HAL_SPI_MspInit                        0x08000af0   Section        0  spi.o(i.HAL_SPI_MspInit)
    i.HAL_SPI_TransmitReceive                0x08000ba8   Section        0  stm32f1xx_hal_spi.o(i.HAL_SPI_TransmitReceive)
    i.HAL_SYSTICK_Config                     0x08000d98   Section        0  stm32f1xx_hal_cortex.o(i.HAL_SYSTICK_Config)
    i.HAL_UART_Init                          0x08000dc0   Section        0  stm32f1xx_hal_uart.o(i.HAL_UART_Init)
    i.HAL_UART_MspInit                       0x08000e24   Section        0  usart.o(i.HAL_UART_MspInit)
    i.HAL_UART_Transmit                      0x08000e94   Section        0  stm32f1xx_hal_uart.o(i.HAL_UART_Transmit)
    i.HardFault_Handler                      0x08000f34   Section        0  stm32f1xx_it.o(i.HardFault_Handler)
    i.LTC6811_Initialize                     0x08000f38   Section        0  lt_spi.o(i.LTC6811_Initialize)
    i.LTC6811_init                           0x08000f70   Section        0  main.o(i.LTC6811_init)
    i.LTC6811_init_cfg                       0x08000fd0   Section        0  ltc6811.o(i.LTC6811_init_cfg)
    i.LTC6811_init_reg_limits                0x08000fd4   Section        0  ltc6811.o(i.LTC6811_init_reg_limits)
    i.LTC6811_rdcfg                          0x0800100a   Section        0  ltc6811.o(i.LTC6811_rdcfg)
    i.LTC6811_reset_crc_count                0x0800100e   Section        0  ltc6811.o(i.LTC6811_reset_crc_count)
    i.LTC6811_set_cfgr                       0x08001012   Section        0  ltc6811.o(i.LTC6811_set_cfgr)
    i.LTC6811_wrcfg                          0x08001046   Section        0  ltc6811.o(i.LTC6811_wrcfg)
    i.LTC681x_check_pec                      0x0800104c   Section        0  ltc681x.o(i.LTC681x_check_pec)
    i.LTC681x_init_cfg                       0x08001170   Section        0  ltc681x.o(i.LTC681x_init_cfg)
    i.LTC681x_rdcfg                          0x080011dc   Section        0  ltc681x.o(i.LTC681x_rdcfg)
    i.LTC681x_reset_crc_count                0x08001268   Section        0  ltc681x.o(i.LTC681x_reset_crc_count)
    i.LTC681x_set_cfgr                       0x080012ba   Section        0  ltc681x.o(i.LTC681x_set_cfgr)
    i.LTC681x_set_cfgr_adcopt                0x080012ea   Section        0  ltc681x.o(i.LTC681x_set_cfgr_adcopt)
    i.LTC681x_set_cfgr_dis                   0x08001304   Section        0  ltc681x.o(i.LTC681x_set_cfgr_dis)
    i.LTC681x_set_cfgr_gpio                  0x0800134c   Section        0  ltc681x.o(i.LTC681x_set_cfgr_gpio)
    i.LTC681x_set_cfgr_refon                 0x0800137a   Section        0  ltc681x.o(i.LTC681x_set_cfgr_refon)
    i.LTC681x_wrcfg                          0x08001394   Section        0  ltc681x.o(i.LTC681x_wrcfg)
    i.MX_GPIO_Init                           0x080013ec   Section        0  gpio.o(i.MX_GPIO_Init)
    i.MX_USART1_UART_Init                    0x08001494   Section        0  usart.o(i.MX_USART1_UART_Init)
    i.MemManage_Handler                      0x080014cc   Section        0  stm32f1xx_it.o(i.MemManage_Handler)
    i.NMI_Handler                            0x080014ce   Section        0  stm32f1xx_it.o(i.NMI_Handler)
    i.PendSV_Handler                         0x080014d0   Section        0  stm32f1xx_it.o(i.PendSV_Handler)
    i.SPI_EndRxTxTransaction                 0x080014d2   Section        0  stm32f1xx_hal_spi.o(i.SPI_EndRxTxTransaction)
    SPI_EndRxTxTransaction                   0x080014d3   Thumb Code    52  stm32f1xx_hal_spi.o(i.SPI_EndRxTxTransaction)
    i.SPI_WaitFlagStateUntilTimeout          0x08001508   Section        0  stm32f1xx_hal_spi.o(i.SPI_WaitFlagStateUntilTimeout)
    SPI_WaitFlagStateUntilTimeout            0x08001509   Thumb Code   180  stm32f1xx_hal_spi.o(i.SPI_WaitFlagStateUntilTimeout)
    i.SVC_Handler                            0x080015c0   Section        0  stm32f1xx_it.o(i.SVC_Handler)
    i.SysTick_Handler                        0x080015c2   Section        0  stm32f1xx_it.o(i.SysTick_Handler)
    i.SystemClock_Config                     0x080015c6   Section        0  main.o(i.SystemClock_Config)
    i.SystemInit                             0x08001624   Section        0  system_stm32f1xx.o(i.SystemInit)
    i.UART_EndRxTransfer                     0x08001626   Section        0  stm32f1xx_hal_uart.o(i.UART_EndRxTransfer)
    UART_EndRxTransfer                       0x08001627   Thumb Code    78  stm32f1xx_hal_uart.o(i.UART_EndRxTransfer)
    i.UART_SetConfig                         0x08001674   Section        0  stm32f1xx_hal_uart.o(i.UART_SetConfig)
    UART_SetConfig                           0x08001675   Thumb Code   178  stm32f1xx_hal_uart.o(i.UART_SetConfig)
    i.UART_WaitOnFlagUntilTimeout            0x0800172c   Section        0  stm32f1xx_hal_uart.o(i.UART_WaitOnFlagUntilTimeout)
    UART_WaitOnFlagUntilTimeout              0x0800172d   Thumb Code   114  stm32f1xx_hal_uart.o(i.UART_WaitOnFlagUntilTimeout)
    i.UsageFault_Handler                     0x0800179e   Section        0  stm32f1xx_it.o(i.UsageFault_Handler)
    i.__0sprintf$8                           0x080017a0   Section        0  printf8.o(i.__0sprintf$8)
    i.__NVIC_SetPriority                     0x080017c8   Section        0  stm32f1xx_hal_cortex.o(i.__NVIC_SetPriority)
    __NVIC_SetPriority                       0x080017c9   Thumb Code    32  stm32f1xx_hal_cortex.o(i.__NVIC_SetPriority)
    i.__scatterload_copy                     0x080017e8   Section       14  handlers.o(i.__scatterload_copy)
    i.__scatterload_null                     0x080017f6   Section        2  handlers.o(i.__scatterload_null)
    i.__scatterload_zeroinit                 0x080017f8   Section       14  handlers.o(i.__scatterload_zeroinit)
    i._printf_core                           0x08001808   Section        0  printf8.o(i._printf_core)
    _printf_core                             0x08001809   Thumb Code   996  printf8.o(i._printf_core)
    i._printf_post_padding                   0x08001c18   Section        0  printf8.o(i._printf_post_padding)
    _printf_post_padding                     0x08001c19   Thumb Code    36  printf8.o(i._printf_post_padding)
    i._printf_pre_padding                    0x08001c3c   Section        0  printf8.o(i._printf_pre_padding)
    _printf_pre_padding                      0x08001c3d   Thumb Code    46  printf8.o(i._printf_pre_padding)
    i._sputc                                 0x08001c6a   Section        0  printf8.o(i._sputc)
    _sputc                                   0x08001c6b   Thumb Code    10  printf8.o(i._sputc)
    i.cs_high                                0x08001c74   Section        0  lt_spi.o(i.cs_high)
    i.cs_low                                 0x08001c84   Section        0  lt_spi.o(i.cs_low)
    i.free                                   0x08001c94   Section        0  malloc.o(i.free)
    i.main                                   0x08001ce4   Section        0  main.o(i.main)
    i.malloc                                 0x08001da8   Section        0  malloc.o(i.malloc)
    i.pec15_calc                             0x08001e14   Section        0  ltc681x.o(i.pec15_calc)
    i.read_68                                0x08001e48   Section        0  ltc681x.o(i.read_68)
    i.spi_read_byte                          0x08001ed0   Section        0  lt_spi.o(i.spi_read_byte)
    i.spi_write_array                        0x08001ef4   Section        0  lt_spi.o(i.spi_write_array)
    i.spi_write_read                         0x08001f20   Section        0  lt_spi.o(i.spi_write_read)
    i.wakeup_idle                            0x08001f70   Section        0  ltc681x.o(i.wakeup_idle)
    i.wakeup_sleep                           0x08001f94   Section        0  ltc681x.o(i.wakeup_sleep)
    i.write_68                               0x08001fb2   Section        0  ltc681x.o(i.write_68)
    .constdata                               0x08002048   Section      518  ltc681x.o(.constdata)
    .constdata                               0x0800224e   Section       18  stm32f1xx_hal_rcc.o(.constdata)
    aPredivFactorTable                       0x0800224e   Data           2  stm32f1xx_hal_rcc.o(.constdata)
    aPLLMULFactorTable                       0x08002250   Data          16  stm32f1xx_hal_rcc.o(.constdata)
    .constdata                               0x08002260   Section       16  system_stm32f1xx.o(.constdata)
    .constdata                               0x08002270   Section        8  system_stm32f1xx.o(.constdata)
    .data                                    0x20000000   Section        8  main.o(.data)
    .data                                    0x20000008   Section       12  stm32f1xx_hal.o(.data)
    .data                                    0x20000014   Section        4  system_stm32f1xx.o(.data)
    .data                                    0x20000018   Section        4  mvars.o(.data)
    .data                                    0x2000001c   Section        4  mvars.o(.data)
    .bss                                     0x20000020   Section       88  lt_spi.o(.bss)
    .bss                                     0x20000078   Section      236  main.o(.bss)
    .bss                                     0x20000164   Section       72  usart.o(.bss)
    HEAP                                     0x200001b0   Section      512  startup_stm32f103xb.o(HEAP)
    STACK                                    0x200003b0   Section     1024  startup_stm32f103xb.o(STACK)

    Global Symbols

    Symbol Name                              Value     Ov Type        Size  Object(Section)

    BuildAttributes$$THM_ISAv4$P$D$K$B$S$PE$A:L22UL41UL21$X:L11$S22US41US21$IEEE1$IW$USESV6$~STKCKD$USESV7$~SHL$OSPACE$ROPI$EBA8$MICROLIB$REQ8$PRES8$EABIv2 0x00000000   Number         0  anon$$obj.o ABSOLUTE
    __ARM_use_no_argv                        0x00000000   Number         0  main.o ABSOLUTE
    _printf_a                                0x00000000   Number         0  stubs.o ABSOLUTE
    _printf_c                                0x00000000   Number         0  stubs.o ABSOLUTE
    _printf_charcount                        0x00000000   Number         0  stubs.o ABSOLUTE
    _printf_d                                0x00000000   Number         0  stubs.o ABSOLUTE
    _printf_e                                0x00000000   Number         0  stubs.o ABSOLUTE
    _printf_f                                0x00000000   Number         0  stubs.o ABSOLUTE
    _printf_flags                            0x00000000   Number         0  stubs.o ABSOLUTE
    _printf_fp_dec                           0x00000000   Number         0  stubs.o ABSOLUTE
    _printf_fp_hex                           0x00000000   Number         0  stubs.o ABSOLUTE
    _printf_g                                0x00000000   Number         0  stubs.o ABSOLUTE
    _printf_i                                0x00000000   Number         0  stubs.o ABSOLUTE
    _printf_int_dec                          0x00000000   Number         0  stubs.o ABSOLUTE
    _printf_l                                0x00000000   Number         0  stubs.o ABSOLUTE
    _printf_lc                               0x00000000   Number         0  stubs.o ABSOLUTE
    _printf_ll                               0x00000000   Number         0  stubs.o ABSOLUTE
    _printf_lld                              0x00000000   Number         0  stubs.o ABSOLUTE
    _printf_lli                              0x00000000   Number         0  stubs.o ABSOLUTE
    _printf_llo                              0x00000000   Number         0  stubs.o ABSOLUTE
    _printf_llu                              0x00000000   Number         0  stubs.o ABSOLUTE
    _printf_llx                              0x00000000   Number         0  stubs.o ABSOLUTE
    _printf_longlong_dec                     0x00000000   Number         0  stubs.o ABSOLUTE
    _printf_longlong_hex                     0x00000000   Number         0  stubs.o ABSOLUTE
    _printf_longlong_oct                     0x00000000   Number         0  stubs.o ABSOLUTE
    _printf_ls                               0x00000000   Number         0  stubs.o ABSOLUTE
    _printf_mbtowc                           0x00000000   Number         0  stubs.o ABSOLUTE
    _printf_n                                0x00000000   Number         0  stubs.o ABSOLUTE
    _printf_o                                0x00000000   Number         0  stubs.o ABSOLUTE
    _printf_p                                0x00000000   Number         0  stubs.o ABSOLUTE
    _printf_percent                          0x00000000   Number         0  stubs.o ABSOLUTE
    _printf_pre_padding                      0x00000000   Number         0  stubs.o ABSOLUTE
    _printf_return_value                     0x00000000   Number         0  stubs.o ABSOLUTE
    _printf_s                                0x00000000   Number         0  stubs.o ABSOLUTE
    _printf_sizespec                         0x00000000   Number         0  stubs.o ABSOLUTE
    _printf_str                              0x00000000   Number         0  stubs.o ABSOLUTE
    _printf_truncate_signed                  0x00000000   Number         0  stubs.o ABSOLUTE
    _printf_truncate_unsigned                0x00000000   Number         0  stubs.o ABSOLUTE
    _printf_u                                0x00000000   Number         0  stubs.o ABSOLUTE
    _printf_wc                               0x00000000   Number         0  stubs.o ABSOLUTE
    _printf_wctomb                           0x00000000   Number         0  stubs.o ABSOLUTE
    _printf_widthprec                        0x00000000   Number         0  stubs.o ABSOLUTE
    _printf_x                                0x00000000   Number         0  stubs.o ABSOLUTE
    __cpp_initialize__aeabi_                  - Undefined Weak Reference
    __cxa_finalize                            - Undefined Weak Reference
    __decompress                              - Undefined Weak Reference
    _clock_init                               - Undefined Weak Reference
    _microlib_exit                            - Undefined Weak Reference
    __Vectors_Size                           0x000000ec   Number         0  startup_stm32f103xb.o ABSOLUTE
    __Vectors                                0x08000000   Data           4  startup_stm32f103xb.o(RESET)
    __Vectors_End                            0x080000ec   Data           0  startup_stm32f103xb.o(RESET)
    __main                                   0x080000ed   Thumb Code     0  entry.o(.ARM.Collect$$$$00000000)
    _main_stk                                0x080000ed   Thumb Code     0  entry2.o(.ARM.Collect$$$$00000001)
    _main_scatterload                        0x080000f1   Thumb Code     0  entry5.o(.ARM.Collect$$$$00000004)
    __main_after_scatterload                 0x080000f5   Thumb Code     0  entry5.o(.ARM.Collect$$$$00000004)
    _main_clock                              0x080000f5   Thumb Code     0  entry7b.o(.ARM.Collect$$$$00000008)
    _main_cpp_init                           0x080000f5   Thumb Code     0  entry8b.o(.ARM.Collect$$$$0000000A)
    _main_init                               0x080000f5   Thumb Code     0  entry9a.o(.ARM.Collect$$$$0000000B)
    __rt_final_cpp                           0x080000fd   Thumb Code     0  entry10a.o(.ARM.Collect$$$$0000000D)
    __rt_final_exit                          0x080000fd   Thumb Code     0  entry11a.o(.ARM.Collect$$$$0000000F)
    Reset_Handler                            0x08000101   Thumb Code     8  startup_stm32f103xb.o(.text)
    ADC1_2_IRQHandler                        0x0800011b   Thumb Code     0  startup_stm32f103xb.o(.text)
    CAN1_RX1_IRQHandler                      0x0800011b   Thumb Code     0  startup_stm32f103xb.o(.text)
    CAN1_SCE_IRQHandler                      0x0800011b   Thumb Code     0  startup_stm32f103xb.o(.text)
    DMA1_Channel1_IRQHandler                 0x0800011b   Thumb Code     0  startup_stm32f103xb.o(.text)
    DMA1_Channel2_IRQHandler                 0x0800011b   Thumb Code     0  startup_stm32f103xb.o(.text)
    DMA1_Channel3_IRQHandler                 0x0800011b   Thumb Code     0  startup_stm32f103xb.o(.text)
    DMA1_Channel4_IRQHandler                 0x0800011b   Thumb Code     0  startup_stm32f103xb.o(.text)
    DMA1_Channel5_IRQHandler                 0x0800011b   Thumb Code     0  startup_stm32f103xb.o(.text)
    DMA1_Channel6_IRQHandler                 0x0800011b   Thumb Code     0  startup_stm32f103xb.o(.text)
    DMA1_Channel7_IRQHandler                 0x0800011b   Thumb Code     0  startup_stm32f103xb.o(.text)
    EXTI0_IRQHandler                         0x0800011b   Thumb Code     0  startup_stm32f103xb.o(.text)
    EXTI15_10_IRQHandler                     0x0800011b   Thumb Code     0  startup_stm32f103xb.o(.text)
    EXTI1_IRQHandler                         0x0800011b   Thumb Code     0  startup_stm32f103xb.o(.text)
    EXTI2_IRQHandler                         0x0800011b   Thumb Code     0  startup_stm32f103xb.o(.text)
    EXTI3_IRQHandler                         0x0800011b   Thumb Code     0  startup_stm32f103xb.o(.text)
    EXTI4_IRQHandler                         0x0800011b   Thumb Code     0  startup_stm32f103xb.o(.text)
    EXTI9_5_IRQHandler                       0x0800011b   Thumb Code     0  startup_stm32f103xb.o(.text)
    FLASH_IRQHandler                         0x0800011b   Thumb Code     0  startup_stm32f103xb.o(.text)
    I2C1_ER_IRQHandler                       0x0800011b   Thumb Code     0  startup_stm32f103xb.o(.text)
    I2C1_EV_IRQHandler                       0x0800011b   Thumb Code     0  startup_stm32f103xb.o(.text)
    I2C2_ER_IRQHandler                       0x0800011b   Thumb Code     0  startup_stm32f103xb.o(.text)
    I2C2_EV_IRQHandler                       0x0800011b   Thumb Code     0  startup_stm32f103xb.o(.text)
    PVD_IRQHandler                           0x0800011b   Thumb Code     0  startup_stm32f103xb.o(.text)
    RCC_IRQHandler                           0x0800011b   Thumb Code     0  startup_stm32f103xb.o(.text)
    RTC_Alarm_IRQHandler                     0x0800011b   Thumb Code     0  startup_stm32f103xb.o(.text)
    RTC_IRQHandler                           0x0800011b   Thumb Code     0  startup_stm32f103xb.o(.text)
    SPI1_IRQHandler                          0x0800011b   Thumb Code     0  startup_stm32f103xb.o(.text)
    SPI2_IRQHandler                          0x0800011b   Thumb Code     0  startup_stm32f103xb.o(.text)
    TAMPER_IRQHandler                        0x0800011b   Thumb Code     0  startup_stm32f103xb.o(.text)
    TIM1_BRK_IRQHandler                      0x0800011b   Thumb Code     0  startup_stm32f103xb.o(.text)
    TIM1_CC_IRQHandler                       0x0800011b   Thumb Code     0  startup_stm32f103xb.o(.text)
    TIM1_TRG_COM_IRQHandler                  0x0800011b   Thumb Code     0  startup_stm32f103xb.o(.text)
    TIM1_UP_IRQHandler                       0x0800011b   Thumb Code     0  startup_stm32f103xb.o(.text)
    TIM2_IRQHandler                          0x0800011b   Thumb Code     0  startup_stm32f103xb.o(.text)
    TIM3_IRQHandler                          0x0800011b   Thumb Code     0  startup_stm32f103xb.o(.text)
    TIM4_IRQHandler                          0x0800011b   Thumb Code     0  startup_stm32f103xb.o(.text)
    USART1_IRQHandler                        0x0800011b   Thumb Code     0  startup_stm32f103xb.o(.text)
    USART2_IRQHandler                        0x0800011b   Thumb Code     0  startup_stm32f103xb.o(.text)
    USART3_IRQHandler                        0x0800011b   Thumb Code     0  startup_stm32f103xb.o(.text)
    USBWakeUp_IRQHandler                     0x0800011b   Thumb Code     0  startup_stm32f103xb.o(.text)
    USB_HP_CAN1_TX_IRQHandler                0x0800011b   Thumb Code     0  startup_stm32f103xb.o(.text)
    USB_LP_CAN1_RX0_IRQHandler               0x0800011b   Thumb Code     0  startup_stm32f103xb.o(.text)
    WWDG_IRQHandler                          0x0800011b   Thumb Code     0  startup_stm32f103xb.o(.text)
    __aeabi_llsr                             0x08000125   Thumb Code    32  llushr.o(.text)
    _ll_ushift_r                             0x08000125   Thumb Code     0  llushr.o(.text)
    __aeabi_memset                           0x08000145   Thumb Code    14  memseta.o(.text)
    __aeabi_memset4                          0x08000145   Thumb Code     0  memseta.o(.text)
    __aeabi_memset8                          0x08000145   Thumb Code     0  memseta.o(.text)
    __aeabi_memclr                           0x08000153   Thumb Code     4  memseta.o(.text)
    __aeabi_memclr4                          0x08000153   Thumb Code     0  memseta.o(.text)
    __aeabi_memclr8                          0x08000153   Thumb Code     0  memseta.o(.text)
    _memset$wrapper                          0x08000157   Thumb Code    18  memseta.o(.text)
    strlen                                   0x08000169   Thumb Code    14  strlen.o(.text)
    __aeabi_uldivmod                         0x08000177   Thumb Code    98  uldiv.o(.text)
    __scatterload                            0x080001d9   Thumb Code    28  init.o(.text)
    __scatterload_rt2                        0x080001d9   Thumb Code     0  init.o(.text)
    __aeabi_llsl                             0x080001fd   Thumb Code    30  llshl.o(.text)
    _ll_shift_l                              0x080001fd   Thumb Code     0  llshl.o(.text)
    BusFault_Handler                         0x0800021b   Thumb Code     2  stm32f1xx_it.o(i.BusFault_Handler)
    DebugMon_Handler                         0x0800021d   Thumb Code     2  stm32f1xx_it.o(i.DebugMon_Handler)
    Error_Handler                            0x0800021f   Thumb Code     4  main.o(i.Error_Handler)
    HAL_Delay                                0x08000225   Thumb Code    32  stm32f1xx_hal.o(i.HAL_Delay)
    HAL_GPIO_Init                            0x08000249   Thumb Code   446  stm32f1xx_hal_gpio.o(i.HAL_GPIO_Init)
    HAL_GPIO_TogglePin                       0x08000429   Thumb Code    16  stm32f1xx_hal_gpio.o(i.HAL_GPIO_TogglePin)
    HAL_GPIO_WritePin                        0x08000439   Thumb Code    10  stm32f1xx_hal_gpio.o(i.HAL_GPIO_WritePin)
    HAL_GetTick                              0x08000445   Thumb Code     6  stm32f1xx_hal.o(i.HAL_GetTick)
    HAL_IncTick                              0x08000451   Thumb Code    12  stm32f1xx_hal.o(i.HAL_IncTick)
    HAL_Init                                 0x08000461   Thumb Code    32  stm32f1xx_hal.o(i.HAL_Init)
    HAL_InitTick                             0x08000485   Thumb Code    54  stm32f1xx_hal.o(i.HAL_InitTick)
    HAL_MspInit                              0x080004c5   Thumb Code    52  stm32f1xx_hal_msp.o(i.HAL_MspInit)
    HAL_NVIC_SetPriority                     0x08000501   Thumb Code    60  stm32f1xx_hal_cortex.o(i.HAL_NVIC_SetPriority)
    HAL_NVIC_SetPriorityGrouping             0x08000541   Thumb Code    26  stm32f1xx_hal_cortex.o(i.HAL_NVIC_SetPriorityGrouping)
    HAL_RCC_ClockConfig                      0x08000565   Thumb Code   280  stm32f1xx_hal_rcc.o(i.HAL_RCC_ClockConfig)
    HAL_RCC_GetPCLK1Freq                     0x08000691   Thumb Code    20  stm32f1xx_hal_rcc.o(i.HAL_RCC_GetPCLK1Freq)
    HAL_RCC_GetPCLK2Freq                     0x080006b1   Thumb Code    20  stm32f1xx_hal_rcc.o(i.HAL_RCC_GetPCLK2Freq)
    HAL_RCC_GetSysClockFreq                  0x080006d1   Thumb Code    58  stm32f1xx_hal_rcc.o(i.HAL_RCC_GetSysClockFreq)
    HAL_RCC_OscConfig                        0x0800071d   Thumb Code   778  stm32f1xx_hal_rcc.o(i.HAL_RCC_OscConfig)
    HAL_SPI_Init                             0x08000a3d   Thumb Code   178  stm32f1xx_hal_spi.o(i.HAL_SPI_Init)
    HAL_SPI_MspInit                          0x08000af1   Thumb Code   162  spi.o(i.HAL_SPI_MspInit)
    HAL_SPI_TransmitReceive                  0x08000ba9   Thumb Code   496  stm32f1xx_hal_spi.o(i.HAL_SPI_TransmitReceive)
    HAL_SYSTICK_Config                       0x08000d99   Thumb Code    40  stm32f1xx_hal_cortex.o(i.HAL_SYSTICK_Config)
    HAL_UART_Init                            0x08000dc1   Thumb Code   100  stm32f1xx_hal_uart.o(i.HAL_UART_Init)
    HAL_UART_MspInit                         0x08000e25   Thumb Code   100  usart.o(i.HAL_UART_MspInit)
    HAL_UART_Transmit                        0x08000e95   Thumb Code   160  stm32f1xx_hal_uart.o(i.HAL_UART_Transmit)
    HardFault_Handler                        0x08000f35   Thumb Code     2  stm32f1xx_it.o(i.HardFault_Handler)
    LTC6811_Initialize                       0x08000f39   Thumb Code    48  lt_spi.o(i.LTC6811_Initialize)
    LTC6811_init                             0x08000f71   Thumb Code    86  main.o(i.LTC6811_init)
    LTC6811_init_cfg                         0x08000fd1   Thumb Code     4  ltc6811.o(i.LTC6811_init_cfg)
    LTC6811_init_reg_limits                  0x08000fd5   Thumb Code    54  ltc6811.o(i.LTC6811_init_reg_limits)
    LTC6811_rdcfg                            0x0800100b   Thumb Code     4  ltc6811.o(i.LTC6811_rdcfg)
    LTC6811_reset_crc_count                  0x0800100f   Thumb Code     4  ltc6811.o(i.LTC6811_reset_crc_count)
    LTC6811_set_cfgr                         0x08001013   Thumb Code    52  ltc6811.o(i.LTC6811_set_cfgr)
    LTC6811_wrcfg                            0x08001047   Thumb Code     4  ltc6811.o(i.LTC6811_wrcfg)
    LTC681x_check_pec                        0x0800104d   Thumb Code   290  ltc681x.o(i.LTC681x_check_pec)
    LTC681x_init_cfg                         0x08001171   Thumb Code   104  ltc681x.o(i.LTC681x_init_cfg)
    LTC681x_rdcfg                            0x080011dd   Thumb Code   134  ltc681x.o(i.LTC681x_rdcfg)
    LTC681x_reset_crc_count                  0x08001269   Thumb Code    82  ltc681x.o(i.LTC681x_reset_crc_count)
    LTC681x_set_cfgr                         0x080012bb   Thumb Code    48  ltc681x.o(i.LTC681x_set_cfgr)
    LTC681x_set_cfgr_adcopt                  0x080012eb   Thumb Code    26  ltc681x.o(i.LTC681x_set_cfgr_adcopt)
    LTC681x_set_cfgr_dis                     0x08001305   Thumb Code    72  ltc681x.o(i.LTC681x_set_cfgr_dis)
    LTC681x_set_cfgr_gpio                    0x0800134d   Thumb Code    46  ltc681x.o(i.LTC681x_set_cfgr_gpio)
    LTC681x_set_cfgr_refon                   0x0800137b   Thumb Code    26  ltc681x.o(i.LTC681x_set_cfgr_refon)
    LTC681x_wrcfg                            0x08001395   Thumb Code    84  ltc681x.o(i.LTC681x_wrcfg)
    MX_GPIO_Init                             0x080013ed   Thumb Code   156  gpio.o(i.MX_GPIO_Init)
    MX_USART1_UART_Init                      0x08001495   Thumb Code    48  usart.o(i.MX_USART1_UART_Init)
    MemManage_Handler                        0x080014cd   Thumb Code     2  stm32f1xx_it.o(i.MemManage_Handler)
    NMI_Handler                              0x080014cf   Thumb Code     2  stm32f1xx_it.o(i.NMI_Handler)
    PendSV_Handler                           0x080014d1   Thumb Code     2  stm32f1xx_it.o(i.PendSV_Handler)
    SVC_Handler                              0x080015c1   Thumb Code     2  stm32f1xx_it.o(i.SVC_Handler)
    SysTick_Handler                          0x080015c3   Thumb Code     4  stm32f1xx_it.o(i.SysTick_Handler)
    SystemClock_Config                       0x080015c7   Thumb Code    94  main.o(i.SystemClock_Config)
    SystemInit                               0x08001625   Thumb Code     2  system_stm32f1xx.o(i.SystemInit)
    UsageFault_Handler                       0x0800179f   Thumb Code     2  stm32f1xx_it.o(i.UsageFault_Handler)
    __0sprintf$8                             0x080017a1   Thumb Code    34  printf8.o(i.__0sprintf$8)
    __1sprintf$8                             0x080017a1   Thumb Code     0  printf8.o(i.__0sprintf$8)
    __2sprintf                               0x080017a1   Thumb Code     0  printf8.o(i.__0sprintf$8)
    __scatterload_copy                       0x080017e9   Thumb Code    14  handlers.o(i.__scatterload_copy)
    __scatterload_null                       0x080017f7   Thumb Code     2  handlers.o(i.__scatterload_null)
    __scatterload_zeroinit                   0x080017f9   Thumb Code    14  handlers.o(i.__scatterload_zeroinit)
    cs_high                                  0x08001c75   Thumb Code    10  lt_spi.o(i.cs_high)
    cs_low                                   0x08001c85   Thumb Code    10  lt_spi.o(i.cs_low)
    free                                     0x08001c95   Thumb Code    76  malloc.o(i.free)
    main                                     0x08001ce5   Thumb Code   138  main.o(i.main)
    malloc                                   0x08001da9   Thumb Code    92  malloc.o(i.malloc)
    pec15_calc                               0x08001e15   Thumb Code    46  ltc681x.o(i.pec15_calc)
    read_68                                  0x08001e49   Thumb Code   136  ltc681x.o(i.read_68)
    spi_read_byte                            0x08001ed1   Thumb Code    32  lt_spi.o(i.spi_read_byte)
    spi_write_array                          0x08001ef5   Thumb Code    40  lt_spi.o(i.spi_write_array)
    spi_write_read                           0x08001f21   Thumb Code    76  lt_spi.o(i.spi_write_read)
    wakeup_idle                              0x08001f71   Thumb Code    36  ltc681x.o(i.wakeup_idle)
    wakeup_sleep                             0x08001f95   Thumb Code    30  ltc681x.o(i.wakeup_sleep)
    write_68                                 0x08001fb3   Thumb Code   148  ltc681x.o(i.write_68)
    crc15Table                               0x0800204e   Data         512  ltc681x.o(.constdata)
    AHBPrescTable                            0x08002260   Data          16  system_stm32f1xx.o(.constdata)
    APBPrescTable                            0x08002270   Data           8  system_stm32f1xx.o(.constdata)
    Region$$Table$$Base                      0x08002278   Number         0  anon$$obj.o(Region$$Table)
    Region$$Table$$Limit                     0x08002298   Number         0  anon$$obj.o(Region$$Table)
    REFON                                    0x20000000   Data           1  main.o(.data)
    ADCOPT                                   0x20000001   Data           1  main.o(.data)
    cfgError                                 0x20000002   Data           1  main.o(.data)
    gpioBits_a                               0x20000003   Data           5  main.o(.data)
    uwTickFreq                               0x20000008   Data           1  stm32f1xx_hal.o(.data)
    uwTickPrio                               0x2000000c   Data           4  stm32f1xx_hal.o(.data)
    uwTick                                   0x20000010   Data           4  stm32f1xx_hal.o(.data)
    SystemCoreClock                          0x20000014   Data           4  system_stm32f1xx.o(.data)
    __microlib_freelist                      0x20000018   Data           4  mvars.o(.data)
    __microlib_freelist_initialised          0x2000001c   Data           4  mvars.o(.data)
    hspi1                                    0x20000020   Data          88  lt_spi.o(.bss)
    dccBits_a                                0x20000078   Data          12  main.o(.bss)
    bms_ic                                   0x20000084   Data         224  main.o(.bss)
    huart1                                   0x20000164   Data          72  usart.o(.bss)
    __heap_base                              0x200001b0   Data           0  startup_stm32f103xb.o(HEAP)
    __heap_limit                             0x200003b0   Data           0  startup_stm32f103xb.o(HEAP)
    __initial_sp                             0x200007b0   Data           0  startup_stm32f103xb.o(STACK)



==============================================================================

Memory Map of the image

  Image Entry point : 0x080000ed

  Load Region LR_IROM1 (Base: 0x08000000, Size: 0x000022b8, Max: 0x00010000, ABSOLUTE)

    Execution Region ER_IROM1 (Exec base: 0x08000000, Load base: 0x08000000, Size: 0x00002298, Max: 0x00010000, ABSOLUTE)

    Exec Addr    Load Addr    Size         Type   Attr      Idx    E Section Name        Object

    0x08000000   0x08000000   0x000000ec   Data   RO            3    RESET               startup_stm32f103xb.o
    0x080000ec   0x080000ec   0x00000000   Code   RO         2850  * .ARM.Collect$$$$00000000  mc_w.l(entry.o)
    0x080000ec   0x080000ec   0x00000004   Code   RO         3148    .ARM.Collect$$$$00000001  mc_w.l(entry2.o)
    0x080000f0   0x080000f0   0x00000004   Code   RO         3151    .ARM.Collect$$$$00000004  mc_w.l(entry5.o)
    0x080000f4   0x080000f4   0x00000000   Code   RO         3153    .ARM.Collect$$$$00000008  mc_w.l(entry7b.o)
    0x080000f4   0x080000f4   0x00000000   Code   RO         3155    .ARM.Collect$$$$0000000A  mc_w.l(entry8b.o)
    0x080000f4   0x080000f4   0x00000008   Code   RO         3156    .ARM.Collect$$$$0000000B  mc_w.l(entry9a.o)
    0x080000fc   0x080000fc   0x00000000   Code   RO         3158    .ARM.Collect$$$$0000000D  mc_w.l(entry10a.o)
    0x080000fc   0x080000fc   0x00000000   Code   RO         3160    .ARM.Collect$$$$0000000F  mc_w.l(entry11a.o)
    0x080000fc   0x080000fc   0x00000004   Code   RO         3149    .ARM.Collect$$$$00002712  mc_w.l(entry2.o)
    0x08000100   0x08000100   0x00000024   Code   RO            4    .text               startup_stm32f103xb.o
    0x08000124   0x08000124   0x00000020   Code   RO         2853    .text               mc_w.l(llushr.o)
    0x08000144   0x08000144   0x00000024   Code   RO         2855    .text               mc_w.l(memseta.o)
    0x08000168   0x08000168   0x0000000e   Code   RO         2857    .text               mc_w.l(strlen.o)
    0x08000176   0x08000176   0x00000062   Code   RO         3167    .text               mc_w.l(uldiv.o)
    0x080001d8   0x080001d8   0x00000024   Code   RO         3186    .text               mc_w.l(init.o)
    0x080001fc   0x080001fc   0x0000001e   Code   RO         3189    .text               mc_w.l(llshl.o)
    0x0800021a   0x0800021a   0x00000002   Code   RO         1018    i.BusFault_Handler  stm32f1xx_it.o
    0x0800021c   0x0800021c   0x00000002   Code   RO         1019    i.DebugMon_Handler  stm32f1xx_it.o
    0x0800021e   0x0800021e   0x00000004   Code   RO          819    i.Error_Handler     main.o
    0x08000222   0x08000222   0x00000002   PAD
    0x08000224   0x08000224   0x00000024   Code   RO         1482    i.HAL_Delay         stm32f1xx_hal.o
    0x08000248   0x08000248   0x000001e0   Code   RO         1792    i.HAL_GPIO_Init     stm32f1xx_hal_gpio.o
    0x08000428   0x08000428   0x00000010   Code   RO         1795    i.HAL_GPIO_TogglePin  stm32f1xx_hal_gpio.o
    0x08000438   0x08000438   0x0000000a   Code   RO         1796    i.HAL_GPIO_WritePin  stm32f1xx_hal_gpio.o
    0x08000442   0x08000442   0x00000002   PAD
    0x08000444   0x08000444   0x0000000c   Code   RO         1486    i.HAL_GetTick       stm32f1xx_hal.o
    0x08000450   0x08000450   0x00000010   Code   RO         1492    i.HAL_IncTick       stm32f1xx_hal.o
    0x08000460   0x08000460   0x00000024   Code   RO         1493    i.HAL_Init          stm32f1xx_hal.o
    0x08000484   0x08000484   0x00000040   Code   RO         1494    i.HAL_InitTick      stm32f1xx_hal.o
    0x080004c4   0x080004c4   0x0000003c   Code   RO         1093    i.HAL_MspInit       stm32f1xx_hal_msp.o
    0x08000500   0x08000500   0x00000040   Code   RO         1958    i.HAL_NVIC_SetPriority  stm32f1xx_hal_cortex.o
    0x08000540   0x08000540   0x00000024   Code   RO         1959    i.HAL_NVIC_SetPriorityGrouping  stm32f1xx_hal_cortex.o
    0x08000564   0x08000564   0x0000012c   Code   RO         1650    i.HAL_RCC_ClockConfig  stm32f1xx_hal_rcc.o
    0x08000690   0x08000690   0x00000020   Code   RO         1657    i.HAL_RCC_GetPCLK1Freq  stm32f1xx_hal_rcc.o
    0x080006b0   0x080006b0   0x00000020   Code   RO         1658    i.HAL_RCC_GetPCLK2Freq  stm32f1xx_hal_rcc.o
    0x080006d0   0x080006d0   0x0000004c   Code   RO         1659    i.HAL_RCC_GetSysClockFreq  stm32f1xx_hal_rcc.o
    0x0800071c   0x0800071c   0x00000320   Code   RO         1662    i.HAL_RCC_OscConfig  stm32f1xx_hal_rcc.o
    0x08000a3c   0x08000a3c   0x000000b2   Code   RO         1164    i.HAL_SPI_Init      stm32f1xx_hal_spi.o
    0x08000aee   0x08000aee   0x00000002   PAD
    0x08000af0   0x08000af0   0x000000b8   Code   RO          947    i.HAL_SPI_MspInit   spi.o
    0x08000ba8   0x08000ba8   0x000001f0   Code   RO         1173    i.HAL_SPI_TransmitReceive  stm32f1xx_hal_spi.o
    0x08000d98   0x08000d98   0x00000028   Code   RO         1963    i.HAL_SYSTICK_Config  stm32f1xx_hal_cortex.o
    0x08000dc0   0x08000dc0   0x00000064   Code   RO         2482    i.HAL_UART_Init     stm32f1xx_hal_uart.o
    0x08000e24   0x08000e24   0x00000070   Code   RO          977    i.HAL_UART_MspInit  usart.o
    0x08000e94   0x08000e94   0x000000a0   Code   RO         2490    i.HAL_UART_Transmit  stm32f1xx_hal_uart.o
    0x08000f34   0x08000f34   0x00000002   Code   RO         1020    i.HardFault_Handler  stm32f1xx_it.o
    0x08000f36   0x08000f36   0x00000002   PAD
    0x08000f38   0x08000f38   0x00000038   Code   RO           13    i.LTC6811_Initialize  lt_spi.o
    0x08000f70   0x08000f70   0x00000060   Code   RO          820    i.LTC6811_init      main.o
    0x08000fd0   0x08000fd0   0x00000004   Code   RO          538    i.LTC6811_init_cfg  ltc6811.o
    0x08000fd4   0x08000fd4   0x00000036   Code   RO          540    i.LTC6811_init_reg_limits  ltc6811.o
    0x0800100a   0x0800100a   0x00000004   Code   RO          545    i.LTC6811_rdcfg     ltc6811.o
    0x0800100e   0x0800100e   0x00000004   Code   RO          550    i.LTC6811_reset_crc_count  ltc6811.o
    0x08001012   0x08001012   0x00000034   Code   RO          555    i.LTC6811_set_cfgr  ltc6811.o
    0x08001046   0x08001046   0x00000004   Code   RO          565    i.LTC6811_wrcfg     ltc6811.o
    0x0800104a   0x0800104a   0x00000002   PAD
    0x0800104c   0x0800104c   0x00000122   Code   RO          178    i.LTC681x_check_pec  ltc681x.o
    0x0800116e   0x0800116e   0x00000002   PAD
    0x08001170   0x08001170   0x0000006c   Code   RO          185    i.LTC681x_init_cfg  ltc681x.o
    0x080011dc   0x080011dc   0x0000008c   Code   RO          190    i.LTC681x_rdcfg     ltc681x.o
    0x08001268   0x08001268   0x00000052   Code   RO          198    i.LTC681x_reset_crc_count  ltc681x.o
    0x080012ba   0x080012ba   0x00000030   Code   RO          203    i.LTC681x_set_cfgr  ltc681x.o
    0x080012ea   0x080012ea   0x0000001a   Code   RO          204    i.LTC681x_set_cfgr_adcopt  ltc681x.o
    0x08001304   0x08001304   0x00000048   Code   RO          205    i.LTC681x_set_cfgr_dis  ltc681x.o
    0x0800134c   0x0800134c   0x0000002e   Code   RO          206    i.LTC681x_set_cfgr_gpio  ltc681x.o
    0x0800137a   0x0800137a   0x0000001a   Code   RO          208    i.LTC681x_set_cfgr_refon  ltc681x.o
    0x08001394   0x08001394   0x00000058   Code   RO          213    i.LTC681x_wrcfg     ltc681x.o
    0x080013ec   0x080013ec   0x000000a8   Code   RO          922    i.MX_GPIO_Init      gpio.o
    0x08001494   0x08001494   0x00000038   Code   RO          978    i.MX_USART1_UART_Init  usart.o
    0x080014cc   0x080014cc   0x00000002   Code   RO         1021    i.MemManage_Handler  stm32f1xx_it.o
    0x080014ce   0x080014ce   0x00000002   Code   RO         1022    i.NMI_Handler       stm32f1xx_it.o
    0x080014d0   0x080014d0   0x00000002   Code   RO         1023    i.PendSV_Handler    stm32f1xx_it.o
    0x080014d2   0x080014d2   0x00000034   Code   RO         1202    i.SPI_EndRxTxTransaction  stm32f1xx_hal_spi.o
    0x08001506   0x08001506   0x00000002   PAD
    0x08001508   0x08001508   0x000000b8   Code   RO         1207    i.SPI_WaitFlagStateUntilTimeout  stm32f1xx_hal_spi.o
    0x080015c0   0x080015c0   0x00000002   Code   RO         1024    i.SVC_Handler       stm32f1xx_it.o
    0x080015c2   0x080015c2   0x00000004   Code   RO         1025    i.SysTick_Handler   stm32f1xx_it.o
    0x080015c6   0x080015c6   0x0000005e   Code   RO          821    i.SystemClock_Config  main.o
    0x08001624   0x08001624   0x00000002   Code   RO         2816    i.SystemInit        system_stm32f1xx.o
    0x08001626   0x08001626   0x0000004e   Code   RO         2505    i.UART_EndRxTransfer  stm32f1xx_hal_uart.o
    0x08001674   0x08001674   0x000000b8   Code   RO         2508    i.UART_SetConfig    stm32f1xx_hal_uart.o
    0x0800172c   0x0800172c   0x00000072   Code   RO         2511    i.UART_WaitOnFlagUntilTimeout  stm32f1xx_hal_uart.o
    0x0800179e   0x0800179e   0x00000002   Code   RO         1026    i.UsageFault_Handler  stm32f1xx_it.o
    0x080017a0   0x080017a0   0x00000028   Code   RO         3068    i.__0sprintf$8      mc_w.l(printf8.o)
    0x080017c8   0x080017c8   0x00000020   Code   RO         1965    i.__NVIC_SetPriority  stm32f1xx_hal_cortex.o
    0x080017e8   0x080017e8   0x0000000e   Code   RO         3198    i.__scatterload_copy  mc_w.l(handlers.o)
    0x080017f6   0x080017f6   0x00000002   Code   RO         3199    i.__scatterload_null  mc_w.l(handlers.o)
    0x080017f8   0x080017f8   0x0000000e   Code   RO         3200    i.__scatterload_zeroinit  mc_w.l(handlers.o)
    0x08001806   0x08001806   0x00000002   PAD
    0x08001808   0x08001808   0x00000410   Code   RO         3073    i._printf_core      mc_w.l(printf8.o)
    0x08001c18   0x08001c18   0x00000024   Code   RO         3074    i._printf_post_padding  mc_w.l(printf8.o)
    0x08001c3c   0x08001c3c   0x0000002e   Code   RO         3075    i._printf_pre_padding  mc_w.l(printf8.o)
    0x08001c6a   0x08001c6a   0x0000000a   Code   RO         3077    i._sputc            mc_w.l(printf8.o)
    0x08001c74   0x08001c74   0x00000010   Code   RO           14    i.cs_high           lt_spi.o
    0x08001c84   0x08001c84   0x00000010   Code   RO           15    i.cs_low            lt_spi.o
    0x08001c94   0x08001c94   0x00000050   Code   RO         3120    i.free              mc_w.l(malloc.o)
    0x08001ce4   0x08001ce4   0x000000c4   Code   RO          822    i.main              main.o
    0x08001da8   0x08001da8   0x0000006c   Code   RO         3121    i.malloc            mc_w.l(malloc.o)
    0x08001e14   0x08001e14   0x00000034   Code   RO          220    i.pec15_calc        ltc681x.o
    0x08001e48   0x08001e48   0x00000088   Code   RO          221    i.read_68           ltc681x.o
    0x08001ed0   0x08001ed0   0x00000024   Code   RO           16    i.spi_read_byte     lt_spi.o
    0x08001ef4   0x08001ef4   0x0000002c   Code   RO           18    i.spi_write_array   lt_spi.o
    0x08001f20   0x08001f20   0x00000050   Code   RO           19    i.spi_write_read    lt_spi.o
    0x08001f70   0x08001f70   0x00000024   Code   RO          222    i.wakeup_idle       ltc681x.o
    0x08001f94   0x08001f94   0x0000001e   Code   RO          223    i.wakeup_sleep      ltc681x.o
    0x08001fb2   0x08001fb2   0x00000094   Code   RO          224    i.write_68          ltc681x.o
    0x08002046   0x08002046   0x00000002   PAD
    0x08002048   0x08002048   0x00000206   Data   RO          225    .constdata          ltc681x.o
    0x0800224e   0x0800224e   0x00000012   Data   RO         1663    .constdata          stm32f1xx_hal_rcc.o
    0x08002260   0x08002260   0x00000010   Data   RO         2817    .constdata          system_stm32f1xx.o
    0x08002270   0x08002270   0x00000008   Data   RO         2818    .constdata          system_stm32f1xx.o
    0x08002278   0x08002278   0x00000020   Data   RO         3196    Region$$Table       anon$$obj.o


    Execution Region RW_IRAM1 (Exec base: 0x20000000, Load base: 0x08002298, Size: 0x000007b0, Max: 0x00005000, ABSOLUTE)

    Exec Addr    Load Addr    Size         Type   Attr      Idx    E Section Name        Object

    0x20000000   0x08002298   0x00000008   Data   RW          833    .data               main.o
    0x20000008   0x080022a0   0x0000000c   Data   RW         1500    .data               stm32f1xx_hal.o
    0x20000014   0x080022ac   0x00000004   Data   RW         2819    .data               system_stm32f1xx.o
    0x20000018   0x080022b0   0x00000004   Data   RW         3173    .data               mc_w.l(mvars.o)
    0x2000001c   0x080022b4   0x00000004   Data   RW         3174    .data               mc_w.l(mvars.o)
    0x20000020        -       0x00000058   Zero   RW           20    .bss                lt_spi.o
    0x20000078        -       0x000000ec   Zero   RW          823    .bss                main.o
    0x20000164        -       0x00000048   Zero   RW          979    .bss                usart.o
    0x200001ac   0x080022b8   0x00000004   PAD
    0x200001b0        -       0x00000200   Zero   RW            2    HEAP                startup_stm32f103xb.o
    0x200003b0        -       0x00000400   Zero   RW            1    STACK               startup_stm32f103xb.o


==============================================================================

Image component sizes


      Code (inc. data)   RO Data    RW Data    ZI Data      Debug   Object Name

       168         12          0          0          0        915   gpio.o
       248         32          0          0         88     403383   lt_spi.o
       122          0          0          0          0       5511   ltc6811.o
      1328         26        518          0          0      15068   ltc681x.o
       390         68          0          8        236       4472   main.o
       184         22          0          0          0       1002   spi.o
        36          8        236          0       1536        776   startup_stm32f103xb.o
       164         28          0         12          0       5685   stm32f1xx_hal.o
       172         14          0          0          0      28178   stm32f1xx_hal_cortex.o
       506         34          0          0          0       3393   stm32f1xx_hal_gpio.o
        60          8          0          0          0        822   stm32f1xx_hal_msp.o
      1240         84         18          0          0       4948   stm32f1xx_hal_rcc.o
       910          4          0          0          0       4533   stm32f1xx_hal_spi.o
       636          6          0          0          0       4480   stm32f1xx_hal_uart.o
        20          0          0          0          0       3626   stm32f1xx_it.o
         2          0         24          4          0       1035   system_stm32f1xx.o
       168         20          0          0         72       1566   usart.o

    ----------------------------------------------------------------------
      6370        366        828         24       1936     489393   Object Totals
         0          0         32          0          0          0   (incl. Generated)
        16          0          0          0          4          0   (incl. Padding)

    ----------------------------------------------------------------------

      Code (inc. data)   RO Data    RW Data    ZI Data      Debug   Library Member Name

         0          0          0          0          0          0   entry.o
         0          0          0          0          0          0   entry10a.o
         0          0          0          0          0          0   entry11a.o
         8          4          0          0          0          0   entry2.o
         4          0          0          0          0          0   entry5.o
         0          0          0          0          0          0   entry7b.o
         0          0          0          0          0          0   entry8b.o
         8          4          0          0          0          0   entry9a.o
        30          0          0          0          0          0   handlers.o
        36          8          0          0          0         68   init.o
        30          0          0          0          0         68   llshl.o
        32          0          0          0          0         68   llushr.o
       188         20          0          0          0        160   malloc.o
        36          0          0          0          0        108   memseta.o
         0          0          0          8          0          0   mvars.o
      1172         50          0          0          0        420   printf8.o
        14          0          0          0          0         68   strlen.o
        98          0          0          0          0         92   uldiv.o

    ----------------------------------------------------------------------
      1658         86          0          8          0       1052   Library Totals
         2          0          0          0          0          0   (incl. Padding)

    ----------------------------------------------------------------------

      Code (inc. data)   RO Data    RW Data    ZI Data      Debug   Library Name

      1656         86          0          8          0       1052   mc_w.l

    ----------------------------------------------------------------------
      1658         86          0          8          0       1052   Library Totals

    ----------------------------------------------------------------------

==============================================================================


      Code (inc. data)   RO Data    RW Data    ZI Data      Debug   

      8028        452        828         32       1936     486489   Grand Totals
      8028        452        828         32       1936     486489   ELF Image Totals
      8028        452        828         32          0          0   ROM Totals

==============================================================================

    Total RO  Size (Code + RO Data)                 8856 (   8.65kB)
    Total RW  Size (RW Data + ZI Data)              1968 (   1.92kB)
    Total ROM Size (Code + RO Data + RW Data)       8888 (   8.68kB)

==============================================================================

