<html>
<body>
<pre>
<h1>µVision Build Log</h1>
<h2>Tool Versions:</h2>
IDE-Version: ¦ÌVision V5.41.0.0
Copyright (C) 2024 ARM Ltd and ARM Germany GmbH. All rights reserved.
License Information: 11 Admin1, 11, LIC=YA39H-W3585-631MB-2Y35H-ATN5F-M33ID
 
Tool Versions:
Toolchain:       MDK-ARM Plus  Version: 5.41.0.0
Toolchain Path:  E:\SOFTWARE_PACKAGE_INSTALLING\Keil_v5\ARM\ARMCC\Bin
C Compiler:      Armcc.exe V5.06 update 6 (build 750)
Assembler:       Armasm.exe V5.06 update 6 (build 750)
Linker/Locator:  ArmLink.exe V5.06 update 6 (build 750)
Library Manager: ArmAr.exe V5.06 update 6 (build 750)
Hex Converter:   FromElf.exe V5.06 update 6 (build 750)
CPU DLL:         SARMCM3.DLL V5.41.0.0
Dialog DLL:      DCM.DLL V1.17.5.0
Target DLL:      STLink\ST-LINKIII-KEIL_SWO.dll V3.3.0.0
Dialog DLL:      TCM.DLL V1.56.4.0
 
<h2>Project:</h2>
D:\FSAE_CHD\BMS\BMS_0725\MDK-ARM\BMS_0725.uvprojx
Project File Date:  07/25/2026

<h2>Output:</h2>
*** Using Compiler 'V5.06 update 6 (build 750)', folder: 'E:\SOFTWARE_PACKAGE_INSTALLING\Keil_v5\ARM\ARMCC\Bin'
Build target 'BMS_0725'
compiling main.c...
../Core/Inc/LTC681x.h(176): warning:  #1295-D: Deprecated declaration LTC681x_diagn - give arg types
  void LTC681x_diagn();
../Core/Inc/LTC681x.h(180): warning:  #1295-D: Deprecated declaration LTC681x_pladc - give arg types
  uint8_t LTC681x_pladc();
../Core/Inc/LTC681x.h(184): warning:  #1295-D: Deprecated declaration LTC681x_pollAdc - give arg types
  uint32_t LTC681x_pollAdc();
../Core/Inc/LTC681x.h(316): warning:  #1295-D: Deprecated declaration LTC681x_clrcell - give arg types
  void LTC681x_clrcell();
../Core/Inc/LTC681x.h(323): warning:  #1295-D: Deprecated declaration LTC681x_clraux - give arg types
  void LTC681x_clraux();
../Core/Inc/LTC681x.h(331): warning:  #1295-D: Deprecated declaration LTC681x_clrstat - give arg types
  void LTC681x_clrstat();
../Core/Inc/LTC681x.h(339): warning:  #1295-D: Deprecated declaration LTC681x_clrsctrl - give arg types
  void LTC681x_clrsctrl();
../Core/Inc/LTC681x.h(347): warning:  #1295-D: Deprecated declaration LTC681x_diagn - give arg types
  void LTC681x_diagn();
../Core/Inc/LTC681x.h(429): warning:  #1295-D: Deprecated declaration LTC681x_stcomm - give arg types
  void LTC681x_stcomm();
../Core/Inc/LTC6811.h(29): warning:  #1295-D: Deprecated declaration LTC6811_diagn - give arg types
  void LTC6811_diagn();
../Core/Inc/LTC6811.h(34): warning:  #1295-D: Deprecated declaration LTC6811_pladc - give arg types
  uint8_t LTC6811_pladc();
../Core/Inc/LTC6811.h(39): warning:  #1295-D: Deprecated declaration LTC6811_pollAdc - give arg types
  uint32_t LTC6811_pollAdc();
../Core/Inc/LTC6811.h(163): warning:  #1295-D: Deprecated declaration LTC6811_clrcell - give arg types
  void LTC6811_clrcell();
../Core/Inc/LTC6811.h(167): warning:  #1295-D: Deprecated declaration LTC6811_clraux - give arg types
  void LTC6811_clraux();
../Core/Inc/LTC6811.h(171): warning:  #1295-D: Deprecated declaration LTC6811_clrstat - give arg types
  void LTC6811_clrstat();
../Core/Inc/LTC6811.h(175): warning:  #1295-D: Deprecated declaration LTC6811_clrsctrl - give arg types
  void LTC6811_clrsctrl();
../Core/Inc/LTC6811.h(235): warning:  #1295-D: Deprecated declaration LTC6811_stsctrl - give arg types
  void LTC6811_stsctrl();
../Core/Inc/LTC6811.h(257): warning:  #1295-D: Deprecated declaration LTC6811_stcomm - give arg types
  void LTC6811_stcomm();
../Core/Src/main.c: 18 warnings, 0 errors
linking...
Program Size: Code=8028 RO-data=828 RW-data=32 ZI-data=1936  
FromELF: creating hex file...
"BMS_0725\BMS_0725.axf" - 0 Error(s), 18 Warning(s).

<h2>Software Packages used:</h2>

Package Vendor: ARM
                https://www.keil.com/pack/ARM.CMSIS.6.2.0.pack
                ARM::CMSIS@6.2.0
                CMSIS (Common Microcontroller Software Interface Standard)
   * Component: CORE Version: 6.1.1

Package Vendor: Keil
                https://www.keil.com/pack/Keil.STM32F1xx_DFP.2.4.1.pack
                Keil::STM32F1xx_DFP@2.4.1
                STMicroelectronics STM32F1 Series Device Support, Drivers and Examples

<h2>Collection of Component include folders:</h2>
  ./RTE/_BMS_0725
  E:/SOFTWARE_PACKAGE_INSTALLING/Keil_v5/Packs/ARM/CMSIS/6.2.0/CMSIS/Core/Include
  E:/SOFTWARE_PACKAGE_INSTALLING/Keil_v5/Packs/Keil/STM32F1xx_DFP/2.4.1/Device/Include

<h2>Collection of Component Files used:</h2>

   * Component: ARM::CMSIS:CORE@6.1.1
      Include file:  CMSIS/Core/Include/tz_context.h
Build Time Elapsed:  00:00:01
</pre>
</body>
</html>
