Component: ARM Compiler 5.06 update 6 (build 750) Tool: armlink [4d35ed]

==============================================================================

Section Cross References

    startup_stm32f407xx.o(RESET) refers to startup_stm32f407xx.o(STACK) for __initial_sp
    startup_stm32f407xx.o(RESET) refers to startup_stm32f407xx.o(.text) for Reset_Handler
    startup_stm32f407xx.o(RESET) refers to stm32f4xx_it.o(i.NMI_Handler) for NMI_Handler
    startup_stm32f407xx.o(RESET) refers to stm32f4xx_it.o(i.HardFault_Handler) for HardFault_Handler
    startup_stm32f407xx.o(RESET) refers to stm32f4xx_it.o(i.MemManage_Handler) for MemManage_Handler
    startup_stm32f407xx.o(RESET) refers to stm32f4xx_it.o(i.BusFault_Handler) for BusFault_Handler
    startup_stm32f407xx.o(RESET) refers to stm32f4xx_it.o(i.UsageFault_Handler) for UsageFault_Handler
    startup_stm32f407xx.o(RESET) refers to port.o(.emb_text) for SVC_Handler
    startup_stm32f407xx.o(RESET) refers to stm32f4xx_it.o(i.DebugMon_Handler) for DebugMon_Handler
    startup_stm32f407xx.o(RESET) refers to cmsis_os2.o(i.SysTick_Handler) for SysTick_Handler
    startup_stm32f407xx.o(RESET) refers to stm32f4xx_it.o(i.CAN1_TX_IRQHandler) for CAN1_TX_IRQHandler
    startup_stm32f407xx.o(RESET) refers to stm32f4xx_it.o(i.CAN1_RX0_IRQHandler) for CAN1_RX0_IRQHandler
    startup_stm32f407xx.o(RESET) refers to stm32f4xx_it.o(i.CAN1_RX1_IRQHandler) for CAN1_RX1_IRQHandler
    startup_stm32f407xx.o(RESET) refers to stm32f4xx_it.o(i.CAN1_SCE_IRQHandler) for CAN1_SCE_IRQHandler
    startup_stm32f407xx.o(RESET) refers to stm32f4xx_it.o(i.USART1_IRQHandler) for USART1_IRQHandler
    startup_stm32f407xx.o(RESET) refers to stm32f4xx_it.o(i.TIM8_TRG_COM_TIM14_IRQHandler) for TIM8_TRG_COM_TIM14_IRQHandler
    startup_stm32f407xx.o(RESET) refers to stm32f4xx_it.o(i.CAN2_TX_IRQHandler) for CAN2_TX_IRQHandler
    startup_stm32f407xx.o(RESET) refers to stm32f4xx_it.o(i.CAN2_RX0_IRQHandler) for CAN2_RX0_IRQHandler
    startup_stm32f407xx.o(RESET) refers to stm32f4xx_it.o(i.CAN2_RX1_IRQHandler) for CAN2_RX1_IRQHandler
    startup_stm32f407xx.o(RESET) refers to stm32f4xx_it.o(i.CAN2_SCE_IRQHandler) for CAN2_SCE_IRQHandler
    startup_stm32f407xx.o(.text) refers to system_stm32f4xx.o(i.SystemInit) for SystemInit
    startup_stm32f407xx.o(.text) refers to entry.o(.ARM.Collect$$$$00000000) for __main
    main.o(i.AT24C256_SmokeTest) refers to stm32f4xx_hal_i2c.o(i.HAL_I2C_IsDeviceReady) for HAL_I2C_IsDeviceReady
    main.o(i.AT24C256_SmokeTest) refers to stm32f4xx_hal_i2c.o(i.HAL_I2C_Mem_Write) for HAL_I2C_Mem_Write
    main.o(i.AT24C256_SmokeTest) refers to stm32f4xx_hal_i2c.o(i.HAL_I2C_Mem_Read) for HAL_I2C_Mem_Read
    main.o(i.AT24C256_SmokeTest) refers to main.o(i.Uart_Print) for Uart_Print
    main.o(i.AT24C256_SmokeTest) refers to i2c.o(.bss) for hi2c3
    main.o(i.HAL_TIM_PeriodElapsedCallback) refers to stm32f4xx_hal.o(i.HAL_IncTick) for HAL_IncTick
    main.o(i.SystemClock_Config) refers to memseta.o(.text) for __aeabi_memclr4
    main.o(i.SystemClock_Config) refers to stm32f4xx_hal_rcc.o(i.HAL_RCC_OscConfig) for HAL_RCC_OscConfig
    main.o(i.SystemClock_Config) refers to stm32f4xx_hal_rcc.o(i.HAL_RCC_ClockConfig) for HAL_RCC_ClockConfig
    main.o(i.Uart_Print) refers to strlen.o(.text) for strlen
    main.o(i.Uart_Print) refers to stm32f4xx_hal_uart.o(i.HAL_UART_Transmit) for HAL_UART_Transmit
    main.o(i.Uart_Print) refers to usart.o(.bss) for huart1
    main.o(i.main) refers to stm32f4xx_hal.o(i.HAL_Init) for HAL_Init
    main.o(i.main) refers to main.o(i.SystemClock_Config) for SystemClock_Config
    main.o(i.main) refers to gpio.o(i.MX_GPIO_Init) for MX_GPIO_Init
    main.o(i.main) refers to rtc.o(i.MX_RTC_Init) for MX_RTC_Init
    main.o(i.main) refers to usart.o(i.MX_USART1_UART_Init) for MX_USART1_UART_Init
    main.o(i.main) refers to can.o(i.MX_CAN1_Init) for MX_CAN1_Init
    main.o(i.main) refers to can.o(i.MX_CAN2_Init) for MX_CAN2_Init
    main.o(i.main) refers to i2c.o(i.MX_I2C3_Init) for MX_I2C3_Init
    main.o(i.main) refers to spi.o(i.MX_SPI1_Init) for MX_SPI1_Init
    main.o(i.main) refers to stm32f4xx_hal_gpio.o(i.HAL_GPIO_WritePin) for HAL_GPIO_WritePin
    main.o(i.main) refers to bms_hardware.o(i.bms_hardware_init) for bms_hardware_init
    main.o(i.main) refers to can.o(i.CAN_UserInit) for CAN_UserInit
    main.o(i.main) refers to f103_0804_simulink_model.o(i.F103_0804_simulink_model_initialize) for F103_0804_simulink_model_initialize
    main.o(i.main) refers to main.o(i.Uart_Print) for Uart_Print
    main.o(i.main) refers to main.o(i.AT24C256_SmokeTest) for AT24C256_SmokeTest
    main.o(i.main) refers to cmsis_os2.o(i.osKernelInitialize) for osKernelInitialize
    main.o(i.main) refers to freertos.o(i.MX_FREERTOS_Init) for MX_FREERTOS_Init
    main.o(i.main) refers to cmsis_os2.o(i.osKernelStart) for osKernelStart
    gpio.o(i.MX_GPIO_Init) refers to memseta.o(.text) for __aeabi_memclr4
[...]

    Global Symbols

    Symbol Name                              Value     Ov Type        Size  Object(Section)

    BuildAttributes$$THM_ISAv4$E$P$D$K$B$S$7EM$VFPi3$EXTD16$VFPS$VFMA$PE$A:L22UL41UL21$X:L11$S22US41US21$IEEE1$IW$USESV6$~STKCKD$USESV7$~SHL$OSPACE$ROPI$EBA8$MICROLIB$REQ8$PRES8$EABIv2 0x00000000   Number         0  anon$$obj.o ABSOLUTE
    __ARM_use_no_argv                        0x00000000   Number         0  main.o ABSOLUTE
    _printf_a                                0x00000000   Number         0  stubs.o ABSOLUTE
    _printf_c                                0x00000000   Number         0  stubs.o ABSOLUTE
    _printf_charcount                        0x00000000   Number         0  stubs.o ABSOLUTE
    _printf_d                                0x00000000   Number         0  stubs.o ABSOLUTE
    _printf_e                                0x00000000   Number         0  stubs.o ABSOLUTE
    _printf_f                                0x00000000   Number         0  stubs.o ABSOLUTE
    _printf_flags                            0x00000000   Number         0  stubs.o ABSOLUTE
    _printf_fp_dec                           0x00000000   Number         0  stubs.o ABSOLUTE
    _printf_fp_hex                           0x00000000   Number         0  stubs.o ABSOLUTE
    _printf_g                                0x00000000   Number         0  stubs.o ABSOLUTE
    _printf_i                                0x00000000   Number         0  stubs.o ABSOLUTE
    _printf_int_dec                          0x00000000   Number         0  stubs.o ABSOLUTE
    _printf_l                                0x00000000   Number         0  stubs.o ABSOLUTE
    _printf_lc                               0x00000000   Number         0  stubs.o ABSOLUTE
    _printf_ll                               0x00000000   Number         0  stubs.o ABSOLUTE
    _printf_lld                              0x00000000   Number         0  stubs.o ABSOLUTE
    _printf_lli                              0x00000000   Number         0  stubs.o ABSOLUTE
    _printf_llo                              0x00000000   Number         0  stubs.o ABSOLUTE
    _printf_llu                              0x00000000   Number         0  stubs.o ABSOLUTE
    _printf_llx                              0x00000000   Number         0  stubs.o ABSOLUTE
    _printf_longlong_dec                     0x00000000   Number         0  stubs.o ABSOLUTE
    _printf_longlong_hex                     0x00000000   Number         0  stubs.o ABSOLUTE
    _printf_longlong_oct                     0x00000000   Number         0  stubs.o ABSOLUTE
    _printf_ls                               0x00000000   Number         0  stubs.o ABSOLUTE
    _printf_mbtowc                           0x00000000   Number         0  stubs.o ABSOLUTE
    _printf_n                                0x00000000   Number         0  stubs.o ABSOLUTE
    _printf_o                                0x00000000   Number         0  stubs.o ABSOLUTE
    _printf_p                                0x00000000   Number         0  stubs.o ABSOLUTE
    _printf_percent                          0x00000000   Number         0  stubs.o ABSOLUTE
    _printf_pre_padding                      0x00000000   Number         0  stubs.o ABSOLUTE
    _printf_return_value                     0x00000000   Number         0  stubs.o ABSOLUTE
    _printf_s                                0x00000000   Number         0  stubs.o ABSOLUTE
    _printf_sizespec                         0x00000000   Number         0  stubs.o ABSOLUTE
    _printf_str                              0x00000000   Number         0  stubs.o ABSOLUTE
    _printf_truncate_signed                  0x00000000   Number         0  stubs.o ABSOLUTE
    _printf_truncate_unsigned                0x00000000   Number         0  stubs.o ABSOLUTE
    _printf_u                                0x00000000   Number         0  stubs.o ABSOLUTE
    _printf_wc                               0x00000000   Number         0  stubs.o ABSOLUTE
    _printf_wctomb                           0x00000000   Number         0  stubs.o ABSOLUTE
    _printf_widthprec                        0x00000000   Number         0  stubs.o ABSOLUTE
    _printf_x                                0x00000000   Number         0  stubs.o ABSOLUTE
    __cpp_initialize__aeabi_                  - Undefined Weak Reference
    __cxa_finalize                            - Undefined Weak Reference
    __decompress                              - Undefined Weak Reference
    _clock_init                               - Undefined Weak Reference
    _microlib_exit                            - Undefined Weak Reference
    __Vectors_Size                           0x00000188   Number         0  startup_stm32f407xx.o ABSOLUTE
    __Vectors                                0x08004000   Data           4  startup_stm32f407xx.o(RESET)
    __Vectors_End                            0x08004188   Data           0  startup_stm32f407xx.o(RESET)
    __main                                   0x08004189   Thumb Code     0  entry.o(.ARM.Collect$$$$00000000)
    _main_stk                                0x08004189   Thumb Code     0  entry2.o(.ARM.Collect$$$$00000001)
    _main_scatterload                        0x0800418d   Thumb Code     0  entry5.o(.ARM.Collect$$$$00000004)
    __main_after_scatterload                 0x08004191   Thumb Code     0  entry5.o(.ARM.Collect$$$$00000004)
    _main_clock                              0x08004191   Thumb Code     0  entry7b.o(.ARM.Collect$$$$00000008)
    _main_cpp_init                           0x08004191   Thumb Code     0  entry8b.o(.ARM.Collect$$$$0000000A)
    _main_init                               0x08004191   Thumb Code     0  entry9a.o(.ARM.Collect$$$$0000000B)
    __rt_final_cpp                           0x08004199   Thumb Code     0  entry10a.o(.ARM.Collect$$$$0000000D)
    __rt_final_exit                          0x08004199   Thumb Code     0  entry11a.o(.ARM.Collect$$$$0000000F)
    SVC_Handler                              0x0800419d   Thumb Code    28  port.o(.emb_text)
    __asm___6_port_c_39a90d8d__prvStartFirstTask 0x080041bd   Thumb Code    36  port.o(.emb_text)
    __asm___6_port_c_39a90d8d__prvEnableVFP  0x080041e5   Thumb Code    16  port.o(.emb_text)
    PendSV_Handler                           0x080041f9   Thumb Code    88  port.o(.emb_text)
    vPortGetIPSR                             0x08004255   Thumb Code     6  port.o(.emb_text)
    Reset_Handler                            0x0800425d   Thumb Code     8  startup_stm32f407xx.o(.text)
    ADC_IRQHandler                           0x08004277   Thumb Code     0  startup_stm32f407xx.o(.text)
    DCMI_IRQHandler                          0x08004277   Thumb Code     0  startup_stm32f407xx.o(.text)
    DMA1_Stream0_IRQHandler                  0x08004277   Thumb Code     0  startup_stm32f407xx.o(.text)
    DMA1_Stream1_IRQHandler                  0x08004277   Thumb Code     0  startup_stm32f407xx.o(.text)
    DMA1_Stream2_IRQHandler                  0x08004277   Thumb Code     0  startup_stm32f407xx.o(.text)
    DMA1_Stream3_IRQHandler                  0x08004277   Thumb Code     0  startup_stm32f407xx.o(.text)
    DMA1_Stream4_IRQHandler                  0x08004277   Thumb Code     0  startup_stm32f407xx.o(.text)
    DMA1_Stream5_IRQHandler                  0x08004277   Thumb Code     0  startup_stm32f407xx.o(.text)
    DMA1_Stream6_IRQHandler                  0x08004277   Thumb Code     0  startup_stm32f407xx.o(.text)
    DMA1_Stream7_IRQHandler                  0x08004277   Thumb Code     0  startup_stm32f407xx.o(.text)
    DMA2_Stream0_IRQHandler                  0x08004277   Thumb Code     0  startup_stm32f407xx.o(.text)
    DMA2_Stream1_IRQHandler                  0x08004277   Thumb Code     0  startup_stm32f407xx.o(.text)
    DMA2_Stream2_IRQHandler                  0x08004277   Thumb Code     0  startup_stm32f407xx.o(.text)
    DMA2_Stream3_IRQHandler                  0x08004277   Thumb Code     0  startup_stm32f407xx.o(.text)
    DMA2_Stream4_IRQHandler                  0x08004277   Thumb Code     0  startup_stm32f407xx.o(.text)
    DMA2_Stream5_IRQHandler                  0x08004277   Thumb Code     0  startup_stm32f407xx.o(.text)
    DMA2_Stream6_IRQHandler                  0x08004277   Thumb Code     0  startup_stm32f407xx.o(.text)
    DMA2_Stream7_IRQHandler                  0x08004277   Thumb Code     0  startup_stm32f407xx.o(.text)
    ETH_IRQHandler                           0x08004277   Thumb Code     0  startup_stm32f407xx.o(.text)
    ETH_WKUP_IRQHandler                      0x08004277   Thumb Code     0  startup_stm32f407xx.o(.text)
    EXTI0_IRQHandler                         0x08004277   Thumb Code     0  startup_stm32f407xx.o(.text)
    EXTI15_10_IRQHandler                     0x08004277   Thumb Code     0  startup_stm32f407xx.o(.text)
    EXTI1_IRQHandler                         0x08004277   Thumb Code     0  startup_stm32f407xx.o(.text)
    EXTI2_IRQHandler                         0x08004277   Thumb Code     0  startup_stm32f407xx.o(.text)
    EXTI3_IRQHandler                         0x08004277   Thumb Code     0  startup_stm32f407xx.o(.text)
    EXTI4_IRQHandler                         0x08004277   Thumb Code     0  startup_stm32f407xx.o(.text)
    EXTI9_5_IRQHandler                       0x08004277   Thumb Code     0  startup_stm32f407xx.o(.text)
    FLASH_IRQHandler                         0x08004277   Thumb Code     0  startup_stm32f407xx.o(.text)
    FMC_IRQHandler                           0x08004277   Thumb Code     0  startup_stm32f407xx.o(.text)
    FPU_IRQHandler                           0x08004277   Thumb Code     0  startup_stm32f407xx.o(.text)
    HASH_RNG_IRQHandler                      0x08004277   Thumb Code     0  startup_stm32f407xx.o(.text)
    I2C1_ER_IRQHandler                       0x08004277   Thumb Code     0  startup_stm32f407xx.o(.text)
    I2C1_EV_IRQHandler                       0x08004277   Thumb Code     0  startup_stm32f407xx.o(.text)
    I2C2_ER_IRQHandler                       0x08004277   Thumb Code     0  startup_stm32f407xx.o(.text)
    I2C2_EV_IRQHandler                       0x08004277   Thumb Code     0  startup_stm32f407xx.o(.text)
    I2C3_ER_IRQHandler                       0x08004277   Thumb Code     0  startup_stm32f407xx.o(.text)
    I2C3_EV_IRQHandler                       0x08004277   Thumb Code     0  startup_stm32f407xx.o(.text)
    OTG_FS_IRQHandler                        0x08004277   Thumb Code     0  startup_stm32f407xx.o(.text)
    OTG_FS_WKUP_IRQHandler                   0x08004277   Thumb Code     0  startup_stm32f407xx.o(.text)
    OTG_HS_EP1_IN_IRQHandler                 0x08004277   Thumb Code     0  startup_stm32f407xx.o(.text)
    OTG_HS_EP1_OUT_IRQHandler                0x08004277   Thumb Code     0  startup_stm32f407xx.o(.text)
    OTG_HS_IRQHandler                        0x08004277   Thumb Code     0  startup_stm32f407xx.o(.text)
    OTG_HS_WKUP_IRQHandler                   0x08004277   Thumb Code     0  startup_stm32f407xx.o(.text)
    PVD_IRQHandler                           0x08004277   Thumb Code     0  startup_stm32f407xx.o(.text)
    RCC_IRQHandler                           0x08004277   Thumb Code     0  startup_stm32f407xx.o(.text)
    RTC_Alarm_IRQHandler                     0x08004277   Thumb Code     0  startup_stm32f407xx.o(.text)
    RTC_WKUP_IRQHandler                      0x08004277   Thumb Code     0  startup_stm32f407xx.o(.text)
    SDIO_IRQHandler                          0x08004277   Thumb Code     0  startup_stm32f407xx.o(.text)
    SPI1_IRQHandler                          0x08004277   Thumb Code     0  startup_stm32f407xx.o(.text)
    SPI2_IRQHandler                          0x08004277   Thumb Code     0  startup_stm32f407xx.o(.text)
    SPI3_IRQHandler                          0x08004277   Thumb Code     0  startup_stm32f407xx.o(.text)
    TAMP_STAMP_IRQHandler                    0x08004277   Thumb Code     0  startup_stm32f407xx.o(.text)
    TIM1_BRK_TIM9_IRQHandler                 0x08004277   Thumb Code     0  startup_stm32f407xx.o(.text)
    TIM1_CC_IRQHandler                       0x08004277   Thumb Code     0  startup_stm32f407xx.o(.text)
    TIM1_TRG_COM_TIM11_IRQHandler            0x08004277   Thumb Code     0  startup_stm32f407xx.o(.text)
    TIM1_UP_TIM10_IRQHandler                 0x08004277   Thumb Code     0  startup_stm32f407xx.o(.text)
    TIM2_IRQHandler                          0x08004277   Thumb Code     0  startup_stm32f407xx.o(.text)
    TIM3_IRQHandler                          0x08004277   Thumb Code     0  startup_stm32f407xx.o(.text)
    TIM4_IRQHandler                          0x08004277   Thumb Code     0  startup_stm32f407xx.o(.text)
    TIM5_IRQHandler                          0x08004277   Thumb Code     0  startup_stm32f407xx.o(.text)
    TIM6_DAC_IRQHandler                      0x08004277   Thumb Code     0  startup_stm32f407xx.o(.text)
    TIM7_IRQHandler                          0x08004277   Thumb Code     0  startup_stm32f407xx.o(.text)
    TIM8_BRK_TIM12_IRQHandler                0x08004277   Thumb Code     0  startup_stm32f407xx.o(.text)
    TIM8_CC_IRQHandler                       0x08004277   Thumb Code     0  startup_stm32f407xx.o(.text)
    TIM8_UP_TIM13_IRQHandler                 0x08004277   Thumb Code     0  startup_stm32f407xx.o(.text)
    UART4_IRQHandler                         0x08004277   Thumb Code     0  startup_stm32f407xx.o(.text)
    UART5_IRQHandler                         0x08004277   Thumb Code     0  startup_stm32f407xx.o(.text)
    USART2_IRQHandler                        0x08004277   Thumb Code     0  startup_stm32f407xx.o(.text)
    USART3_IRQHandler                        0x08004277   Thumb Code     0  startup_stm32f407xx.o(.text)
    USART6_IRQHandler                        0x08004277   Thumb Code     0  startup_stm32f407xx.o(.text)
    WWDG_IRQHandler                          0x08004277   Thumb Code     0  startup_stm32f407xx.o(.text)
    __aeabi_uldivmod                         0x08004281   Thumb Code    98  uldiv.o(.text)
    __aeabi_memcpy                           0x080042e3   Thumb Code    36  memcpya.o(.text)
    __aeabi_memcpy4                          0x080042e3   Thumb Code     0  memcpya.o(.text)
    __aeabi_memcpy8                          0x080042e3   Thumb Code     0  memcpya.o(.text)
    __aeabi_memset                           0x08004307   Thumb Code    14  memseta.o(.text)
    __aeabi_memset4                          0x08004307   Thumb Code     0  memseta.o(.text)
    __aeabi_memset8                          0x08004307   Thumb Code     0  memseta.o(.text)
    __aeabi_memclr                           0x08004315   Thumb Code     4  memseta.o(.text)
    __aeabi_memclr4                          0x08004315   Thumb Code     0  memseta.o(.text)
    __aeabi_memclr8                          0x08004315   Thumb Code     0  memseta.o(.text)
    memset                                   0x08004319   Thumb Code    18  memseta.o(.text)
    strlen                                   0x0800432b   Thumb Code    14  strlen.o(.text)
    __aeabi_ui2d                             0x08004339   Thumb Code    26  dfltui.o(.text)
    __aeabi_cdcmpeq                          0x08004355   Thumb Code     0  cdcmple.o(.text)
    __aeabi_cdcmple                          0x08004355   Thumb Code    48  cdcmple.o(.text)
    __aeabi_uidiv                            0x08004385   Thumb Code     0  uidiv.o(.text)
    __aeabi_uidivmod                         0x08004385   Thumb Code    44  uidiv.o(.text)
    __aeabi_llsl                             0x080043b1   Thumb Code    30  llshl.o(.text)
    _ll_shift_l                              0x080043b1   Thumb Code     0  llshl.o(.text)
    __aeabi_llsr                             0x080043cf   Thumb Code    32  llushr.o(.text)
    _ll_ushift_r                             0x080043cf   Thumb Code     0  llushr.o(.text)
    __I$use$fp                               0x080043ef   Thumb Code     0  iusefp.o(.text)
    _double_round                            0x080043ef   Thumb Code    30  depilogue.o(.text)
    _double_epilogue                         0x0800440d   Thumb Code   156  depilogue.o(.text)
    __scatterload                            0x080044a9   Thumb Code    28  init.o(.text)
    __scatterload_rt2                        0x080044a9   Thumb Code     0  init.o(.text)
    Bms_DetectCellOpenWire                   0x08004645   Thumb Code    88  bms_app.o(i.Bms_DetectCellOpenWire)
    Bms_DetectTempOpenWire                   0x080046a1   Thumb Code    88  bms_app.o(i.Bms_DetectTempOpenWire)
    Bms_LED_Control                          0x0800474d   Thumb Code    36  bms_app.o(i.Bms_LED_Control)
    Bms_SampleCellVoltage                    0x08004bc1   Thumb Code   116  bms_app.o(i.Bms_SampleCellVoltage)
    Bms_SampleTemperature                    0x08004c39   Thumb Code   118  bms_app.o(i.Bms_SampleTemperature)
    BusFault_Handler                         0x08004cb5   Thumb Code     2  stm32f4xx_it.o(i.BusFault_Handler)
    CAN1_RX0_IRQHandler                      0x08004cb9   Thumb Code     6  stm32f4xx_it.o(i.CAN1_RX0_IRQHandler)
    CAN1_RX1_IRQHandler                      0x08004cc5   Thumb Code     6  stm32f4xx_it.o(i.CAN1_RX1_IRQHandler)
    CAN1_SCE_IRQHandler                      0x08004cd1   Thumb Code     6  stm32f4xx_it.o(i.CAN1_SCE_IRQHandler)
    CAN1_TX_IRQHandler                       0x08004cdd   Thumb Code     6  stm32f4xx_it.o(i.CAN1_TX_IRQHandler)
    CAN2_RX0_IRQHandler                      0x08004ce9   Thumb Code     6  stm32f4xx_it.o(i.CAN2_RX0_IRQHandler)
    CAN2_RX1_IRQHandler                      0x08004cf5   Thumb Code     6  stm32f4xx_it.o(i.CAN2_RX1_IRQHandler)
    CAN2_SCE_IRQHandler                      0x08004d01   Thumb Code     6  stm32f4xx_it.o(i.CAN2_SCE_IRQHandler)
    CAN2_TX_IRQHandler                       0x08004d0d   Thumb Code     6  stm32f4xx_it.o(i.CAN2_TX_IRQHandler)
    CAN_UserInit                             0x08004e35   Thumb Code    70  can.o(i.CAN_UserInit)
    DebugMon_Handler                         0x08004e81   Thumb Code     2  stm32f4xx_it.o(i.DebugMon_Handler)
    Error_Handler                            0x08004e83   Thumb Code     4  main.o(i.Error_Handler)
    F103_0804_simulink_model_initialize      0x08004e87   Thumb Code     2  f103_0804_simulink_model.o(i.F103_0804_simulink_model_initialize)
    HAL_CAN_AbortTxRequest                   0x08004e89   Thumb Code    70  stm32f4xx_hal_can.o(i.HAL_CAN_AbortTxRequest)
    HAL_CAN_ActivateNotification             0x08004ecf   Thumb Code    36  stm32f4xx_hal_can.o(i.HAL_CAN_ActivateNotification)
    HAL_CAN_AddTxMessage                     0x08004ef3   Thumb Code   188  stm32f4xx_hal_can.o(i.HAL_CAN_AddTxMessage)
    HAL_CAN_ConfigFilter                     0x08004fb1   Thumb Code   262  stm32f4xx_hal_can.o(i.HAL_CAN_ConfigFilter)
    HAL_CAN_ErrorCallback                    0x080050bd   Thumb Code     2  stm32f4xx_hal_can.o(i.HAL_CAN_ErrorCallback)
    HAL_CAN_GetRxFifoFillLevel               0x080050c1   Thumb Code    34  stm32f4xx_hal_can.o(i.HAL_CAN_GetRxFifoFillLevel)
    HAL_CAN_GetRxMessage                     0x080050e3   Thumb Code   244  stm32f4xx_hal_can.o(i.HAL_CAN_GetRxMessage)
    HAL_CAN_GetTxMailboxesFreeLevel          0x080051d7   Thumb Code    44  stm32f4xx_hal_can.o(i.HAL_CAN_GetTxMailboxesFreeLevel)
    HAL_CAN_IRQHandler                       0x08005203   Thumb Code   508  stm32f4xx_hal_can.o(i.HAL_CAN_IRQHandler)
    HAL_CAN_Init                             0x080053ff   Thumb Code   282  stm32f4xx_hal_can.o(i.HAL_CAN_Init)
    HAL_CAN_MspInit                          0x08005519   Thumb Code   328  can.o(i.HAL_CAN_MspInit)
    HAL_CAN_RxFifo0FullCallback              0x08005679   Thumb Code     2  stm32f4xx_hal_can.o(i.HAL_CAN_RxFifo0FullCallback)
    HAL_CAN_RxFifo0MsgPendingCallback        0x0800567d   Thumb Code   134  stm32f4xx_it.o(i.HAL_CAN_RxFifo0MsgPendingCallback)
    HAL_CAN_RxFifo1FullCallback              0x08005719   Thumb Code     2  stm32f4xx_hal_can.o(i.HAL_CAN_RxFifo1FullCallback)
    HAL_CAN_RxFifo1MsgPendingCallback        0x0800571b   Thumb Code     2  stm32f4xx_hal_can.o(i.HAL_CAN_RxFifo1MsgPendingCallback)
    HAL_CAN_SleepCallback                    0x0800571d   Thumb Code     2  stm32f4xx_hal_can.o(i.HAL_CAN_SleepCallback)
    HAL_CAN_Start                            0x08005721   Thumb Code    88  stm32f4xx_hal_can.o(i.HAL_CAN_Start)
    HAL_CAN_Stop                             0x08005779   Thumb Code    96  stm32f4xx_hal_can.o(i.HAL_CAN_Stop)
    HAL_CAN_TxMailbox0AbortCallback          0x080057d9   Thumb Code     2  stm32f4xx_hal_can.o(i.HAL_CAN_TxMailbox0AbortCallback)
    HAL_CAN_TxMailbox0CompleteCallback       0x080057dd   Thumb Code    14  can.o(i.HAL_CAN_TxMailbox0CompleteCallback)
    HAL_CAN_TxMailbox1AbortCallback          0x080057f1   Thumb Code     2  stm32f4xx_hal_can.o(i.HAL_CAN_TxMailbox1AbortCallback)
    HAL_CAN_TxMailbox1CompleteCallback       0x080057f5   Thumb Code    14  can.o(i.HAL_CAN_TxMailbox1CompleteCallback)
    HAL_CAN_TxMailbox2AbortCallback          0x08005809   Thumb Code     2  stm32f4xx_hal_can.o(i.HAL_CAN_TxMailbox2AbortCallback)
    HAL_CAN_TxMailbox2CompleteCallback       0x0800580d   Thumb Code    14  can.o(i.HAL_CAN_TxMailbox2CompleteCallback)
    HAL_CAN_WakeUpFromRxMsgCallback          0x08005821   Thumb Code     2  stm32f4xx_hal_can.o(i.HAL_CAN_WakeUpFromRxMsgCallback)
    HAL_DMA_Abort                            0x08005823   Thumb Code   146  stm32f4xx_hal_dma.o(i.HAL_DMA_Abort)
    HAL_DMA_Abort_IT                         0x080058b5   Thumb Code    36  stm32f4xx_hal_dma.o(i.HAL_DMA_Abort_IT)
    HAL_GPIO_Init                            0x080058d9   Thumb Code   450  stm32f4xx_hal_gpio.o(i.HAL_GPIO_Init)
    HAL_GPIO_WritePin                        0x08005ac9   Thumb Code    10  stm32f4xx_hal_gpio.o(i.HAL_GPIO_WritePin)
    HAL_GetTick                              0x08005ad5   Thumb Code     6  stm32f4xx_hal.o(i.HAL_GetTick)
    HAL_I2C_Init                             0x08005ae1   Thumb Code   376  stm32f4xx_hal_i2c.o(i.HAL_I2C_Init)
    HAL_I2C_IsDeviceReady                    0x08005c69   Thumb Code   354  stm32f4xx_hal_i2c.o(i.HAL_I2C_IsDeviceReady)
    HAL_I2C_Mem_Read                         0x08005dd5   Thumb Code   502  stm32f4xx_hal_i2c.o(i.HAL_I2C_Mem_Read)
    HAL_I2C_Mem_Write                        0x08005fd9   Thumb Code   294  stm32f4xx_hal_i2c.o(i.HAL_I2C_Mem_Write)
    HAL_I2C_MspInit                          0x08006109   Thumb Code   170  i2c.o(i.HAL_I2C_MspInit)
    HAL_IncTick                              0x080061c5   Thumb Code    12  stm32f4xx_hal.o(i.HAL_IncTick)
    HAL_Init                                 0x080061d5   Thumb Code    48  stm32f4xx_hal.o(i.HAL_Init)
    HAL_InitTick                             0x08006209   Thumb Code   132  stm32f4xx_hal_timebase_tim.o(i.HAL_InitTick)
    HAL_MspInit                              0x080062a1   Thumb Code    52  stm32f4xx_hal_msp.o(i.HAL_MspInit)
    HAL_NVIC_EnableIRQ                       0x080062d9   Thumb Code    26  stm32f4xx_hal_cortex.o(i.HAL_NVIC_EnableIRQ)
    HAL_NVIC_SetPriority                     0x080062f5   Thumb Code    60  stm32f4xx_hal_cortex.o(i.HAL_NVIC_SetPriority)
    HAL_NVIC_SetPriorityGrouping             0x08006335   Thumb Code    26  stm32f4xx_hal_cortex.o(i.HAL_NVIC_SetPriorityGrouping)
    HAL_PWR_EnableBkUpAccess                 0x08006359   Thumb Code    16  stm32f4xx_hal_pwr.o(i.HAL_PWR_EnableBkUpAccess)
    HAL_RCCEx_PeriphCLKConfig                0x08006371   Thumb Code   296  stm32f4xx_hal_rcc_ex.o(i.HAL_RCCEx_PeriphCLKConfig)
    HAL_RCC_ClockConfig                      0x080064ad   Thumb Code   288  stm32f4xx_hal_rcc.o(i.HAL_RCC_ClockConfig)
    HAL_RCC_GetClockConfig                   0x080065e1   Thumb Code    54  stm32f4xx_hal_rcc.o(i.HAL_RCC_GetClockConfig)
    HAL_RCC_GetPCLK1Freq                     0x08006621   Thumb Code    20  stm32f4xx_hal_rcc.o(i.HAL_RCC_GetPCLK1Freq)
    HAL_RCC_GetPCLK2Freq                     0x08006641   Thumb Code    20  stm32f4xx_hal_rcc.o(i.HAL_RCC_GetPCLK2Freq)
    HAL_RCC_GetSysClockFreq                  0x08006661   Thumb Code    88  stm32f4xx_hal_rcc.o(i.HAL_RCC_GetSysClockFreq)
    HAL_RCC_OscConfig                        0x080066c1   Thumb Code   856  stm32f4xx_hal_rcc.o(i.HAL_RCC_OscConfig)
    HAL_RTCEx_BKUPRead                       0x08006a2d   Thumb Code    10  stm32f4xx_hal_rtc_ex.o(i.HAL_RTCEx_BKUPRead)
    HAL_RTCEx_BKUPWrite                      0x08006a37   Thumb Code    10  stm32f4xx_hal_rtc_ex.o(i.HAL_RTCEx_BKUPWrite)
    HAL_RTC_GetDate                          0x08006a41   Thumb Code    62  stm32f4xx_hal_rtc.o(i.HAL_RTC_GetDate)
    HAL_RTC_GetTime                          0x08006a85   Thumb Code    78  stm32f4xx_hal_rtc.o(i.HAL_RTC_GetTime)
    HAL_RTC_Init                             0x08006ad9   Thumb Code   150  stm32f4xx_hal_rtc.o(i.HAL_RTC_Init)
    HAL_RTC_MspInit                          0x08006b75   Thumb Code    48  rtc.o(i.HAL_RTC_MspInit)
    HAL_RTC_SetDate                          0x08006bad   Thumb Code   146  stm32f4xx_hal_rtc.o(i.HAL_RTC_SetDate)
    HAL_RTC_SetTime                          0x08006c45   Thumb Code   186  stm32f4xx_hal_rtc.o(i.HAL_RTC_SetTime)
    HAL_RTC_WaitForSynchro                   0x08006d05   Thumb Code    50  stm32f4xx_hal_rtc.o(i.HAL_RTC_WaitForSynchro)
    HAL_SPI_Init                             0x08006d3d   Thumb Code   188  stm32f4xx_hal_spi.o(i.HAL_SPI_Init)
    HAL_SPI_MspInit                          0x08006df9   Thumb Code    92  spi.o(i.HAL_SPI_MspInit)
    HAL_SPI_TransmitReceive                  0x08006e61   Thumb Code   496  stm32f4xx_hal_spi.o(i.HAL_SPI_TransmitReceive)
    HAL_TIMEx_BreakCallback                  0x08007051   Thumb Code     2  stm32f4xx_hal_tim_ex.o(i.HAL_TIMEx_BreakCallback)
    HAL_TIMEx_CommutCallback                 0x08007053   Thumb Code     2  stm32f4xx_hal_tim_ex.o(i.HAL_TIMEx_CommutCallback)
    HAL_TIM_Base_Init                        0x08007055   Thumb Code    90  stm32f4xx_hal_tim.o(i.HAL_TIM_Base_Init)
    HAL_TIM_Base_MspInit                     0x080070af   Thumb Code     2  stm32f4xx_hal_tim.o(i.HAL_TIM_Base_MspInit)
    HAL_TIM_Base_Start_IT                    0x080070b1   Thumb Code   100  stm32f4xx_hal_tim.o(i.HAL_TIM_Base_Start_IT)
    HAL_TIM_IC_CaptureCallback               0x08007131   Thumb Code     2  stm32f4xx_hal_tim.o(i.HAL_TIM_IC_CaptureCallback)
    HAL_TIM_IRQHandler                       0x08007133   Thumb Code   304  stm32f4xx_hal_tim.o(i.HAL_TIM_IRQHandler)
    HAL_TIM_OC_DelayElapsedCallback          0x08007263   Thumb Code     2  stm32f4xx_hal_tim.o(i.HAL_TIM_OC_DelayElapsedCallback)
    HAL_TIM_PWM_PulseFinishedCallback        0x08007265   Thumb Code     2  stm32f4xx_hal_tim.o(i.HAL_TIM_PWM_PulseFinishedCallback)
    HAL_TIM_PeriodElapsedCallback            0x08007269   Thumb Code    14  main.o(i.HAL_TIM_PeriodElapsedCallback)
    HAL_TIM_TriggerCallback                  0x0800727d   Thumb Code     2  stm32f4xx_hal_tim.o(i.HAL_TIM_TriggerCallback)
    HAL_UARTEx_RxEventCallback               0x0800727f   Thumb Code     2  stm32f4xx_hal_uart.o(i.HAL_UARTEx_RxEventCallback)
    HAL_UART_ErrorCallback                   0x08007281   Thumb Code    22  usart.o(i.HAL_UART_ErrorCallback)
    HAL_UART_IRQHandler                      0x080072a1   Thumb Code   636  stm32f4xx_hal_uart.o(i.HAL_UART_IRQHandler)
    HAL_UART_Init                            0x08007521   Thumb Code   100  stm32f4xx_hal_uart.o(i.HAL_UART_Init)
    HAL_UART_MspInit                         0x08007585   Thumb Code   110  usart.o(i.HAL_UART_MspInit)
    HAL_UART_RxCpltCallback                  0x08007601   Thumb Code     2  stm32f4xx_hal_uart.o(i.HAL_UART_RxCpltCallback)
    HAL_UART_Transmit                        0x08007603   Thumb Code   160  stm32f4xx_hal_uart.o(i.HAL_UART_Transmit)
    HAL_UART_Transmit_IT                     0x080076a3   Thumb Code    50  stm32f4xx_hal_uart.o(i.HAL_UART_Transmit_IT)
    HAL_UART_TxCpltCallback                  0x080076d5   Thumb Code    22  usart.o(i.HAL_UART_TxCpltCallback)
    HardFault_Handler                        0x080076f5   Thumb Code     2  stm32f4xx_it.o(i.HardFault_Handler)
    LED_function_call                        0x08007b35   Thumb Code   218  f103_0804_simulink_model.o(i.LED_function_call)
    LTC6813_adax                             0x08007c1d   Thumb Code     4  ltc6813_stm32.o(i.LTC6813_adax)
    LTC6813_adcv                             0x08007c21   Thumb Code     4  ltc6813_stm32.o(i.LTC6813_adcv)
    LTC6813_adow                             0x08007c25   Thumb Code     4  ltc6813_stm32.o(i.LTC6813_adow)
    LTC6813_axow                             0x08007c29   Thumb Code     4  ltc6813_stm32.o(i.LTC6813_axow)
    LTC6813_clraux                           0x08007c2d   Thumb Code     4  ltc6813_stm32.o(i.LTC6813_clraux)
    LTC6813_clrcell                          0x08007c31   Thumb Code     4  ltc6813_stm32.o(i.LTC6813_clrcell)
    LTC6813_init_cfg                         0x08007c35   Thumb Code     4  ltc6813_stm32.o(i.LTC6813_init_cfg)
    LTC6813_init_cfgb                        0x08007c39   Thumb Code    38  ltc6813_stm32.o(i.LTC6813_init_cfgb)
    LTC6813_init_reg_limits                  0x08007c61   Thumb Code    54  ltc6813_stm32.o(i.LTC6813_init_reg_limits)
    LTC6813_rdaux                            0x08007c97   Thumb Code     4  ltc6813_stm32.o(i.LTC6813_rdaux)
    LTC6813_rdcv                             0x08007c9b   Thumb Code    10  ltc6813_stm32.o(i.LTC6813_rdcv)
    LTC681x_adax                             0x08007ca5   Thumb Code    30  ltc681x.o(i.LTC681x_adax)
    LTC681x_adcv                             0x08007cc3   Thumb Code    34  ltc681x.o(i.LTC681x_adcv)
    LTC681x_adow                             0x08007ce5   Thumb Code    38  ltc681x.o(i.LTC681x_adow)
    LTC681x_axow                             0x08007d0b   Thumb Code    32  ltc681x.o(i.LTC681x_axow)
    LTC681x_check_pec                        0x08007d2d   Thumb Code   290  ltc681x.o(i.LTC681x_check_pec)
    LTC681x_clraux                           0x08007e51   Thumb Code    16  ltc681x.o(i.LTC681x_clraux)
    LTC681x_clrcell                          0x08007e65   Thumb Code    16  ltc681x.o(i.LTC681x_clrcell)
    LTC681x_init_cfg                         0x08007e79   Thumb Code    36  ltc681x.o(i.LTC681x_init_cfg)
    LTC681x_rdaux                            0x08007e9d   Thumb Code   196  ltc681x.o(i.LTC681x_rdaux)
    LTC681x_rdaux_reg                        0x08007f61   Thumb Code    96  ltc681x.o(i.LTC681x_rdaux_reg)
    LTC681x_rdcv                             0x08007fc1   Thumb Code   204  ltc681x.o(i.LTC681x_rdcv)
    LTC681x_rdcv_reg                         0x0800808d   Thumb Code   110  ltc681x.o(i.LTC681x_rdcv_reg)
    MX_CAN1_Init                             0x080080fd   Thumb Code    62  can.o(i.MX_CAN1_Init)
    MX_CAN2_Init                             0x08008145   Thumb Code    62  can.o(i.MX_CAN2_Init)
    MX_FREERTOS_Init                         0x0800818d   Thumb Code    68  freertos.o(i.MX_FREERTOS_Init)
    MX_GPIO_Init                             0x080081e9   Thumb Code   150  gpio.o(i.MX_GPIO_Init)
    MX_I2C3_Init                             0x0800828d   Thumb Code    50  i2c.o(i.MX_I2C3_Init)
    MX_RTC_Init                              0x080082cd   Thumb Code   148  rtc.o(i.MX_RTC_Init)
    MX_SPI1_Init                             0x08008369   Thumb Code    64  spi.o(i.MX_SPI1_Init)
    MX_USART1_UART_Init                      0x080083b1   Thumb Code    48  usart.o(i.MX_USART1_UART_Init)
    MemManage_Handler                        0x080083e9   Thumb Code     2  stm32f4xx_it.o(i.MemManage_Handler)
    MyCAN_InitTxIT                           0x080083ed   Thumb Code    88  can.o(i.MyCAN_InitTxIT)
    MyCAN_Transmit                           0x080084e9   Thumb Code    54  can.o(i.MyCAN_Transmit)
    MyUART_InitTxIT                          0x080085e1   Thumb Code    24  usart.o(i.MyUART_InitTxIT)
    MyUART_Transmit                          0x080085fd   Thumb Code    76  usart.o(i.MyUART_Transmit)
    NMI_Handler                              0x08008651   Thumb Code     2  stm32f4xx_it.o(i.NMI_Handler)
    RTC_Bcd2ToByte                           0x08008653   Thumb Code    18  stm32f4xx_hal_rtc.o(i.RTC_Bcd2ToByte)
    RTC_ByteToBcd2                           0x08008665   Thumb Code    22  stm32f4xx_hal_rtc.o(i.RTC_ByteToBcd2)
    RTC_EnterInitMode                        0x0800867d   Thumb Code    72  stm32f4xx_hal_rtc.o(i.RTC_EnterInitMode)
    RTC_ExitInitMode                         0x080086c5   Thumb Code    42  stm32f4xx_hal_rtc.o(i.RTC_ExitInitMode)
    RTC_GetDateTime                          0x080086f1   Thumb Code    38  rtc.o(i.RTC_GetDateTime)
    RTC_GetTotalSeconds                      0x0800871d   Thumb Code   100  rtc.o(i.RTC_GetTotalSeconds)
    Sample_function_call                     0x080088ad   Thumb Code    72  f103_0804_simulink_model.o(i.Sample_function_call)
    StartDefaultTask                         0x080088fd   Thumb Code    12  freertos.o(i.StartDefaultTask)
    StartTask02                              0x08008909   Thumb Code    12  freertos.o(i.StartTask02)
    StartTask03                              0x08008915   Thumb Code    58  freertos.o(i.StartTask03)
    StartTask04                              0x08008959   Thumb Code   110  freertos.o(i.StartTask04)
    SysTick_Handler                          0x080089fd   Thumb Code    26  cmsis_os2.o(i.SysTick_Handler)
    SystemClock_Config                       0x08008a19   Thumb Code   144  main.o(i.SystemClock_Config)
    SystemInit                               0x08008ab1   Thumb Code    20  system_stm32f4xx.o(i.SystemInit)
    TIM8_TRG_COM_TIM14_IRQHandler            0x08008acd   Thumb Code     6  stm32f4xx_it.o(i.TIM8_TRG_COM_TIM14_IRQHandler)
    TIM_Base_SetConfig                       0x08008ad9   Thumb Code   164  stm32f4xx_hal_tim.o(i.TIM_Base_SetConfig)
    USART1_IRQHandler                        0x08008e49   Thumb Code     6  stm32f4xx_it.o(i.USART1_IRQHandler)
    UsageFault_Handler                       0x08008e71   Thumb Code     2  stm32f4xx_it.o(i.UsageFault_Handler)
    __0snprintf$6                            0x08008e75   Thumb Code    44  printf6.o(i.__0snprintf$6)
    __1snprintf$6                            0x08008e75   Thumb Code     0  printf6.o(i.__0snprintf$6)
    __2snprintf                              0x08008e75   Thumb Code     0  printf6.o(i.__0snprintf$6)
    __scatterload_copy                       0x08008ec5   Thumb Code    14  handlers.o(i.__scatterload_copy)
    __scatterload_null                       0x08008ed3   Thumb Code     2  handlers.o(i.__scatterload_null)
    __scatterload_zeroinit                   0x08008ed5   Thumb Code    14  handlers.o(i.__scatterload_zeroinit)
    bms_hardware_init                        0x0800923d   Thumb Code    36  bms_hardware.o(i.bms_hardware_init)
    bms_millis                               0x08009269   Thumb Code     4  bms_hardware.o(i.bms_millis)
    cmd_68                                   0x0800926d   Thumb Code    54  ltc681x.o(i.cmd_68)
    cs_high                                  0x080092a5   Thumb Code    10  bms_hardware.o(i.cs_high)
    cs_low                                   0x080092b5   Thumb Code    10  bms_hardware.o(i.cs_low)
    delay_u                                  0x080092c5   Thumb Code    28  bms_hardware.o(i.delay_u)
    free                                     0x080092e9   Thumb Code    76  malloc.o(i.free)
    main                                     0x08009339   Thumb Code   118  main.o(i.main)
    malloc                                   0x080093e1   Thumb Code    92  malloc.o(i.malloc)
    osDelay                                  0x0800944d   Thumb Code    26  cmsis_os2.o(i.osDelay)
    osDelayUntil                             0x08009467   Thumb Code    46  cmsis_os2.o(i.osDelayUntil)
    osKernelGetTickCount                     0x08009495   Thumb Code    14  cmsis_os2.o(i.osKernelGetTickCount)
    osKernelInitialize                       0x080094a5   Thumb Code    32  cmsis_os2.o(i.osKernelInitialize)
    osKernelStart                            0x080094c9   Thumb Code    48  cmsis_os2.o(i.osKernelStart)
    osSemaphoreAcquire                       0x08009501   Thumb Code    88  cmsis_os2.o(i.osSemaphoreAcquire)
    osSemaphoreNew                           0x0800955d   Thumb Code   152  cmsis_os2.o(i.osSemaphoreNew)
    osSemaphoreRelease                       0x080095f5   Thumb Code    82  cmsis_os2.o(i.osSemaphoreRelease)
    osThreadNew                              0x0800964d   Thumb Code   138  cmsis_os2.o(i.osThreadNew)
    parse_cells                              0x080096d7   Thumb Code   102  ltc681x.o(i.parse_cells)
    pec15_calc                               0x0800973d   Thumb Code    46  ltc681x.o(i.pec15_calc)
    pvPortMalloc                             0x08009f05   Thumb Code   216  heap_4.o(i.pvPortMalloc)
    pvTaskIncrementMutexHeldCount            0x08009fe1   Thumb Code    18  tasks.o(i.pvTaskIncrementMutexHeldCount)
    pxPortInitialiseStack                    0x08009ff9   Thumb Code    40  port.o(i.pxPortInitialiseStack)
    spi_read_byte                            0x0800a025   Thumb Code     6  bms_hardware.o(i.spi_read_byte)
    spi_write_array                          0x0800a02b   Thumb Code    26  bms_hardware.o(i.spi_write_array)
    spi_write_read                           0x0800a045   Thumb Code    56  bms_hardware.o(i.spi_write_read)
    uxListRemove                             0x0800a0b9   Thumb Code    38  list.o(i.uxListRemove)
    vApplicationGetIdleTaskMemory            0x0800a0e1   Thumb Code    16  cmsis_os2.o(i.vApplicationGetIdleTaskMemory)
    vApplicationGetTimerTaskMemory           0x0800a0f5   Thumb Code    18  cmsis_os2.o(i.vApplicationGetTimerTaskMemory)
    vListInitialise                          0x0800a10d   Thumb Code    22  list.o(i.vListInitialise)
    vListInitialiseItem                      0x0800a123   Thumb Code     6  list.o(i.vListInitialiseItem)
    vListInsert                              0x0800a129   Thumb Code    48  list.o(i.vListInsert)
    vListInsertEnd                           0x0800a159   Thumb Code    24  list.o(i.vListInsertEnd)
    vPortEnterCritical                       0x0800a171   Thumb Code    54  port.o(i.vPortEnterCritical)
    vPortExitCritical                        0x0800a1b1   Thumb Code    34  port.o(i.vPortExitCritical)
    vPortFree                                0x0800a1d9   Thumb Code    94  heap_4.o(i.vPortFree)
    vPortSetupTimerInterrupt                 0x0800a23d   Thumb Code    32  port.o(i.vPortSetupTimerInterrupt)
    vPortValidateInterruptPriority           0x0800a261   Thumb Code    74  port.o(i.vPortValidateInterruptPriority)
    vQueueAddToRegistry                      0x0800a2b5   Thumb Code    34  queue.o(i.vQueueAddToRegistry)
    vQueueDelete                             0x0800a2dd   Thumb Code    46  queue.o(i.vQueueDelete)
    vQueueUnregisterQueue                    0x0800a30d   Thumb Code    36  queue.o(i.vQueueUnregisterQueue)
    vQueueWaitForMessageRestricted           0x0800a335   Thumb Code    68  queue.o(i.vQueueWaitForMessageRestricted)
    vTaskDelay                               0x0800a379   Thumb Code    66  tasks.o(i.vTaskDelay)
    vTaskDelayUntil                          0x0800a3c5   Thumb Code   132  tasks.o(i.vTaskDelayUntil)
    vTaskInternalSetTimeOutState             0x0800a451   Thumb Code    12  tasks.o(i.vTaskInternalSetTimeOutState)
    vTaskMissedYield                         0x0800a461   Thumb Code     8  tasks.o(i.vTaskMissedYield)
    vTaskPlaceOnEventList                    0x0800a46d   Thumb Code    44  tasks.o(i.vTaskPlaceOnEventList)
    vTaskPlaceOnEventListRestricted          0x0800a49d   Thumb Code    52  tasks.o(i.vTaskPlaceOnEventListRestricted)
    vTaskPriorityDisinheritAfterTimeout      0x0800a4d5   Thumb Code   134  tasks.o(i.vTaskPriorityDisinheritAfterTimeout)
    vTaskStartScheduler                      0x0800a565   Thumb Code   118  tasks.o(i.vTaskStartScheduler)
    vTaskSuspendAll                          0x0800a5ed   Thumb Code    10  tasks.o(i.vTaskSuspendAll)
    vTaskSwitchContext                       0x0800a5fd   Thumb Code    90  tasks.o(i.vTaskSwitchContext)
    wakeup_idle                              0x0800a661   Thumb Code    34  ltc681x.o(i.wakeup_idle)
    wakeup_sleep                             0x0800a683   Thumb Code    44  ltc681x.o(i.wakeup_sleep)
    xPortStartScheduler                      0x0800a6b1   Thumb Code   222  port.o(i.xPortStartScheduler)
    xPortSysTickHandler                      0x0800a7a5   Thumb Code    38  port.o(i.xPortSysTickHandler)
    xQueueCreateCountingSemaphore            0x0800a7d1   Thumb Code    58  queue.o(i.xQueueCreateCountingSemaphore)
    xQueueCreateCountingSemaphoreStatic      0x0800a80b   Thumb Code    64  queue.o(i.xQueueCreateCountingSemaphoreStatic)
    xQueueGenericCreate                      0x0800a84b   Thumb Code    66  queue.o(i.xQueueGenericCreate)
    xQueueGenericCreateStatic                0x0800a88d   Thumb Code   102  queue.o(i.xQueueGenericCreateStatic)
    xQueueGenericReset                       0x0800a8f5   Thumb Code   132  queue.o(i.xQueueGenericReset)
    xQueueGenericSend                        0x0800a97d   Thumb Code   346  queue.o(i.xQueueGenericSend)
    xQueueGenericSendFromISR                 0x0800aadd   Thumb Code   190  queue.o(i.xQueueGenericSendFromISR)
    xQueueGiveFromISR                        0x0800ab9b   Thumb Code   156  queue.o(i.xQueueGiveFromISR)
    xQueueReceive                            0x0800ac39   Thumb Code   308  queue.o(i.xQueueReceive)
    xQueueReceiveFromISR                     0x0800ad71   Thumb Code   154  queue.o(i.xQueueReceiveFromISR)
    xQueueSemaphoreTake                      0x0800ae0d   Thumb Code   372  queue.o(i.xQueueSemaphoreTake)
    xTaskCheckForTimeOut                     0x0800af85   Thumb Code   112  tasks.o(i.xTaskCheckForTimeOut)
    xTaskCreate                              0x0800aff9   Thumb Code    90  tasks.o(i.xTaskCreate)
    xTaskCreateStatic                        0x0800b053   Thumb Code    86  tasks.o(i.xTaskCreateStatic)
    xTaskGetSchedulerState                   0x0800b0a9   Thumb Code    22  tasks.o(i.xTaskGetSchedulerState)
    xTaskGetTickCount                        0x0800b0c5   Thumb Code     6  tasks.o(i.xTaskGetTickCount)
    xTaskGetTickCountFromISR                 0x0800b0d1   Thumb Code    12  tasks.o(i.xTaskGetTickCountFromISR)
    xTaskIncrementTick                       0x0800b0e1   Thumb Code   192  tasks.o(i.xTaskIncrementTick)
    xTaskPriorityDisinherit                  0x0800b1a9   Thumb Code   118  tasks.o(i.xTaskPriorityDisinherit)
    xTaskPriorityInherit                     0x0800b229   Thumb Code   112  tasks.o(i.xTaskPriorityInherit)
    xTaskRemoveFromEventList                 0x0800b2a1   Thumb Code    98  tasks.o(i.xTaskRemoveFromEventList)
    xTaskResumeAll                           0x0800b311   Thumb Code   182  tasks.o(i.xTaskResumeAll)
    xTimerCreateTimerTask                    0x0800b3d5   Thumb Code    78  timers.o(i.xTimerCreateTimerTask)
    xTimerGenericCommand                     0x0800b435   Thumb Code    98  timers.o(i.xTimerGenericCommand)
    Task01_attributes                        0x0800b49c   Data          36  freertos.o(.constdata)
    Task02_attributes                        0x0800b4c0   Data          36  freertos.o(.constdata)
    Task03_attributes                        0x0800b4e4   Data          36  freertos.o(.constdata)
    Task04_attributes                        0x0800b508   Data          36  freertos.o(.constdata)
    AHBPrescTable                            0x0800b546   Data          16  system_stm32f4xx.o(.constdata)
    APBPrescTable                            0x0800b556   Data           8  system_stm32f4xx.o(.constdata)
    crc15Table                               0x0800b55e   Data         512  ltc681x.o(.constdata)
    Region$$Table$$Base                      0x0800b780   Number         0  anon$$obj.o(Region$$Table)
    Region$$Table$$Limit                     0x0800b7a0   Number         0  anon$$obj.o(Region$$Table)
    Task01Handle                             0x20000000   Data           4  freertos.o(.data)
    Task02Handle                             0x20000004   Data           4  freertos.o(.data)
    Task03Handle                             0x20000008   Data           4  freertos.o(.data)
    Task04Handle                             0x2000000c   Data           4  freertos.o(.data)
    uwTickFreq                               0x20000024   Data           1  stm32f4xx_hal.o(.data)
    uwTickPrio                               0x20000028   Data           4  stm32f4xx_hal.o(.data)
    uwTick                                   0x2000002c   Data           4  stm32f4xx_hal.o(.data)
    SystemCoreClock                          0x20000030   Data           4  system_stm32f4xx.o(.data)
    pxCurrentTCB                             0x20000034   Data           4  tasks.o(.data)
    __microlib_freelist                      0x200000b8   Data           4  mvars.o(.data)
    __microlib_freelist_initialised          0x200000bc   Data           4  mvars.o(.data)
    hcan1                                    0x200000c0   Data          40  can.o(.bss)
    hcan2                                    0x200000e8   Data          40  can.o(.bss)
    hi2c3                                    0x20000140   Data          84  i2c.o(.bss)
    hrtc                                     0x20000194   Data          32  rtc.o(.bss)
    hspi1                                    0x200001b4   Data          88  spi.o(.bss)
    huart1                                   0x2000028c   Data          72  usart.o(.bss)
    htim14                                   0x200002d4   Data          72  stm32f4xx_hal_timebase_tim.o(.bss)
    xQueueRegistry                           0x2000031c   Data          64  queue.o(.bss)
    rtDW                                     0x200054a8   Data         512  f103_0804_simulink_model.o(.bss)
    __heap_base                              0x200056a8   Data           0  startup_stm32f407xx.o(HEAP)
    __heap_limit                             0x200058a8   Data           0  startup_stm32f407xx.o(HEAP)
    __initial_sp                             0x20005ca8   Data           0  startup_stm32f407xx.o(STACK)



==============================================================================

Memory Map of the image

  Image Entry point : 0x08004189

  Load Region LR_IROM1 (Base: 0x08004000, Size: 0x00007860, Max: 0x0007c000, ABSOLUTE)

    Execution Region ER_IROM1 (Exec base: 0x08004000, Load base: 0x08004000, Size: 0x000077a0, Max: 0x0007c000, ABSOLUTE)

    Exec Addr    Load Addr    Size         Type   Attr      Idx    E Section Name        Object

    0x08004000   0x08004000   0x00000188   Data   RO            3    RESET               startup_stm32f407xx.o
    0x08004188   0x08004188   0x00000000   Code   RO         7632  * .ARM.Collect$$$$00000000  mc_w.l(entry.o)
    0x08004188   0x08004188   0x00000004   Code   RO         7940    .ARM.Collect$$$$00000001  mc_w.l(entry2.o)
    0x0800418c   0x0800418c   0x00000004   Code   RO         7943    .ARM.Collect$$$$00000004  mc_w.l(entry5.o)
    0x08004190   0x08004190   0x00000000   Code   RO         7945    .ARM.Collect$$$$00000008  mc_w.l(entry7b.o)
    0x08004190   0x08004190   0x00000000   Code   RO         7947    .ARM.Collect$$$$0000000A  mc_w.l(entry8b.o)
    0x08004190   0x08004190   0x00000008   Code   RO         7948    .ARM.Collect$$$$0000000B  mc_w.l(entry9a.o)
    0x08004198   0x08004198   0x00000000   Code   RO         7950    .ARM.Collect$$$$0000000D  mc_w.l(entry10a.o)
    0x08004198   0x08004198   0x00000000   Code   RO         7952    .ARM.Collect$$$$0000000F  mc_w.l(entry11a.o)
    0x08004198   0x08004198   0x00000004   Code   RO         7941    .ARM.Collect$$$$00002712  mc_w.l(entry2.o)
    0x0800419c   0x0800419c   0x000000be   Code   RO         6529    .emb_text           port.o
    0x0800425a   0x0800425a   0x00000002   PAD
    0x0800425c   0x0800425c   0x00000024   Code   RO            4    .text               startup_stm32f407xx.o
    0x08004280   0x08004280   0x00000062   Code   RO         7635    .text               mc_w.l(uldiv.o)
    0x080042e2   0x080042e2   0x00000024   Code   RO         7637    .text               mc_w.l(memcpya.o)
    0x08004306   0x08004306   0x00000024   Code   RO         7641    .text               mc_w.l(memseta.o)
    0x0800432a   0x0800432a   0x0000000e   Code   RO         7643    .text               mc_w.l(strlen.o)
    0x08004338   0x08004338   0x0000001a   Code   RO         7936    .text               mf_w.l(dfltui.o)
    0x08004352   0x08004352   0x00000002   PAD
    0x08004354   0x08004354   0x00000030   Code   RO         7938    .text               mf_w.l(cdcmple.o)
    0x08004384   0x08004384   0x0000002c   Code   RO         7957    .text               mc_w.l(uidiv.o)
    0x080043b0   0x080043b0   0x0000001e   Code   RO         7959    .text               mc_w.l(llshl.o)
    0x080043ce   0x080043ce   0x00000020   Code   RO         7961    .text               mc_w.l(llushr.o)
    0x080043ee   0x080043ee   0x00000000   Code   RO         7965    .text               mc_w.l(iusefp.o)
    0x080043ee   0x080043ee   0x000000ba   Code   RO         7966    .text               mf_w.l(depilogue.o)
    0x080044a8   0x080044a8   0x00000024   Code   RO         7978    .text               mc_w.l(init.o)
    0x080044cc   0x080044cc   0x00000114   Code   RO           13    i.AT24C256_SmokeTest  main.o
    0x080045e0   0x080045e0   0x00000034   Code   RO         7492    i.Bms_AdowPollRepeat  bms_app.o
    0x08004614   0x08004614   0x00000018   Code   RO         7493    i.Bms_AnyFlagSet    bms_app.o
    0x0800462c   0x0800462c   0x00000016   Code   RO         7494    i.Bms_ClearU16      bms_app.o
    0x08004642   0x08004642   0x00000002   PAD
    0x08004644   0x08004644   0x0000005c   Code   RO         7495    i.Bms_DetectCellOpenWire  bms_app.o
    0x080046a0   0x080046a0   0x0000005c   Code   RO         7496    i.Bms_DetectTempOpenWire  bms_app.o
    0x080046fc   0x080046fc   0x00000050   Code   RO         7497    i.Bms_EnsureInit    bms_app.o
    0x0800474c   0x0800474c   0x00000028   Code   RO         7498    i.Bms_LED_Control   bms_app.o
    0x08004774   0x08004774   0x00000060   Code   RO         7499    i.Bms_PollAdcTimeout  bms_app.o
    0x080047d4   0x080047d4   0x00000240   Code   RO         7500    i.Bms_RunCellOpenWire  bms_app.o
    0x08004a14   0x08004a14   0x000001ac   Code   RO         7501    i.Bms_RunGpioOpenWire  bms_app.o
    0x08004bc0   0x08004bc0   0x00000078   Code   RO         7502    i.Bms_SampleCellVoltage  bms_app.o
    0x08004c38   0x08004c38   0x0000007c   Code   RO         7503    i.Bms_SampleTemperature  bms_app.o
    0x08004cb4   0x08004cb4   0x00000002   Code   RO          722    i.BusFault_Handler  stm32f4xx_it.o
    0x08004cb6   0x08004cb6   0x00000002   PAD
    0x08004cb8   0x08004cb8   0x0000000c   Code   RO          723    i.CAN1_RX0_IRQHandler  stm32f4xx_it.o
    0x08004cc4   0x08004cc4   0x0000000c   Code   RO          724    i.CAN1_RX1_IRQHandler  stm32f4xx_it.o
    0x08004cd0   0x08004cd0   0x0000000c   Code   RO          725    i.CAN1_SCE_IRQHandler  stm32f4xx_it.o
    0x08004cdc   0x08004cdc   0x0000000c   Code   RO          726    i.CAN1_TX_IRQHandler  stm32f4xx_it.o
    0x08004ce8   0x08004ce8   0x0000000c   Code   RO          727    i.CAN2_RX0_IRQHandler  stm32f4xx_it.o
    0x08004cf4   0x08004cf4   0x0000000c   Code   RO          728    i.CAN2_RX1_IRQHandler  stm32f4xx_it.o
    0x08004d00   0x08004d00   0x0000000c   Code   RO          729    i.CAN2_SCE_IRQHandler  stm32f4xx_it.o
    0x08004d0c   0x08004d0c   0x0000000c   Code   RO          730    i.CAN2_TX_IRQHandler  stm32f4xx_it.o
    0x08004d18   0x08004d18   0x0000003e   Code   RO          346    i.CAN_ConfigFilter  can.o
    0x08004d56   0x08004d56   0x00000002   PAD
    0x08004d58   0x08004d58   0x0000003c   Code   RO          352    i.CAN_SmokeOnTxEmpty  can.o
    0x08004d94   0x08004d94   0x000000a0   Code   RO          353    i.CAN_SmokeQueueNext  can.o
    0x08004e34   0x08004e34   0x0000004c   Code   RO          357    i.CAN_UserInit      can.o
    0x08004e80   0x08004e80   0x00000002   Code   RO          731    i.DebugMon_Handler  stm32f4xx_it.o
    0x08004e82   0x08004e82   0x00000004   Code   RO           14    i.Error_Handler     main.o
    0x08004e86   0x08004e86   0x00000002   Code   RO         7597    i.F103_0804_simulink_model_initialize  f103_0804_simulink_model.o
    0x08004e88   0x08004e88   0x00000046   Code   RO         1889    i.HAL_CAN_AbortTxRequest  stm32f4xx_hal_can.o
    0x08004ece   0x08004ece   0x00000024   Code   RO         1890    i.HAL_CAN_ActivateNotification  stm32f4xx_hal_can.o
    0x08004ef2   0x08004ef2   0x000000bc   Code   RO         1891    i.HAL_CAN_AddTxMessage  stm32f4xx_hal_can.o
    0x08004fae   0x08004fae   0x00000002   PAD
    0x08004fb0   0x08004fb0   0x0000010c   Code   RO         1892    i.HAL_CAN_ConfigFilter  stm32f4xx_hal_can.o
    0x080050bc   0x080050bc   0x00000002   Code   RO         1895    i.HAL_CAN_ErrorCallback  stm32f4xx_hal_can.o
    0x080050be   0x080050be   0x00000002   PAD
    0x080050c0   0x080050c0   0x00000022   Code   RO         1897    i.HAL_CAN_GetRxFifoFillLevel  stm32f4xx_hal_can.o
    0x080050e2   0x080050e2   0x000000f4   Code   RO         1898    i.HAL_CAN_GetRxMessage  stm32f4xx_hal_can.o
    0x080051d6   0x080051d6   0x0000002c   Code   RO         1900    i.HAL_CAN_GetTxMailboxesFreeLevel  stm32f4xx_hal_can.o
    0x08005202   0x08005202   0x000001fc   Code   RO         1902    i.HAL_CAN_IRQHandler  stm32f4xx_hal_can.o
    0x080053fe   0x080053fe   0x0000011a   Code   RO         1903    i.HAL_CAN_Init      stm32f4xx_hal_can.o
    0x08005518   0x08005518   0x00000160   Code   RO          359    i.HAL_CAN_MspInit   can.o
    0x08005678   0x08005678   0x00000002   Code   RO         1910    i.HAL_CAN_RxFifo0FullCallback  stm32f4xx_hal_can.o
    0x0800567a   0x0800567a   0x00000002   PAD
    0x0800567c   0x0800567c   0x0000009c   Code   RO          732    i.HAL_CAN_RxFifo0MsgPendingCallback  stm32f4xx_it.o
    0x08005718   0x08005718   0x00000002   Code   RO         1912    i.HAL_CAN_RxFifo1FullCallback  stm32f4xx_hal_can.o
    0x0800571a   0x0800571a   0x00000002   Code   RO         1913    i.HAL_CAN_RxFifo1MsgPendingCallback  stm32f4xx_hal_can.o
    0x0800571c   0x0800571c   0x00000002   Code   RO         1914    i.HAL_CAN_SleepCallback  stm32f4xx_hal_can.o
    0x0800571e   0x0800571e   0x00000002   PAD
    0x08005720   0x08005720   0x00000058   Code   RO         1915    i.HAL_CAN_Start     stm32f4xx_hal_can.o
    0x08005778   0x08005778   0x00000060   Code   RO         1916    i.HAL_CAN_Stop      stm32f4xx_hal_can.o
    0x080057d8   0x080057d8   0x00000002   Code   RO         1917    i.HAL_CAN_TxMailbox0AbortCallback  stm32f4xx_hal_can.o
    0x080057da   0x080057da   0x00000002   PAD
    0x080057dc   0x080057dc   0x00000014   Code   RO          360    i.HAL_CAN_TxMailbox0CompleteCallback  can.o
    0x080057f0   0x080057f0   0x00000002   Code   RO         1919    i.HAL_CAN_TxMailbox1AbortCallback  stm32f4xx_hal_can.o
    0x080057f2   0x080057f2   0x00000002   PAD
    0x080057f4   0x080057f4   0x00000014   Code   RO          361    i.HAL_CAN_TxMailbox1CompleteCallback  can.o
    0x08005808   0x08005808   0x00000002   Code   RO         1921    i.HAL_CAN_TxMailbox2AbortCallback  stm32f4xx_hal_can.o
    0x0800580a   0x0800580a   0x00000002   PAD
    0x0800580c   0x0800580c   0x00000014   Code   RO          362    i.HAL_CAN_TxMailbox2CompleteCallback  can.o
    0x08005820   0x08005820   0x00000002   Code   RO         1924    i.HAL_CAN_WakeUpFromRxMsgCallback  stm32f4xx_hal_can.o
    0x08005822   0x08005822   0x00000092   Code   RO         2585    i.HAL_DMA_Abort     stm32f4xx_hal_dma.o
    0x080058b4   0x080058b4   0x00000024   Code   RO         2586    i.HAL_DMA_Abort_IT  stm32f4xx_hal_dma.o
    0x080058d8   0x080058d8   0x000001f0   Code   RO         2478    i.HAL_GPIO_Init     stm32f4xx_hal_gpio.o
    0x08005ac8   0x08005ac8   0x0000000a   Code   RO         2482    i.HAL_GPIO_WritePin  stm32f4xx_hal_gpio.o
    0x08005ad2   0x08005ad2   0x00000002   PAD
    0x08005ad4   0x08005ad4   0x0000000c   Code   RO         3028    i.HAL_GetTick       stm32f4xx_hal.o
    0x08005ae0   0x08005ae0   0x00000188   Code   RO         3284    i.HAL_I2C_Init      stm32f4xx_hal_i2c.o
    0x08005c68   0x08005c68   0x0000016c   Code   RO         3285    i.HAL_I2C_IsDeviceReady  stm32f4xx_hal_i2c.o
    0x08005dd4   0x08005dd4   0x00000204   Code   RO         3302    i.HAL_I2C_Mem_Read  stm32f4xx_hal_i2c.o
    0x08005fd8   0x08005fd8   0x00000130   Code   RO         3305    i.HAL_I2C_Mem_Write  stm32f4xx_hal_i2c.o
    0x08006108   0x08006108   0x000000bc   Code   RO          517    i.HAL_I2C_MspInit   i2c.o
    0x080061c4   0x080061c4   0x00000010   Code   RO         3034    i.HAL_IncTick       stm32f4xx_hal.o
    0x080061d4   0x080061d4   0x00000034   Code   RO         3035    i.HAL_Init          stm32f4xx_hal.o
    0x08006208   0x08006208   0x00000098   Code   RO          877    i.HAL_InitTick      stm32f4xx_hal_timebase_tim.o
    0x080062a0   0x080062a0   0x00000038   Code   RO          853    i.HAL_MspInit       stm32f4xx_hal_msp.o
    0x080062d8   0x080062d8   0x0000001a   Code   RO         2870    i.HAL_NVIC_EnableIRQ  stm32f4xx_hal_cortex.o
    0x080062f2   0x080062f2   0x00000002   PAD
    0x080062f4   0x080062f4   0x00000040   Code   RO         2876    i.HAL_NVIC_SetPriority  stm32f4xx_hal_cortex.o
    0x08006334   0x08006334   0x00000024   Code   RO         2877    i.HAL_NVIC_SetPriorityGrouping  stm32f4xx_hal_cortex.o
    0x08006358   0x08006358   0x00000018   Code   RO         2695    i.HAL_PWR_EnableBkUpAccess  stm32f4xx_hal_pwr.o
    0x08006370   0x08006370   0x0000013c   Code   RO         2229    i.HAL_RCCEx_PeriphCLKConfig  stm32f4xx_hal_rcc_ex.o
    0x080064ac   0x080064ac   0x00000134   Code   RO         2124    i.HAL_RCC_ClockConfig  stm32f4xx_hal_rcc.o
    0x080065e0   0x080065e0   0x00000040   Code   RO         2128    i.HAL_RCC_GetClockConfig  stm32f4xx_hal_rcc.o
    0x08006620   0x08006620   0x00000020   Code   RO         2131    i.HAL_RCC_GetPCLK1Freq  stm32f4xx_hal_rcc.o
    0x08006640   0x08006640   0x00000020   Code   RO         2132    i.HAL_RCC_GetPCLK2Freq  stm32f4xx_hal_rcc.o
    0x08006660   0x08006660   0x00000060   Code   RO         2133    i.HAL_RCC_GetSysClockFreq  stm32f4xx_hal_rcc.o
    0x080066c0   0x080066c0   0x0000036c   Code   RO         2136    i.HAL_RCC_OscConfig  stm32f4xx_hal_rcc.o
    0x08006a2c   0x08006a2c   0x0000000a   Code   RO         3901    i.HAL_RTCEx_BKUPRead  stm32f4xx_hal_rtc_ex.o
    0x08006a36   0x08006a36   0x0000000a   Code   RO         3902    i.HAL_RTCEx_BKUPWrite  stm32f4xx_hal_rtc_ex.o
    0x08006a40   0x08006a40   0x00000044   Code   RO         3738    i.HAL_RTC_GetDate   stm32f4xx_hal_rtc.o
    0x08006a84   0x08006a84   0x00000054   Code   RO         3740    i.HAL_RTC_GetTime   stm32f4xx_hal_rtc.o
    0x08006ad8   0x08006ad8   0x0000009c   Code   RO         3741    i.HAL_RTC_Init      stm32f4xx_hal_rtc.o
    0x08006b74   0x08006b74   0x00000038   Code   RO          559    i.HAL_RTC_MspInit   rtc.o
    0x08006bac   0x08006bac   0x00000098   Code   RO         3747    i.HAL_RTC_SetDate   stm32f4xx_hal_rtc.o
    0x08006c44   0x08006c44   0x000000c0   Code   RO         3748    i.HAL_RTC_SetTime   stm32f4xx_hal_rtc.o
    0x08006d04   0x08006d04   0x00000038   Code   RO         3749    i.HAL_RTC_WaitForSynchro  stm32f4xx_hal_rtc.o
    0x08006d3c   0x08006d3c   0x000000bc   Code   RO         4139    i.HAL_SPI_Init      stm32f4xx_hal_spi.o
    0x08006df8   0x08006df8   0x00000068   Code   RO          614    i.HAL_SPI_MspInit   spi.o
    0x08006e60   0x08006e60   0x000001f0   Code   RO         4148    i.HAL_SPI_TransmitReceive  stm32f4xx_hal_spi.o
    0x08007050   0x08007050   0x00000002   Code   RO         1622    i.HAL_TIMEx_BreakCallback  stm32f4xx_hal_tim_ex.o
    0x08007052   0x08007052   0x00000002   Code   RO         1623    i.HAL_TIMEx_CommutCallback  stm32f4xx_hal_tim_ex.o
    0x08007054   0x08007054   0x0000005a   Code   RO          918    i.HAL_TIM_Base_Init  stm32f4xx_hal_tim.o
    0x080070ae   0x080070ae   0x00000002   Code   RO          920    i.HAL_TIM_Base_MspInit  stm32f4xx_hal_tim.o
    0x080070b0   0x080070b0   0x00000080   Code   RO          923    i.HAL_TIM_Base_Start_IT  stm32f4xx_hal_tim.o
    0x08007130   0x08007130   0x00000002   Code   RO          952    i.HAL_TIM_IC_CaptureCallback  stm32f4xx_hal_tim.o
    0x08007132   0x08007132   0x00000130   Code   RO          966    i.HAL_TIM_IRQHandler  stm32f4xx_hal_tim.o
    0x08007262   0x08007262   0x00000002   Code   RO          969    i.HAL_TIM_OC_DelayElapsedCallback  stm32f4xx_hal_tim.o
    0x08007264   0x08007264   0x00000002   Code   RO          996    i.HAL_TIM_PWM_PulseFinishedCallback  stm32f4xx_hal_tim.o
    0x08007266   0x08007266   0x00000002   PAD
    0x08007268   0x08007268   0x00000014   Code   RO           15    i.HAL_TIM_PeriodElapsedCallback  main.o
    0x0800727c   0x0800727c   0x00000002   Code   RO         1009    i.HAL_TIM_TriggerCallback  stm32f4xx_hal_tim.o
    0x0800727e   0x0800727e   0x00000002   Code   RO         4462    i.HAL_UARTEx_RxEventCallback  stm32f4xx_hal_uart.o
    0x08007280   0x08007280   0x00000020   Code   RO          655    i.HAL_UART_ErrorCallback  usart.o
    0x080072a0   0x080072a0   0x00000280   Code   RO         4479    i.HAL_UART_IRQHandler  stm32f4xx_hal_uart.o
    0x08007520   0x08007520   0x00000064   Code   RO         4480    i.HAL_UART_Init     stm32f4xx_hal_uart.o
    0x08007584   0x08007584   0x0000007c   Code   RO          657    i.HAL_UART_MspInit  usart.o
    0x08007600   0x08007600   0x00000002   Code   RO         4486    i.HAL_UART_RxCpltCallback  stm32f4xx_hal_uart.o
    0x08007602   0x08007602   0x000000a0   Code   RO         4488    i.HAL_UART_Transmit  stm32f4xx_hal_uart.o
    0x080076a2   0x080076a2   0x00000032   Code   RO         4490    i.HAL_UART_Transmit_IT  stm32f4xx_hal_uart.o
    0x080076d4   0x080076d4   0x00000020   Code   RO          658    i.HAL_UART_TxCpltCallback  usart.o
    0x080076f4   0x080076f4   0x00000002   Code   RO          733    i.HardFault_Handler  stm32f4xx_it.o
    0x080076f6   0x080076f6   0x0000002e   Code   RO         3327    i.I2C_IsAcknowledgeFailed  stm32f4xx_hal_i2c.o
    0x08007724   0x08007724   0x000000fc   Code   RO         3337    i.I2C_RequestMemoryRead  stm32f4xx_hal_i2c.o
    0x08007820   0x08007820   0x000000a8   Code   RO         3338    i.I2C_RequestMemoryWrite  stm32f4xx_hal_i2c.o
    0x080078c8   0x080078c8   0x00000056   Code   RO         3342    i.I2C_WaitOnBTFFlagUntilTimeout  stm32f4xx_hal_i2c.o
    0x0800791e   0x0800791e   0x00000002   PAD
    0x08007920   0x08007920   0x00000090   Code   RO         3343    i.I2C_WaitOnFlagUntilTimeout  stm32f4xx_hal_i2c.o
    0x080079b0   0x080079b0   0x000000bc   Code   RO         3344    i.I2C_WaitOnMasterAddressFlagUntilTimeout  stm32f4xx_hal_i2c.o
    0x08007a6c   0x08007a6c   0x00000070   Code   RO         3345    i.I2C_WaitOnRXNEFlagUntilTimeout  stm32f4xx_hal_i2c.o
    0x08007adc   0x08007adc   0x00000056   Code   RO         3346    i.I2C_WaitOnTXEFlagUntilTimeout  stm32f4xx_hal_i2c.o
    0x08007b32   0x08007b32   0x00000002   PAD
    0x08007b34   0x08007b34   0x000000e8   Code   RO         7598    i.LED_function_call  f103_0804_simulink_model.o
    0x08007c1c   0x08007c1c   0x00000004   Code   RO         7080    i.LTC6813_adax      ltc6813_stm32.o
    0x08007c20   0x08007c20   0x00000004   Code   RO         7082    i.LTC6813_adcv      ltc6813_stm32.o
    0x08007c24   0x08007c24   0x00000004   Code   RO         7086    i.LTC6813_adow      ltc6813_stm32.o
    0x08007c28   0x08007c28   0x00000004   Code   RO         7089    i.LTC6813_axow      ltc6813_stm32.o
    0x08007c2c   0x08007c2c   0x00000004   Code   RO         7093    i.LTC6813_clraux    ltc6813_stm32.o
    0x08007c30   0x08007c30   0x00000004   Code   RO         7094    i.LTC6813_clrcell   ltc6813_stm32.o
    0x08007c34   0x08007c34   0x00000004   Code   RO         7099    i.LTC6813_init_cfg  ltc6813_stm32.o
    0x08007c38   0x08007c38   0x00000026   Code   RO         7100    i.LTC6813_init_cfgb  ltc6813_stm32.o
    0x08007c5e   0x08007c5e   0x00000002   PAD
    0x08007c60   0x08007c60   0x00000036   Code   RO         7101    i.LTC6813_init_reg_limits  ltc6813_stm32.o
    0x08007c96   0x08007c96   0x00000004   Code   RO         7105    i.LTC6813_rdaux     ltc6813_stm32.o
    0x08007c9a   0x08007c9a   0x0000000a   Code   RO         7109    i.LTC6813_rdcv      ltc6813_stm32.o
    0x08007ca4   0x08007ca4   0x0000001e   Code   RO         6692    i.LTC681x_adax      ltc681x.o
    0x08007cc2   0x08007cc2   0x00000022   Code   RO         6694    i.LTC681x_adcv      ltc681x.o
    0x08007ce4   0x08007ce4   0x00000026   Code   RO         6698    i.LTC681x_adow      ltc681x.o
    0x08007d0a   0x08007d0a   0x00000020   Code   RO         6701    i.LTC681x_axow      ltc681x.o
    0x08007d2a   0x08007d2a   0x00000002   PAD
    0x08007d2c   0x08007d2c   0x00000122   Code   RO         6703    i.LTC681x_check_pec  ltc681x.o
    0x08007e4e   0x08007e4e   0x00000002   PAD
    0x08007e50   0x08007e50   0x00000014   Code   RO         6705    i.LTC681x_clraux    ltc681x.o
    0x08007e64   0x08007e64   0x00000014   Code   RO         6706    i.LTC681x_clrcell   ltc681x.o
    0x08007e78   0x08007e78   0x00000024   Code   RO         6711    i.LTC681x_init_cfg  ltc681x.o
    0x08007e9c   0x08007e9c   0x000000c4   Code   RO         6714    i.LTC681x_rdaux     ltc681x.o
    0x08007f60   0x08007f60   0x00000060   Code   RO         6715    i.LTC681x_rdaux_reg  ltc681x.o
    0x08007fc0   0x08007fc0   0x000000cc   Code   RO         6719    i.LTC681x_rdcv      ltc681x.o
    0x0800808c   0x0800808c   0x0000006e   Code   RO         6720    i.LTC681x_rdcv_reg  ltc681x.o
    0x080080fa   0x080080fa   0x00000002   PAD
    0x080080fc   0x080080fc   0x00000048   Code   RO          363    i.MX_CAN1_Init      can.o
    0x08008144   0x08008144   0x00000048   Code   RO          364    i.MX_CAN2_Init      can.o
    0x0800818c   0x0800818c   0x0000005c   Code   RO          284    i.MX_FREERTOS_Init  freertos.o
    0x080081e8   0x080081e8   0x000000a4   Code   RO          260    i.MX_GPIO_Init      gpio.o
    0x0800828c   0x0800828c   0x00000040   Code   RO          518    i.MX_I2C3_Init      i2c.o
    0x080082cc   0x080082cc   0x0000009c   Code   RO          560    i.MX_RTC_Init       rtc.o
    0x08008368   0x08008368   0x00000048   Code   RO          615    i.MX_SPI1_Init      spi.o
    0x080083b0   0x080083b0   0x00000038   Code   RO          659    i.MX_USART1_UART_Init  usart.o
    0x080083e8   0x080083e8   0x00000002   Code   RO          734    i.MemManage_Handler  stm32f4xx_it.o
    0x080083ea   0x080083ea   0x00000002   PAD
    0x080083ec   0x080083ec   0x00000060   Code   RO          365    i.MyCAN_InitTxIT    can.o
    0x0800844c   0x0800844c   0x0000009c   Code   RO          366    i.MyCAN_ServiceBus  can.o
    0x080084e8   0x080084e8   0x0000003c   Code   RO          367    i.MyCAN_Transmit    can.o
    0x08008524   0x08008524   0x0000008a   Code   RO          368    i.MyCAN_TransmitOne  can.o
    0x080085ae   0x080085ae   0x00000002   PAD
    0x080085b0   0x080085b0   0x0000001c   Code   RO          369    i.MyCAN_TxSem       can.o
    0x080085cc   0x080085cc   0x00000014   Code   RO          370    i.MyCAN_TxSemGiveFromIsr  can.o
    0x080085e0   0x080085e0   0x0000001c   Code   RO          660    i.MyUART_InitTxIT   usart.o
    0x080085fc   0x080085fc   0x00000054   Code   RO          661    i.MyUART_Transmit   usart.o
    0x08008650   0x08008650   0x00000002   Code   RO          735    i.NMI_Handler       stm32f4xx_it.o
    0x08008652   0x08008652   0x00000012   Code   RO         3750    i.RTC_Bcd2ToByte    stm32f4xx_hal_rtc.o
    0x08008664   0x08008664   0x00000016   Code   RO         3751    i.RTC_ByteToBcd2    stm32f4xx_hal_rtc.o
    0x0800867a   0x0800867a   0x00000002   PAD
    0x0800867c   0x0800867c   0x00000048   Code   RO         3752    i.RTC_EnterInitMode  stm32f4xx_hal_rtc.o
    0x080086c4   0x080086c4   0x0000002a   Code   RO         3753    i.RTC_ExitInitMode  stm32f4xx_hal_rtc.o
    0x080086ee   0x080086ee   0x00000002   PAD
    0x080086f0   0x080086f0   0x0000002c   Code   RO          561    i.RTC_GetDateTime   rtc.o
    0x0800871c   0x0800871c   0x00000068   Code   RO          562    i.RTC_GetTotalSeconds  rtc.o
    0x08008784   0x08008784   0x0000006c   Code   RO         4177    i.SPI_EndRxTxTransaction  stm32f4xx_hal_spi.o
    0x080087f0   0x080087f0   0x000000bc   Code   RO         4182    i.SPI_WaitFlagStateUntilTimeout  stm32f4xx_hal_spi.o
    0x080088ac   0x080088ac   0x00000050   Code   RO         7599    i.Sample_function_call  f103_0804_simulink_model.o
    0x080088fc   0x080088fc   0x0000000c   Code   RO          285    i.StartDefaultTask  freertos.o
    0x08008908   0x08008908   0x0000000c   Code   RO          286    i.StartTask02       freertos.o
    0x08008914   0x08008914   0x00000044   Code   RO          287    i.StartTask03       freertos.o
    0x08008958   0x08008958   0x000000a4   Code   RO          288    i.StartTask04       freertos.o
    0x080089fc   0x080089fc   0x0000001a   Code   RO         5961    i.SysTick_Handler   cmsis_os2.o
    0x08008a16   0x08008a16   0x00000002   PAD
    0x08008a18   0x08008a18   0x00000098   Code   RO           16    i.SystemClock_Config  main.o
    0x08008ab0   0x08008ab0   0x0000001c   Code   RO         4814    i.SystemInit        system_stm32f4xx.o
    0x08008acc   0x08008acc   0x0000000c   Code   RO          736    i.TIM8_TRG_COM_TIM14_IRQHandler  stm32f4xx_it.o
    0x08008ad8   0x08008ad8   0x000000d0   Code   RO         1011    i.TIM_Base_SetConfig  stm32f4xx_hal_tim.o
    0x08008ba8   0x08008ba8   0x0000000e   Code   RO         4493    i.UART_DMAAbortOnError  stm32f4xx_hal_uart.o
    0x08008bb6   0x08008bb6   0x0000004e   Code   RO         4503    i.UART_EndRxTransfer  stm32f4xx_hal_uart.o
    0x08008c04   0x08008c04   0x000000c2   Code   RO         4505    i.UART_Receive_IT   stm32f4xx_hal_uart.o
    0x08008cc6   0x08008cc6   0x00000002   PAD
    0x08008cc8   0x08008cc8   0x0000010c   Code   RO         4506    i.UART_SetConfig    stm32f4xx_hal_uart.o
    0x08008dd4   0x08008dd4   0x00000072   Code   RO         4509    i.UART_WaitOnFlagUntilTimeout  stm32f4xx_hal_uart.o
    0x08008e46   0x08008e46   0x00000002   PAD
    0x08008e48   0x08008e48   0x0000000c   Code   RO          737    i.USART1_IRQHandler  stm32f4xx_it.o
    0x08008e54   0x08008e54   0x0000001c   Code   RO           17    i.Uart_Print        main.o
    0x08008e70   0x08008e70   0x00000002   Code   RO          738    i.UsageFault_Handler  stm32f4xx_it.o
    0x08008e72   0x08008e72   0x00000002   PAD
    0x08008e74   0x08008e74   0x00000030   Code   RO         7803    i.__0snprintf$6     mc_w.l(printf6.o)
    0x08008ea4   0x08008ea4   0x00000020   Code   RO         2883    i.__NVIC_SetPriority  stm32f4xx_hal_cortex.o
    0x08008ec4   0x08008ec4   0x0000000e   Code   RO         7986    i.__scatterload_copy  mc_w.l(handlers.o)
    0x08008ed2   0x08008ed2   0x00000002   Code   RO         7987    i.__scatterload_null  mc_w.l(handlers.o)
    0x08008ed4   0x08008ed4   0x0000000e   Code   RO         7988    i.__scatterload_zeroinit  mc_w.l(handlers.o)
    0x08008ee2   0x08008ee2   0x00000002   PAD
    0x08008ee4   0x08008ee4   0x000002f0   Code   RO         7809    i._printf_core      mc_w.l(printf6.o)
    0x080091d4   0x080091d4   0x00000024   Code   RO         7810    i._printf_post_padding  mc_w.l(printf6.o)
    0x080091f8   0x080091f8   0x0000002e   Code   RO         7811    i._printf_pre_padding  mc_w.l(printf6.o)
    0x08009226   0x08009226   0x00000016   Code   RO         7812    i._snputc           mc_w.l(printf6.o)
    0x0800923c   0x0800923c   0x0000002c   Code   RO         6609    i.bms_hardware_init  bms_hardware.o
    0x08009268   0x08009268   0x00000004   Code   RO         6610    i.bms_millis        bms_hardware.o
    0x0800926c   0x0800926c   0x00000036   Code   RO         6750    i.cmd_68            ltc681x.o
    0x080092a2   0x080092a2   0x00000002   PAD
    0x080092a4   0x080092a4   0x00000010   Code   RO         6611    i.cs_high           bms_hardware.o
    0x080092b4   0x080092b4   0x00000010   Code   RO         6612    i.cs_low            bms_hardware.o
    0x080092c4   0x080092c4   0x00000024   Code   RO         6614    i.delay_u           bms_hardware.o
    0x080092e8   0x080092e8   0x00000050   Code   RO         7908    i.free              mc_w.l(malloc.o)
    0x08009338   0x08009338   0x000000a8   Code   RO           18    i.main              main.o
    0x080093e0   0x080093e0   0x0000006c   Code   RO         7909    i.malloc            mc_w.l(malloc.o)
    0x0800944c   0x0800944c   0x0000001a   Code   RO         5963    i.osDelay           cmsis_os2.o
    0x08009466   0x08009466   0x0000002e   Code   RO         5964    i.osDelayUntil      cmsis_os2.o
    0x08009494   0x08009494   0x0000000e   Code   RO         5975    i.osKernelGetTickCount  cmsis_os2.o
    0x080094a2   0x080094a2   0x00000002   PAD
    0x080094a4   0x080094a4   0x00000024   Code   RO         5977    i.osKernelInitialize  cmsis_os2.o
    0x080094c8   0x080094c8   0x00000038   Code   RO         5980    i.osKernelStart     cmsis_os2.o
    0x08009500   0x08009500   0x0000005c   Code   RO         6005    i.osSemaphoreAcquire  cmsis_os2.o
    0x0800955c   0x0800955c   0x00000098   Code   RO         6008    i.osSemaphoreNew    cmsis_os2.o
    0x080095f4   0x080095f4   0x00000058   Code   RO         6009    i.osSemaphoreRelease  cmsis_os2.o
    0x0800964c   0x0800964c   0x0000008a   Code   RO         6022    i.osThreadNew       cmsis_os2.o
    0x080096d6   0x080096d6   0x00000066   Code   RO         6751    i.parse_cells       ltc681x.o
    0x0800973c   0x0800973c   0x00000034   Code   RO         6752    i.pec15_calc        ltc681x.o
    0x08009770   0x08009770   0x0000005c   Code   RO         5422    i.prvAddCurrentTaskToDelayedList  tasks.o
    0x080097cc   0x080097cc   0x000000d0   Code   RO         5423    i.prvAddNewTaskToReadyList  tasks.o
    0x0800989c   0x0800989c   0x00000058   Code   RO         5787    i.prvCheckForValidListAndQueue  timers.o
    0x080098f4   0x080098f4   0x00000026   Code   RO         5019    i.prvCopyDataFromQueue  queue.o
    0x0800991a   0x0800991a   0x0000006c   Code   RO         5020    i.prvCopyDataToQueue  queue.o
    0x08009986   0x08009986   0x00000034   Code   RO         5424    i.prvDeleteTCB      tasks.o
    0x080099ba   0x080099ba   0x00000002   PAD
    0x080099bc   0x080099bc   0x0000004c   Code   RO         6474    i.prvHeapInit       heap_4.o
    0x08009a08   0x08009a08   0x00000060   Code   RO         5425    i.prvIdleTask       tasks.o
    0x08009a68   0x08009a68   0x00000022   Code   RO         5022    i.prvInitialiseNewQueue  queue.o
    0x08009a8a   0x08009a8a   0x00000002   PAD
    0x08009a8c   0x08009a8c   0x000000b0   Code   RO         5426    i.prvInitialiseNewTask  tasks.o
    0x08009b3c   0x08009b3c   0x0000004c   Code   RO         6475    i.prvInsertBlockIntoFreeList  heap_4.o
    0x08009b88   0x08009b88   0x00000038   Code   RO         5789    i.prvInsertTimerInActiveList  timers.o
    0x08009bc0   0x08009bc0   0x0000001c   Code   RO         5023    i.prvIsQueueEmpty   queue.o
    0x08009bdc   0x08009bdc   0x000000fc   Code   RO         5790    i.prvProcessReceivedCommands  timers.o
    0x08009cd8   0x08009cd8   0x000000c0   Code   RO         5791    i.prvProcessTimerOrBlockTask  timers.o
    0x08009d98   0x08009d98   0x00000020   Code   RO         5428    i.prvResetNextTaskUnblockTime  tasks.o
    0x08009db8   0x08009db8   0x00000028   Code   RO         5792    i.prvSampleTimeNow  timers.o
    0x08009de0   0x08009de0   0x0000006c   Code   RO         5793    i.prvSwitchTimerLists  timers.o
    0x08009e4c   0x08009e4c   0x00000028   Code   RO         6530    i.prvTaskExitError  port.o
    0x08009e74   0x08009e74   0x00000024   Code   RO         5794    i.prvTimerTask      timers.o
    0x08009e98   0x08009e98   0x0000006a   Code   RO         5024    i.prvUnlockQueue    queue.o
    0x08009f02   0x08009f02   0x00000002   PAD
    0x08009f04   0x08009f04   0x000000dc   Code   RO         6476    i.pvPortMalloc      heap_4.o
    0x08009fe0   0x08009fe0   0x00000018   Code   RO         5431    i.pvTaskIncrementMutexHeldCount  tasks.o
    0x08009ff8   0x08009ff8   0x0000002c   Code   RO         6531    i.pxPortInitialiseStack  port.o
    0x0800a024   0x0800a024   0x00000006   Code   RO         6616    i.spi_read_byte     bms_hardware.o
    0x0800a02a   0x0800a02a   0x0000001a   Code   RO         6617    i.spi_write_array   bms_hardware.o
    0x0800a044   0x0800a044   0x00000038   Code   RO         6618    i.spi_write_read    bms_hardware.o
    0x0800a07c   0x0800a07c   0x0000003c   Code   RO         6619    i.spi_xfer          bms_hardware.o
    0x0800a0b8   0x0800a0b8   0x00000026   Code   RO         4979    i.uxListRemove      list.o
    0x0800a0de   0x0800a0de   0x00000002   PAD
    0x0800a0e0   0x0800a0e0   0x00000014   Code   RO         6034    i.vApplicationGetIdleTaskMemory  cmsis_os2.o
    0x0800a0f4   0x0800a0f4   0x00000018   Code   RO         6035    i.vApplicationGetTimerTaskMemory  cmsis_os2.o
    0x0800a10c   0x0800a10c   0x00000016   Code   RO         4980    i.vListInitialise   list.o
    0x0800a122   0x0800a122   0x00000006   Code   RO         4981    i.vListInitialiseItem  list.o
    0x0800a128   0x0800a128   0x00000030   Code   RO         4982    i.vListInsert       list.o
    0x0800a158   0x0800a158   0x00000018   Code   RO         4983    i.vListInsertEnd    list.o
    0x0800a170   0x0800a170   0x00000040   Code   RO         6533    i.vPortEnterCritical  port.o
    0x0800a1b0   0x0800a1b0   0x00000028   Code   RO         6534    i.vPortExitCritical  port.o
    0x0800a1d8   0x0800a1d8   0x00000064   Code   RO         6477    i.vPortFree         heap_4.o
    0x0800a23c   0x0800a23c   0x00000024   Code   RO         6535    i.vPortSetupTimerInterrupt  port.o
    0x0800a260   0x0800a260   0x00000054   Code   RO         6536    i.vPortValidateInterruptPriority  port.o
    0x0800a2b4   0x0800a2b4   0x00000028   Code   RO         5030    i.vQueueAddToRegistry  queue.o
    0x0800a2dc   0x0800a2dc   0x0000002e   Code   RO         5031    i.vQueueDelete      queue.o
    0x0800a30a   0x0800a30a   0x00000002   PAD
    0x0800a30c   0x0800a30c   0x00000028   Code   RO         5033    i.vQueueUnregisterQueue  queue.o
    0x0800a334   0x0800a334   0x00000044   Code   RO         5034    i.vQueueWaitForMessageRestricted  queue.o
    0x0800a378   0x0800a378   0x0000004c   Code   RO         5441    i.vTaskDelay        tasks.o
    0x0800a3c4   0x0800a3c4   0x0000008c   Code   RO         5442    i.vTaskDelayUntil   tasks.o
    0x0800a450   0x0800a450   0x00000010   Code   RO         5446    i.vTaskInternalSetTimeOutState  tasks.o
    0x0800a460   0x0800a460   0x0000000c   Code   RO         5447    i.vTaskMissedYield  tasks.o
    0x0800a46c   0x0800a46c   0x00000030   Code   RO         5449    i.vTaskPlaceOnEventList  tasks.o
    0x0800a49c   0x0800a49c   0x00000038   Code   RO         5450    i.vTaskPlaceOnEventListRestricted  tasks.o
    0x0800a4d4   0x0800a4d4   0x00000090   Code   RO         5452    i.vTaskPriorityDisinheritAfterTimeout  tasks.o
    0x0800a564   0x0800a564   0x00000088   Code   RO         5458    i.vTaskStartScheduler  tasks.o
    0x0800a5ec   0x0800a5ec   0x00000010   Code   RO         5460    i.vTaskSuspendAll   tasks.o
    0x0800a5fc   0x0800a5fc   0x00000064   Code   RO         5461    i.vTaskSwitchContext  tasks.o
    0x0800a660   0x0800a660   0x00000022   Code   RO         6754    i.wakeup_idle       ltc681x.o
    0x0800a682   0x0800a682   0x0000002c   Code   RO         6755    i.wakeup_sleep      ltc681x.o
    0x0800a6ae   0x0800a6ae   0x00000002   PAD
    0x0800a6b0   0x0800a6b0   0x000000f4   Code   RO         6537    i.xPortStartScheduler  port.o
    0x0800a7a4   0x0800a7a4   0x0000002c   Code   RO         6538    i.xPortSysTickHandler  port.o
    0x0800a7d0   0x0800a7d0   0x0000003a   Code   RO         5035    i.xQueueCreateCountingSemaphore  queue.o
    0x0800a80a   0x0800a80a   0x00000040   Code   RO         5036    i.xQueueCreateCountingSemaphoreStatic  queue.o
    0x0800a84a   0x0800a84a   0x00000042   Code   RO         5039    i.xQueueGenericCreate  queue.o
    0x0800a88c   0x0800a88c   0x00000066   Code   RO         5040    i.xQueueGenericCreateStatic  queue.o
    0x0800a8f2   0x0800a8f2   0x00000002   PAD
    0x0800a8f4   0x0800a8f4   0x00000088   Code   RO         5041    i.xQueueGenericReset  queue.o
    0x0800a97c   0x0800a97c   0x00000160   Code   RO         5042    i.xQueueGenericSend  queue.o
    0x0800aadc   0x0800aadc   0x000000be   Code   RO         5043    i.xQueueGenericSendFromISR  queue.o
    0x0800ab9a   0x0800ab9a   0x0000009c   Code   RO         5046    i.xQueueGiveFromISR  queue.o
    0x0800ac36   0x0800ac36   0x00000002   PAD
    0x0800ac38   0x0800ac38   0x00000138   Code   RO         5052    i.xQueueReceive     queue.o
    0x0800ad70   0x0800ad70   0x0000009a   Code   RO         5053    i.xQueueReceiveFromISR  queue.o
    0x0800ae0a   0x0800ae0a   0x00000002   PAD
    0x0800ae0c   0x0800ae0c   0x00000178   Code   RO         5054    i.xQueueSemaphoreTake  queue.o
    0x0800af84   0x0800af84   0x00000074   Code   RO         5463    i.xTaskCheckForTimeOut  tasks.o
    0x0800aff8   0x0800aff8   0x0000005a   Code   RO         5464    i.xTaskCreate       tasks.o
    0x0800b052   0x0800b052   0x00000056   Code   RO         5465    i.xTaskCreateStatic  tasks.o
    0x0800b0a8   0x0800b0a8   0x0000001c   Code   RO         5469    i.xTaskGetSchedulerState  tasks.o
    0x0800b0c4   0x0800b0c4   0x0000000c   Code   RO         5470    i.xTaskGetTickCount  tasks.o
    0x0800b0d0   0x0800b0d0   0x00000010   Code   RO         5471    i.xTaskGetTickCountFromISR  tasks.o
    0x0800b0e0   0x0800b0e0   0x000000c8   Code   RO         5472    i.xTaskIncrementTick  tasks.o
    0x0800b1a8   0x0800b1a8   0x00000080   Code   RO         5475    i.xTaskPriorityDisinherit  tasks.o
    0x0800b228   0x0800b228   0x00000078   Code   RO         5476    i.xTaskPriorityInherit  tasks.o
    0x0800b2a0   0x0800b2a0   0x00000070   Code   RO         5477    i.xTaskRemoveFromEventList  tasks.o
    0x0800b310   0x0800b310   0x000000c4   Code   RO         5478    i.xTaskResumeAll    tasks.o
    0x0800b3d4   0x0800b3d4   0x00000060   Code   RO         5803    i.xTimerCreateTimerTask  timers.o
    0x0800b434   0x0800b434   0x00000068   Code   RO         5804    i.xTimerGenericCommand  timers.o
    0x0800b49c   0x0800b49c   0x00000090   Data   RO          289    .constdata          freertos.o
    0x0800b52c   0x0800b52c   0x0000001a   Data   RO          564    .constdata          rtc.o
    0x0800b546   0x0800b546   0x00000010   Data   RO         4815    .constdata          system_stm32f4xx.o
    0x0800b556   0x0800b556   0x00000008   Data   RO         4816    .constdata          system_stm32f4xx.o
    0x0800b55e   0x0800b55e   0x00000200   Data   RO         6757    .constdata          ltc681x.o
    0x0800b75e   0x0800b75e   0x00000002   PAD
    0x0800b760   0x0800b760   0x0000001f   Data   RO          290    .conststring        freertos.o
    0x0800b77f   0x0800b77f   0x00000001   PAD
    0x0800b780   0x0800b780   0x00000020   Data   RO         7984    Region$$Table       anon$$obj.o


    Execution Region RW_IRAM1 (Exec base: 0x20000000, Load base: 0x0800b7a0, Size: 0x00005ca8, Max: 0x0001bff0, ABSOLUTE)

    Exec Addr    Load Addr    Size         Type   Attr      Idx    E Section Name        Object

    0x20000000   0x0800b7a0   0x00000010   Data   RW          291    .data               freertos.o
    0x20000010   0x0800b7b0   0x00000010   Data   RW          372    .data               can.o
    0x20000020   0x0800b7c0   0x00000004   Data   RW          663    .data               usart.o
    0x20000024   0x0800b7c4   0x0000000c   Data   RW         3042    .data               stm32f4xx_hal.o
    0x20000030   0x0800b7d0   0x00000004   Data   RW         4817    .data               system_stm32f4xx.o
    0x20000034   0x0800b7d4   0x0000003c   Data   RW         5481    .data               tasks.o
    0x20000070   0x0800b810   0x00000014   Data   RW         5812    .data               timers.o
    0x20000084   0x0800b824   0x00000004   Data   RW         6037    .data               cmsis_os2.o
    0x20000088   0x0800b828   0x00000020   Data   RW         6483    .data               heap_4.o
    0x200000a8   0x0800b848   0x0000000c   Data   RW         6539    .data               port.o
    0x200000b4   0x0800b854   0x00000001   Data   RW         7507    .data               bms_app.o
    0x200000b5   0x0800b855   0x00000003   PAD
    0x200000b8   0x0800b858   0x00000004   Data   RW         7963    .data               mc_w.l(mvars.o)
    0x200000bc   0x0800b85c   0x00000004   Data   RW         7964    .data               mc_w.l(mvars.o)
    0x200000c0        -       0x00000080   Zero   RW          371    .bss                can.o
    0x20000140        -       0x00000054   Zero   RW          519    .bss                i2c.o
    0x20000194        -       0x00000020   Zero   RW          563    .bss                rtc.o
    0x200001b4        -       0x00000058   Zero   RW          616    .bss                spi.o
    0x2000020c        -       0x000000c8   Zero   RW          662    .bss                usart.o
    0x200002d4        -       0x00000048   Zero   RW          880    .bss                stm32f4xx_hal_timebase_tim.o
    0x2000031c        -       0x00000040   Zero   RW         5056    .bss                queue.o
    0x2000035c        -       0x000004c4   Zero   RW         5480    .bss                tasks.o
    0x20000820        -       0x00000118   Zero   RW         5811    .bss                timers.o
    0x20000938        -       0x000006b8   Zero   RW         6036    .bss                cmsis_os2.o
    0x20000ff0        -       0x00003c00   Zero   RW         6482    .bss                heap_4.o
    0x20004bf0        -       0x000008b8   Zero   RW         7506    .bss                bms_app.o
    0x200054a8        -       0x00000200   Zero   RW         7600    .bss                f103_0804_simulink_model.o
    0x200056a8        -       0x00000200   Zero   RW            2    HEAP                startup_stm32f407xx.o
    0x200058a8        -       0x00000400   Zero   RW            1    STACK               startup_stm32f407xx.o


    Execution Region RW_IRAM2 (Exec base: 0x2001c000, Load base: 0x0800b860, Size: 0x00000000, Max: 0x00004000, ABSOLUTE)

    **** No section assigned to this execution region ****


==============================================================================

Image component sizes


      Code (inc. data)   RO Data    RW Data    ZI Data      Debug   Object Name

      1746         50          0          1       2232      13274   bms_app.o
       264         34          0          0          0       5521   bms_hardware.o
      1412        122          0         16        128      12864   can.o
       718         32          0          4       1720      70244   cmsis_os2.o
         0          0          0          0          0      19636   event_groups.o
       314         22          0          0        512       5448   f103_0804_simulink_model.o
       348         88        175         16          0       4146   freertos.o
       164         14          0          0          0       1015   gpio.o
       472         24          0         32      15360       5019   heap_4.o
       252         32          0          0         84       1837   i2c.o
       138          0          0          0          0       3698   list.o
       134          0          0          0          0       9212   ltc6813_stm32.o
      1392         20        512          0          0      16919   ltc681x.o
       648        210          0          0          0     761956   main.o
       786         82          0         12          0      11753   port.o
      2474         28          0          0         64      26972   queue.o
       360         26         26          0         32       3179   rtc.o
       176         20          0          0         88       1773   spi.o
        36          8        392          0       1536        856   startup_stm32f407xx.o
        80         14          0         12          0       8210   stm32f4xx_hal.o
      1876          6          0          0          0      16151   stm32f4xx_hal_can.o
       158         14          0          0          0      33162   stm32f4xx_hal_cortex.o
       182          0          0          0          0       2159   stm32f4xx_hal_dma.o
       506         46          0          0          0       2252   stm32f4xx_hal_gpio.o
      2658         62          0          0          0      14926   stm32f4xx_hal_i2c.o
        56          4          0          0          0        910   stm32f4xx_hal_msp.o
        24          8          0          0          0       1123   stm32f4xx_hal_pwr.o
      1408         82          0          0          0       6061   stm32f4xx_hal_rcc.o
       316         20          0          0          0       1432   stm32f4xx_hal_rcc_ex.o
       862         36          0          0          0       8413   stm32f4xx_hal_rtc.o
        20          0          0          0          0       1783   stm32f4xx_hal_rtc_ex.o
       980         16          0          0          0       5009   stm32f4xx_hal_spi.o
       740         72          0          0          0       7712   stm32f4xx_hal_tim.o
         4          0          0          0          0       1693   stm32f4xx_hal_tim_ex.o
       152         20          0          0         72       1544   stm32f4xx_hal_timebase_tim.o
      1622         14          0          0          0      10472   stm32f4xx_hal_uart.o
       288         82          0          0          0       9987   stm32f4xx_it.o
         0          0          0          0          0        448   stream_buffer.o
        28          8         24          4          0       1255   system_stm32f4xx.o
      2528        204          0         60       1220      31942   tasks.o
       972         80          0         20        280      32547   timers.o
       356         54          0          4        200       4441   usart.o

    ----------------------------------------------------------------------
     27728       1654       1164        184      23528    1178954   Object Totals
         0          0         32          0          0          0   (incl. Generated)
        78          0          3          3          0          0   (incl. Padding)

    ----------------------------------------------------------------------

      Code (inc. data)   RO Data    RW Data    ZI Data      Debug   Library Member Name

         0          0          0          0          0          0   entry.o
         0          0          0          0          0          0   entry10a.o
         0          0          0          0          0          0   entry11a.o
         8          4          0          0          0          0   entry2.o
         4          0          0          0          0          0   entry5.o
         0          0          0          0          0          0   entry7b.o
         0          0          0          0          0          0   entry8b.o
         8          4          0          0          0          0   entry9a.o
        30          0          0          0          0          0   handlers.o
        36          8          0          0          0         68   init.o
         0          0          0          0          0          0   iusefp.o
        30          0          0          0          0         68   llshl.o
        32          0          0          0          0         68   llushr.o
       188         20          0          0          0        160   malloc.o
        36          0          0          0          0         68   memcpya.o
        36          0          0          0          0        108   memseta.o
         0          0          0          8          0          0   mvars.o
       904          8          0          0          0        420   printf6.o
        14          0          0          0          0         68   strlen.o
        44          0          0          0          0         80   uidiv.o
        98          0          0          0          0         92   uldiv.o
        48          0          0          0          0         68   cdcmple.o
       186          0          0          0          0        176   depilogue.o
        26          0          0          0          0         76   dfltui.o

    ----------------------------------------------------------------------
      1732         44          0          8          0       1520   Library Totals
         4          0          0          0          0          0   (incl. Padding)

    ----------------------------------------------------------------------

      Code (inc. data)   RO Data    RW Data    ZI Data      Debug   Library Name

      1468         44          0          8          0       1200   mc_w.l
       260          0          0          0          0        320   mf_w.l

    ----------------------------------------------------------------------
      1732         44          0          8          0       1520   Library Totals

    ----------------------------------------------------------------------

==============================================================================


      Code (inc. data)   RO Data    RW Data    ZI Data      Debug   

     29460       1698       1164        192      23528    1151698   Grand Totals
     29460       1698       1164        192      23528    1151698   ELF Image Totals
     29460       1698       1164        192          0          0   ROM Totals

==============================================================================

    Total RO  Size (Code + RO Data)                30624 (  29.91kB)
    Total RW  Size (RW Data + ZI Data)             23720 (  23.16kB)
    Total ROM Size (Code + RO Data + RW Data)      30816 (  30.09kB)

==============================================================================

