<html>
<body>
<pre>
<h1>µVision Build Log</h1>
<h2>Tool Versions:</h2>
IDE-Version: ¦ÌVision V5.41.0.0
Copyright (C) 2024 ARM Ltd and ARM Germany GmbH. All rights reserved.
License Information: 11 Admin1, 11, LIC=YA39H-W3585-631MB-2Y35H-ATN5F-M33ID
 
Tool Versions:
Toolchain:       MDK-ARM Plus  Version: 5.41.0.0
Toolchain Path:  E:\SOFTWARE_PACKAGE_INSTALLING\Keil_v5\ARM\ARMCC\Bin
C Compiler:      Armcc.exe V5.06 update 6 (build 750)
Assembler:       Armasm.exe V5.06 update 6 (build 750)
Linker/Locator:  ArmLink.exe V5.06 update 6 (build 750)
Library Manager: ArmAr.exe V5.06 update 6 (build 750)
Hex Converter:   FromElf.exe V5.06 update 6 (build 750)
CPU DLL:         SARMCM3.DLL V5.41.0.0
Dialog DLL:      DCM.DLL V1.17.5.0
Target DLL:      STLink\ST-LINKIII-KEIL_SWO.dll V3.3.0.0
Dialog DLL:      TCM.DLL V1.56.4.0
 
<h2>Project:</h2>
D:\FSAE_CHD\gitee\STM32_LTC68xx_BMS_Chang-an\F103_0811_simulink\MDK-ARM\F103_0804_simulink.uvprojx
Project File Date:  08/12/2026

<h2>Output:</h2>
*** Using Compiler 'V5.06 update 6 (build 750)', folder: 'E:\SOFTWARE_PACKAGE_INSTALLING\Keil_v5\ARM\ARMCC\Bin'
Rebuild target 'F103_0804_simulink'
assembling startup_stm32f103xb.s...
compiling gpio.c...
compiling F103_0804_simulink_model.c...
compiling croutine.c...
compiling LTC6813_stm32.c...
..\LTC681x\LTC681x.h(404): warning:  #1295-D: Deprecated declaration LTC681x_pladc - give arg types
  uint8_t LTC681x_pladc();
..\LTC681x\LTC681x.h(410): warning:  #1295-D: Deprecated declaration LTC681x_pollAdc - give arg types
  uint32_t LTC681x_pollAdc();
..\LTC681x\LTC681x.h(418): warning:  #1295-D: Deprecated declaration LTC681x_clrcell - give arg types
  void LTC681x_clrcell();
..\LTC681x\LTC681x.h(426): warning:  #1295-D: Deprecated declaration LTC681x_clraux - give arg types
  void LTC681x_clraux();
..\LTC681x\LTC681x.h(434): warning:  #1295-D: Deprecated declaration LTC681x_clrstat - give arg types
  void LTC681x_clrstat();
..\LTC681x\LTC681x.h(443): warning:  #1295-D: Deprecated declaration LTC681x_diagn - give arg types
  void LTC681x_diagn();
..\LTC681x\LTC681x.h(630): warning:  #1295-D: Deprecated declaration LTC681x_stsctrl - give arg types
  void LTC681x_stsctrl();
..\LTC681x\LTC681x.h(638): warning:  #1295-D: Deprecated declaration LTC681x_clrsctrl - give arg types
  void LTC681x_clrsctrl();
..\LTC681x\LTC6813_stm32.h(195): warning:  #1295-D: Deprecated declaration LTC6813_pladc - give arg types
  uint8_t LTC6813_pladc();
..\LTC681x\LTC6813_stm32.h(201): warning:  #1295-D: Deprecated declaration LTC6813_pollAdc - give arg types
  uint32_t LTC6813_pollAdc();
..\LTC681x\LTC6813_stm32.h(207): warning:  #1295-D: Deprecated declaration LTC6813_clrcell - give arg types
  void LTC6813_clrcell();
..\LTC681x\LTC6813_stm32.h(213): warning:  #1295-D: Deprecated declaration LTC6813_clraux - give arg types
  void LTC6813_clraux();
..\LTC681x\LTC6813_stm32.h(219): warning:  #1295-D: Deprecated declaration LTC6813_clrstat - give arg types
  void LTC6813_clrstat();
..\LTC681x\LTC6813_stm32.h(228): warning:  #1295-D: Deprecated declaration LTC6813_diagn - give arg types
  void LTC6813_diagn();
..\LTC681x\LTC6813_stm32.h(413): warning:  #1295-D: Deprecated declaration LTC6813_stsctrl - give arg types
  void LTC6813_stsctrl();
..\LTC681x\LTC6813_stm32.h(419): warning:  #1295-D: Deprecated declaration LTC6813_clrsctrl - give arg types
  void LTC6813_clrsctrl();
..\LTC681x\LTC6813_stm32.h(468): warning:  #1295-D: Deprecated declaration LTC6813_mute - give arg types
  void LTC6813_mute();
..\LTC681x\LTC6813_stm32.h(474): warning:  #1295-D: Deprecated declaration LTC6813_unmute - give arg types
  void LTC6813_unmute();
..\LTC681x\LTC6813_stm32.c(328): warning:  #550-D: variable "conv_time"  was set but never used
  	uint32_t conv_time=0;  
..\LTC681x\LTC6813_stm32.c(784): warning:  #1-D: last line of file ends without a newline
  }
..\LTC681x\LTC6813_stm32.c: 20 warnings, 0 errors
compiling event_groups.c...
compiling can.c...
compiling freertos.c...
compiling LTC681x.c...
..\LTC681x\LTC681x.h(404): warning:  #1295-D: Deprecated declaration LTC681x_pladc - give arg types
  uint8_t LTC681x_pladc();
..\LTC681x\LTC681x.h(410): warning:  #1295-D: Deprecated declaration LTC681x_pollAdc - give arg types
  uint32_t LTC681x_pollAdc();
..\LTC681x\LTC681x.h(418): warning:  #1295-D: Deprecated declaration LTC681x_clrcell - give arg types
  void LTC681x_clrcell();
..\LTC681x\LTC681x.h(426): warning:  #1295-D: Deprecated declaration LTC681x_clraux - give arg types
  void LTC681x_clraux();
..\LTC681x\LTC681x.h(434): warning:  #1295-D: Deprecated declaration LTC681x_clrstat - give arg types
  void LTC681x_clrstat();
..\LTC681x\LTC681x.h(443): warning:  #1295-D: Deprecated declaration LTC681x_diagn - give arg types
  void LTC681x_diagn();
..\LTC681x\LTC681x.h(630): warning:  #1295-D: Deprecated declaration LTC681x_stsctrl - give arg types
  void LTC681x_stsctrl();
..\LTC681x\LTC681x.h(638): warning:  #1295-D: Deprecated declaration LTC681x_clrsctrl - give arg types
  void LTC681x_clrsctrl();
..\LTC681x\LTC681x.c(123): warning:  #177-D: variable "md_bits"  was declared but never referenced
  	uint8_t md_bits;
..\LTC681x\LTC681x.c(152): warning:  #223-D: function "malloc" declared implicitly
  	cmd = (uint8_t *)malloc(CMD_LEN*sizeof(uint8_t));
..\LTC681x\LTC681x.c(178): warning:  #223-D: function "free" declared implicitly
  	free(cmd);
..\LTC681x\LTC681x.c(482): warning:  #223-D: function "malloc" declared implicitly
  	cell_data = (uint8_t *) malloc((NUM_RX_BYT*total_ic)*sizeof(uint8_t));
..\LTC681x\LTC681x.c(526): warning:  #223-D: function "free" declared implicitly
  	free(cell_data);
..\LTC681x\LTC681x.c(544): warning:  #223-D: function "malloc" declared implicitly
  	data = (uint8_t *) malloc((NUM_RX_BYT*total_ic)*sizeof(uint8_t));
..\LTC681x\LTC681x.c(587): warning:  #223-D: function "free" declared implicitly
  	free(data);
..\LTC681x\LTC681x.c(614): warning:  #223-D: function "malloc" declared implicitly
  	data = (uint8_t *) malloc((12*total_ic)*sizeof(uint8_t));
..\LTC681x\LTC681x.c(726): warning:  #223-D: function "free" declared implicitly
  	free(data);
..\LTC681x\LTC681x.c(1204): warning:  #177-D: variable "a"  was declared but never referenced
  	int32_t a, b;
..\LTC681x\LTC681x.c(1204): warning:  #177-D: variable "b"  was declared but never referenced
  	int32_t a, b;
..\LTC681x\LTC681x.c(1375): warning:  #550-D: variable "error"  was set but never used
  	int8_t error;
..\LTC681x\LTC681x.c(1377): warning:  #550-D: variable "conv_time"  was set but never used
  	uint32_t conv_time=0;
..\LTC681x\LTC681x.c(1477): warning:  #550-D: variable "error"  was set but never used
  	int8_t error;
..\LTC681x\LTC681x.c(1481): warning:  #550-D: variable "conv_time"  was set but never used
  	uint32_t conv_time=0;
..\LTC681x\LTC681x.c(1646): warning:  #550-D: variable "error"  was set but never used
  	int8_t error;
..\LTC681x\LTC681x.c(1648): warning:  #550-D: variable "conv_time"  was set but never used
  	uint32_t conv_time=0;
..\LTC681x\LTC681x.c(1809): warning:  #177-D: variable "BYTES_IN_REG"  was declared but never referenced
  	const uint8_t BYTES_IN_REG = 8;
..\LTC681x\LTC681x.c: 26 warnings, 0 errors
compiling list.c...
compiling spi.c...
compiling bms_hardware.c...
compiling stm32f1xx_hal_gpio_ex.c...
compiling stm32f1xx_hal.c...
compiling stm32f1xx_hal_dma.c...
compiling stm32f1xx_hal_flash_ex.c...
compiling stream_buffer.c...
compiling queue.c...
compiling stm32f1xx_hal_msp.c...
compiling timers.c...
compiling stm32f1xx_hal_pwr.c...
compiling tasks.c...
compiling stm32f1xx_hal_flash.c...
compiling stm32f1xx_hal_can.c...
compiling stm32f1xx_hal_cortex.c...
compiling system_stm32f1xx.c...
compiling usart.c...
compiling bms_app.c...
../LTC681x/LTC681x.h(404): warning:  #1295-D: Deprecated declaration LTC681x_pladc - give arg types
  uint8_t LTC681x_pladc();
../LTC681x/LTC681x.h(410): warning:  #1295-D: Deprecated declaration LTC681x_pollAdc - give arg types
  uint32_t LTC681x_pollAdc();
../LTC681x/LTC681x.h(418): warning:  #1295-D: Deprecated declaration LTC681x_clrcell - give arg types
  void LTC681x_clrcell();
../LTC681x/LTC681x.h(426): warning:  #1295-D: Deprecated declaration LTC681x_clraux - give arg types
  void LTC681x_clraux();
../LTC681x/LTC681x.h(434): warning:  #1295-D: Deprecated declaration LTC681x_clrstat - give arg types
  void LTC681x_clrstat();
../LTC681x/LTC681x.h(443): warning:  #1295-D: Deprecated declaration LTC681x_diagn - give arg types
  void LTC681x_diagn();
../LTC681x/LTC681x.h(630): warning:  #1295-D: Deprecated declaration LTC681x_stsctrl - give arg types
  void LTC681x_stsctrl();
../LTC681x/LTC681x.h(638): warning:  #1295-D: Deprecated declaration LTC681x_clrsctrl - give arg types
  void LTC681x_clrsctrl();
../LTC681x/LTC6813_stm32.h(195): warning:  #1295-D: Deprecated declaration LTC6813_pladc - give arg types
  uint8_t LTC6813_pladc();
../LTC681x/LTC6813_stm32.h(201): warning:  #1295-D: Deprecated declaration LTC6813_pollAdc - give arg types
  uint32_t LTC6813_pollAdc();
../LTC681x/LTC6813_stm32.h(207): warning:  #1295-D: Deprecated declaration LTC6813_clrcell - give arg types
  void LTC6813_clrcell();
../LTC681x/LTC6813_stm32.h(213): warning:  #1295-D: Deprecated declaration LTC6813_clraux - give arg types
  void LTC6813_clraux();
../LTC681x/LTC6813_stm32.h(219): warning:  #1295-D: Deprecated declaration LTC6813_clrstat - give arg types
  void LTC6813_clrstat();
../LTC681x/LTC6813_stm32.h(228): warning:  #1295-D: Deprecated declaration LTC6813_diagn - give arg types
  void LTC6813_diagn();
../LTC681x/LTC6813_stm32.h(413): warning:  #1295-D: Deprecated declaration LTC6813_stsctrl - give arg types
  void LTC6813_stsctrl();
../LTC681x/LTC6813_stm32.h(419): warning:  #1295-D: Deprecated declaration LTC6813_clrsctrl - give arg types
  void LTC6813_clrsctrl();
../LTC681x/LTC6813_stm32.h(468): warning:  #1295-D: Deprecated declaration LTC6813_mute - give arg types
  void LTC6813_mute();
../LTC681x/LTC6813_stm32.h(474): warning:  #1295-D: Deprecated declaration LTC6813_unmute - give arg types
  void LTC6813_unmute();
..\Appl\bms_app.c(428): warning:  #177-D: variable "i"  was declared but never referenced
    uint16_t i;
..\Appl\bms_app.c(465): warning:  #177-D: variable "i"  was declared but never referenced
    uint16_t i;
..\Appl\bms_app.c: 20 warnings, 0 errors
compiling stm32f1xx_hal_rcc_ex.c...
compiling stm32f1xx_it.c...
compiling stm32f1xx_hal_timebase_tim.c...
compiling stm32f1xx_hal_exti.c...
compiling stm32f1xx_hal_rcc.c...
compiling heap_4.c...
compiling stm32f1xx_hal_gpio.c...
compiling stm32f1xx_hal_spi.c...
compiling main.c...
compiling stm32f1xx_hal_uart.c...
compiling stm32f1xx_hal_tim_ex.c...
compiling stm32f1xx_hal_tim.c...
compiling port.c...
compiling cmsis_os2.c...
linking...
Program Size: Code=19524 RO-data=968 RW-data=168 ZI-data=16216  
FromELF: creating hex file...
"F103_0804_simulink\F103_0804_simulink.axf" - 0 Error(s), 66 Warning(s).

<h2>Software Packages used:</h2>

Package Vendor: ARM
                https://www.keil.com/pack/ARM.CMSIS.6.2.0.pack
                ARM::CMSIS@6.2.0
                CMSIS (Common Microcontroller Software Interface Standard)
   * Component: CORE Version: 6.1.1

Package Vendor: Keil
                https://www.keil.com/pack/Keil.STM32F1xx_DFP.2.4.1.pack
                Keil::STM32F1xx_DFP@2.4.1
                STMicroelectronics STM32F1 Series Device Support, Drivers and Examples

<h2>Collection of Component include folders:</h2>
  ./RTE/_F103_0804_simulink
  E:/SOFTWARE_PACKAGE_INSTALLING/Keil_v5/Packs/ARM/CMSIS/6.2.0/CMSIS/Core/Include
  E:/SOFTWARE_PACKAGE_INSTALLING/Keil_v5/Packs/Keil/STM32F1xx_DFP/2.4.1/Device/Include

<h2>Collection of Component Files used:</h2>

   * Component: ARM::CMSIS:CORE@6.1.1
      Include file:  CMSIS/Core/Include/tz_context.h
Build Time Elapsed:  00:00:06
</pre>
</body>
</html>
