Component: ARM Compiler 5.06 update 6 (build 750) Tool: armlink [4d35ed]

==============================================================================

Section Cross References

    startup_stm32f103xb.o(STACK) refers (Special) to heapauxi.o(.text) for __use_two_region_memory
    startup_stm32f103xb.o(HEAP) refers (Special) to heapauxi.o(.text) for __use_two_region_memory
    startup_stm32f103xb.o(RESET) refers (Special) to heapauxi.o(.text) for __use_two_region_memory
    startup_stm32f103xb.o(RESET) refers to startup_stm32f103xb.o(STACK) for __initial_sp
    startup_stm32f103xb.o(RESET) refers to startup_stm32f103xb.o(.text) for Reset_Handler
    startup_stm32f103xb.o(RESET) refers to stm32f1xx_it.o(i.NMI_Handler) for NMI_Handler
    startup_stm32f103xb.o(RESET) refers to stm32f1xx_it.o(i.HardFault_Handler) for HardFault_Handler
    startup_stm32f103xb.o(RESET) refers to stm32f1xx_it.o(i.MemManage_Handler) for MemManage_Handler
    startup_stm32f103xb.o(RESET) refers to stm32f1xx_it.o(i.BusFault_Handler) for BusFault_Handler
    startup_stm32f103xb.o(RESET) refers to stm32f1xx_it.o(i.UsageFault_Handler) for UsageFault_Handler
    startup_stm32f103xb.o(RESET) refers to port.o(.emb_text) for SVC_Handler
    startup_stm32f103xb.o(RESET) refers to stm32f1xx_it.o(i.DebugMon_Handler) for DebugMon_Handler
    startup_stm32f103xb.o(RESET) refers to cmsis_os2.o(i.SysTick_Handler) for SysTick_Handler
    startup_stm32f103xb.o(RESET) refers to stm32f1xx_it.o(i.TIM1_UP_IRQHandler) for TIM1_UP_IRQHandler
    startup_stm32f103xb.o(.text) refers (Special) to heapauxi.o(.text) for __use_two_region_memory
    startup_stm32f103xb.o(.text) refers to system_stm32f1xx.o(i.SystemInit) for SystemInit
    startup_stm32f103xb.o(.text) refers to __main.o(!!!main) for __main
    startup_stm32f103xb.o(.text) refers to startup_stm32f103xb.o(HEAP) for Heap_Mem
    startup_stm32f103xb.o(.text) refers to startup_stm32f103xb.o(STACK) for Stack_Mem
    main.o(i.HAL_TIM_PeriodElapsedCallback) refers to stm32f1xx_hal.o(i.HAL_IncTick) for HAL_IncTick
    main.o(i.SystemClock_Config) refers to rt_memclr_w.o(.text) for __aeabi_memclr4
    main.o(i.SystemClock_Config) refers to stm32f1xx_hal_rcc.o(i.HAL_RCC_OscConfig) for HAL_RCC_OscConfig
    main.o(i.SystemClock_Config) refers to stm32f1xx_hal_rcc.o(i.HAL_RCC_ClockConfig) for HAL_RCC_ClockConfig
    main.o(i.main) refers to stm32f1xx_hal.o(i.HAL_Init) for HAL_Init
    main.o(i.main) refers to main.o(i.SystemClock_Config) for SystemClock_Config
    main.o(i.main) refers to gpio.o(i.MX_GPIO_Init) for MX_GPIO_Init
    main.o(i.main) refers to can.o(i.MX_CAN_Init) for MX_CAN_Init
    main.o(i.main) refers to spi.o(i.MX_SPI1_Init) for MX_SPI1_Init
    main.o(i.main) refers to spi.o(i.MX_SPI2_Init) for MX_SPI2_Init
    main.o(i.main) refers to usart.o(i.MX_USART1_UART_Init) for MX_USART1_UART_Init
    main.o(i.main) refers to bms_hardware.o(i.bms_hardware_init) for bms_hardware_init
    main.o(i.main) refers to f103_0804_simulink_model.o(i.F103_0804_simulink_model_initialize) for F103_0804_simulink_model_initialize
    main.o(i.main) refers to cmsis_os2.o(i.osKernelInitialize) for osKernelInitialize
    main.o(i.main) refers to freertos.o(i.MX_FREERTOS_Init) for MX_FREERTOS_Init
    main.o(i.main) refers to cmsis_os2.o(i.osKernelStart) for osKernelStart
    gpio.o(i.MX_GPIO_Init) refers to stm32f1xx_hal_gpio.o(i.HAL_GPIO_WritePin) for HAL_GPIO_WritePin
    gpio.o(i.MX_GPIO_Init) refers to stm32f1xx_hal_gpio.o(i.HAL_GPIO_Init) for HAL_GPIO_Init
    freertos.o(i.MX_FREERTOS_Init) refers to cmsis_os2.o(i.osThreadNew) for osThreadNew
    freertos.o(i.MX_FREERTOS_Init) refers to freertos.o(.constdata) for .constdata
    freertos.o(i.MX_FREERTOS_Init) refers to freertos.o(i.StartDefaultTask) for StartDefaultTask
    freertos.o(i.MX_FREERTOS_Init) refers to freertos.o(.data) for .data
    freertos.o(i.MX_FREERTOS_Init) refers to freertos.o(i.StartTask02) for StartTask02
    freertos.o(i.StartDefaultTask) refers to f103_0804_simulink_model.o(i.Sample_function_call) for Sample_function_call
    freertos.o(i.StartDefaultTask) refers to cmsis_os2.o(i.osDelay) for osDelay
    freertos.o(i.StartTask02) refers to f103_0804_simulink_model.o(i.LED_function_call) for LED_function_call
    freertos.o(i.StartTask02) refers to cmsis_os2.o(i.osDelay) for osDelay
    freertos.o(.constdata) refers to freertos.o(.conststring) for .conststring
    can.o(i.HAL_CAN_MspDeInit) refers to stm32f1xx_hal_gpio.o(i.HAL_GPIO_DeInit) for HAL_GPIO_DeInit
    can.o(i.HAL_CAN_MspInit) refers to stm32f1xx_hal_gpio.o(i.HAL_GPIO_Init) for HAL_GPIO_Init
    can.o(i.MX_CAN_Init) refers to stm32f1xx_hal_can.o(i.HAL_CAN_Init) for HAL_CAN_Init
    can.o(i.MX_CAN_Init) refers to main.o(i.Error_Handler) for Error_Handler
    can.o(i.MX_CAN_Init) refers to can.o(.bss) for .bss
    spi.o(i.HAL_SPI_MspDeInit) refers to stm32f1xx_hal_gpio.o(i.HAL_GPIO_DeInit) for HAL_GPIO_DeInit
[...]
    i.prvDeleteTCB                           0x08002d36   Section        0  tasks.o(i.prvDeleteTCB)
    prvDeleteTCB                             0x08002d37   Thumb Code    52  tasks.o(i.prvDeleteTCB)
    i.prvHeapInit                            0x08002d6c   Section        0  heap_4.o(i.prvHeapInit)
    prvHeapInit                              0x08002d6d   Thumb Code    66  heap_4.o(i.prvHeapInit)
    i.prvIdleTask                            0x08002db8   Section        0  tasks.o(i.prvIdleTask)
    prvIdleTask                              0x08002db9   Thumb Code    82  tasks.o(i.prvIdleTask)
    i.prvInitialiseNewQueue                  0x08002e18   Section        0  queue.o(i.prvInitialiseNewQueue)
    prvInitialiseNewQueue                    0x08002e19   Thumb Code    34  queue.o(i.prvInitialiseNewQueue)
    i.prvInitialiseNewTask                   0x08002e3c   Section        0  tasks.o(i.prvInitialiseNewTask)
    prvInitialiseNewTask                     0x08002e3d   Thumb Code   176  tasks.o(i.prvInitialiseNewTask)
    i.prvInsertBlockIntoFreeList             0x08002eec   Section        0  heap_4.o(i.prvInsertBlockIntoFreeList)
    prvInsertBlockIntoFreeList               0x08002eed   Thumb Code    72  heap_4.o(i.prvInsertBlockIntoFreeList)
    i.prvInsertTimerInActiveList             0x08002f38   Section        0  timers.o(i.prvInsertTimerInActiveList)
    prvInsertTimerInActiveList               0x08002f39   Thumb Code    52  timers.o(i.prvInsertTimerInActiveList)
    i.prvIsQueueEmpty                        0x08002f70   Section        0  queue.o(i.prvIsQueueEmpty)
    prvIsQueueEmpty                          0x08002f71   Thumb Code    28  queue.o(i.prvIsQueueEmpty)
    i.prvProcessReceivedCommands             0x08002f8c   Section        0  timers.o(i.prvProcessReceivedCommands)
    prvProcessReceivedCommands               0x08002f8d   Thumb Code   248  timers.o(i.prvProcessReceivedCommands)
    i.prvProcessTimerOrBlockTask             0x08003088   Section        0  timers.o(i.prvProcessTimerOrBlockTask)
    prvProcessTimerOrBlockTask               0x08003089   Thumb Code   182  timers.o(i.prvProcessTimerOrBlockTask)
    i.prvResetNextTaskUnblockTime            0x08003148   Section        0  tasks.o(i.prvResetNextTaskUnblockTime)
    prvResetNextTaskUnblockTime              0x08003149   Thumb Code    26  tasks.o(i.prvResetNextTaskUnblockTime)
    i.prvSampleTimeNow                       0x08003168   Section        0  timers.o(i.prvSampleTimeNow)
    prvSampleTimeNow                         0x08003169   Thumb Code    36  timers.o(i.prvSampleTimeNow)
    i.prvSwitchTimerLists                    0x08003190   Section        0  timers.o(i.prvSwitchTimerLists)
    prvSwitchTimerLists                      0x08003191   Thumb Code   104  timers.o(i.prvSwitchTimerLists)
    i.prvTaskExitError                       0x080031fc   Section        0  port.o(i.prvTaskExitError)
    prvTaskExitError                         0x080031fd   Thumb Code    36  port.o(i.prvTaskExitError)
    i.prvTimerTask                           0x08003224   Section        0  timers.o(i.prvTimerTask)
    prvTimerTask                             0x08003225   Thumb Code    32  timers.o(i.prvTimerTask)
    i.prvUnlockQueue                         0x08003248   Section        0  queue.o(i.prvUnlockQueue)
    prvUnlockQueue                           0x08003249   Thumb Code   106  queue.o(i.prvUnlockQueue)
    i.pvPortMalloc                           0x080032b4   Section        0  heap_4.o(i.pvPortMalloc)
    i.pxPortInitialiseStack                  0x08003390   Section        0  port.o(i.pxPortInitialiseStack)
    i.spi_read_byte                          0x080033b4   Section        0  bms_hardware.o(i.spi_read_byte)
    i.spi_write_array                        0x080033ba   Section        0  bms_hardware.o(i.spi_write_array)
    i.spi_write_read                         0x080033d4   Section        0  bms_hardware.o(i.spi_write_read)
    i.spi_xfer                               0x0800340c   Section        0  bms_hardware.o(i.spi_xfer)
    spi_xfer                                 0x0800340d   Thumb Code    54  bms_hardware.o(i.spi_xfer)
    i.uxListRemove                           0x08003448   Section        0  list.o(i.uxListRemove)
    i.vApplicationGetIdleTaskMemory          0x08003470   Section        0  cmsis_os2.o(i.vApplicationGetIdleTaskMemory)
    i.vApplicationGetTimerTaskMemory         0x08003484   Section        0  cmsis_os2.o(i.vApplicationGetTimerTaskMemory)
    i.vListInitialise                        0x0800349c   Section        0  list.o(i.vListInitialise)
    i.vListInitialiseItem                    0x080034b2   Section        0  list.o(i.vListInitialiseItem)
    i.vListInsert                            0x080034b8   Section        0  list.o(i.vListInsert)
    i.vListInsertEnd                         0x080034e8   Section        0  list.o(i.vListInsertEnd)
    i.vPortEnterCritical                     0x08003500   Section        0  port.o(i.vPortEnterCritical)
    i.vPortExitCritical                      0x08003540   Section        0  port.o(i.vPortExitCritical)
    i.vPortFree                              0x08003568   Section        0  heap_4.o(i.vPortFree)
    i.vPortSetupTimerInterrupt               0x080035cc   Section        0  port.o(i.vPortSetupTimerInterrupt)
    i.vPortValidateInterruptPriority         0x080035f0   Section        0  port.o(i.vPortValidateInterruptPriority)
    i.vQueueAddToRegistry                    0x08003644   Section        0  queue.o(i.vQueueAddToRegistry)
    i.vQueueWaitForMessageRestricted         0x0800366c   Section        0  queue.o(i.vQueueWaitForMessageRestricted)
    i.vTaskDelay                             0x080036b0   Section        0  tasks.o(i.vTaskDelay)
    i.vTaskInternalSetTimeOutState           0x080036fc   Section        0  tasks.o(i.vTaskInternalSetTimeOutState)
    i.vTaskMissedYield                       0x0800370c   Section        0  tasks.o(i.vTaskMissedYield)
    i.vTaskPlaceOnEventList                  0x08003718   Section        0  tasks.o(i.vTaskPlaceOnEventList)
    i.vTaskPlaceOnEventListRestricted        0x08003748   Section        0  tasks.o(i.vTaskPlaceOnEventListRestricted)
    i.vTaskStartScheduler                    0x08003780   Section        0  tasks.o(i.vTaskStartScheduler)
    i.vTaskSuspendAll                        0x08003808   Section        0  tasks.o(i.vTaskSuspendAll)
    i.vTaskSwitchContext                     0x08003818   Section        0  tasks.o(i.vTaskSwitchContext)
    i.wakeup_idle                            0x0800387c   Section        0  ltc681x.o(i.wakeup_idle)
    i.wakeup_sleep                           0x0800389e   Section        0  ltc681x.o(i.wakeup_sleep)
    i.xPortStartScheduler                    0x080038cc   Section        0  port.o(i.xPortStartScheduler)
    i.xPortSysTickHandler                    0x08003974   Section        0  port.o(i.xPortSysTickHandler)
    i.xQueueGenericCreateStatic              0x080039a0   Section        0  queue.o(i.xQueueGenericCreateStatic)
    i.xQueueGenericReset                     0x08003a08   Section        0  queue.o(i.xQueueGenericReset)
    i.xQueueGenericSend                      0x08003a90   Section        0  queue.o(i.xQueueGenericSend)
    i.xQueueGenericSendFromISR               0x08003bf0   Section        0  queue.o(i.xQueueGenericSendFromISR)
    i.xQueueReceive                          0x08003cb0   Section        0  queue.o(i.xQueueReceive)
    i.xTaskCheckForTimeOut                   0x08003de8   Section        0  tasks.o(i.xTaskCheckForTimeOut)
    i.xTaskCreate                            0x08003e5c   Section        0  tasks.o(i.xTaskCreate)
    i.xTaskCreateStatic                      0x08003eb6   Section        0  tasks.o(i.xTaskCreateStatic)
    i.xTaskGetSchedulerState                 0x08003f0c   Section        0  tasks.o(i.xTaskGetSchedulerState)
    i.xTaskGetTickCount                      0x08003f28   Section        0  tasks.o(i.xTaskGetTickCount)
    i.xTaskIncrementTick                     0x08003f34   Section        0  tasks.o(i.xTaskIncrementTick)
    i.xTaskPriorityDisinherit                0x08003ffc   Section        0  tasks.o(i.xTaskPriorityDisinherit)
    i.xTaskRemoveFromEventList               0x0800407c   Section        0  tasks.o(i.xTaskRemoveFromEventList)
    i.xTaskResumeAll                         0x080040ec   Section        0  tasks.o(i.xTaskResumeAll)
    i.xTimerCreateTimerTask                  0x080041b0   Section        0  timers.o(i.xTimerCreateTimerTask)
    i.xTimerGenericCommand                   0x08004210   Section        0  timers.o(i.xTimerGenericCommand)
    x$fpl$dcmpinf                            0x08004278   Section       24  dcmpi.o(x$fpl$dcmpinf)
    x$fpl$deqf                               0x08004290   Section      120  deqf.o(x$fpl$deqf)
    x$fpl$dnaninf                            0x08004308   Section      156  dnaninf.o(x$fpl$dnaninf)
    .constdata                               0x080043a4   Section       72  freertos.o(.constdata)
    x$fpl$usenofp                            0x080043a4   Section        0  usenofp.o(x$fpl$usenofp)
    .constdata                               0x080043ec   Section       18  stm32f1xx_hal_rcc.o(.constdata)
    aPredivFactorTable                       0x080043ec   Data           2  stm32f1xx_hal_rcc.o(.constdata)
    aPLLMULFactorTable                       0x080043ee   Data          16  stm32f1xx_hal_rcc.o(.constdata)
    .constdata                               0x080043fe   Section       16  system_stm32f1xx.o(.constdata)
    .constdata                               0x0800440e   Section        8  system_stm32f1xx.o(.constdata)
    .constdata                               0x08004416   Section      512  ltc681x.o(.constdata)
    .conststring                             0x08004618   Section       21  freertos.o(.conststring)
    .data                                    0x20000000   Section        8  freertos.o(.data)
    .data                                    0x20000008   Section       12  stm32f1xx_hal.o(.data)
    .data                                    0x20000014   Section        4  system_stm32f1xx.o(.data)
    .data                                    0x20000018   Section        1  bms_app.o(.data)
    s_app_inited                             0x20000018   Data           1  bms_app.o(.data)
    .data                                    0x2000001c   Section       60  tasks.o(.data)
    uxDeletedTasksWaitingCleanUp             0x20000020   Data           4  tasks.o(.data)
    uxCurrentNumberOfTasks                   0x20000024   Data           4  tasks.o(.data)
    xTickCount                               0x20000028   Data           4  tasks.o(.data)
    uxTopReadyPriority                       0x2000002c   Data           4  tasks.o(.data)
    xSchedulerRunning                        0x20000030   Data           4  tasks.o(.data)
    xPendedTicks                             0x20000034   Data           4  tasks.o(.data)
    xYieldPending                            0x20000038   Data           4  tasks.o(.data)
    xNumOfOverflows                          0x2000003c   Data           4  tasks.o(.data)
    uxTaskNumber                             0x20000040   Data           4  tasks.o(.data)
    xNextTaskUnblockTime                     0x20000044   Data           4  tasks.o(.data)
    xIdleTaskHandle                          0x20000048   Data           4  tasks.o(.data)
    uxSchedulerSuspended                     0x2000004c   Data           4  tasks.o(.data)
    pxDelayedTaskList                        0x20000050   Data           4  tasks.o(.data)
    pxOverflowDelayedTaskList                0x20000054   Data           4  tasks.o(.data)
    .data                                    0x20000058   Section       20  timers.o(.data)
    xTimerQueue                              0x20000058   Data           4  timers.o(.data)
    xTimerTaskHandle                         0x2000005c   Data           4  timers.o(.data)
    xLastTime                                0x20000060   Data           4  timers.o(.data)
    pxCurrentTimerList                       0x20000064   Data           4  timers.o(.data)
    pxOverflowTimerList                      0x20000068   Data           4  timers.o(.data)
    .data                                    0x2000006c   Section        4  cmsis_os2.o(.data)
    KernelState                              0x2000006c   Data           4  cmsis_os2.o(.data)
    .data                                    0x20000070   Section       32  heap_4.o(.data)
    pxEnd                                    0x20000070   Data           4  heap_4.o(.data)
    xFreeBytesRemaining                      0x20000074   Data           4  heap_4.o(.data)
    xMinimumEverFreeBytesRemaining           0x20000078   Data           4  heap_4.o(.data)
    xNumberOfSuccessfulAllocations           0x2000007c   Data           4  heap_4.o(.data)
    xNumberOfSuccessfulFrees                 0x20000080   Data           4  heap_4.o(.data)
    xBlockAllocatedBit                       0x20000084   Data           4  heap_4.o(.data)
    xStart                                   0x20000088   Data           8  heap_4.o(.data)
    .data                                    0x20000090   Section       12  port.o(.data)
    ucMaxSysCallPriority                     0x20000090   Data           1  port.o(.data)
    uxCriticalNesting                        0x20000094   Data           4  port.o(.data)
    ulMaxPRIGROUPValue                       0x20000098   Data           4  port.o(.data)
    .bss                                     0x2000009c   Section       40  can.o(.bss)
    .bss                                     0x200000c4   Section      176  spi.o(.bss)
    .bss                                     0x20000174   Section       72  usart.o(.bss)
    .bss                                     0x200001bc   Section       72  stm32f1xx_hal_timebase_tim.o(.bss)
    .bss                                     0x20000204   Section     2232  bms_app.o(.bss)
    s_ic                                     0x20000204   Data        1560  bms_app.o(.bss)
    s_pull_up                                0x2000081c   Data         216  bms_app.o(.bss)
    s_pull_dn                                0x200008f4   Data         216  bms_app.o(.bss)
    s_aux_nom                                0x200009cc   Data         120  bms_app.o(.bss)
    s_aux_pdn                                0x20000a44   Data         120  bms_app.o(.bss)
    .bss                                     0x20000ac0   Section      512  f103_0804_simulink_model.o(.bss)
    .bss                                     0x20000cc0   Section       64  queue.o(.bss)
    .bss                                     0x20000d00   Section     1220  tasks.o(.bss)
    pxReadyTasksLists                        0x20000d00   Data        1120  tasks.o(.bss)
    xDelayedTaskList1                        0x20001160   Data          20  tasks.o(.bss)
    xDelayedTaskList2                        0x20001174   Data          20  tasks.o(.bss)
    xPendingReadyList                        0x20001188   Data          20  tasks.o(.bss)
    xTasksWaitingTermination                 0x2000119c   Data          20  tasks.o(.bss)
    xSuspendedTaskList                       0x200011b0   Data          20  tasks.o(.bss)
    .bss                                     0x200011c4   Section      280  timers.o(.bss)
    xStaticTimerQueue                        0x200011c4   Data          80  timers.o(.bss)
    ucStaticTimerQueueStorage                0x20001214   Data         160  timers.o(.bss)
    xActiveTimerList1                        0x200012b4   Data          20  timers.o(.bss)
    xActiveTimerList2                        0x200012c8   Data          20  timers.o(.bss)
    .bss                                     0x200012dc   Section     1720  cmsis_os2.o(.bss)
    Idle_TCB                                 0x200012dc   Data          92  cmsis_os2.o(.bss)
    Idle_Stack                               0x20001338   Data         512  cmsis_os2.o(.bss)
    Timer_TCB                                0x20001538   Data          92  cmsis_os2.o(.bss)
    Timer_Stack                              0x20001594   Data        1024  cmsis_os2.o(.bss)
    .bss                                     0x20001994   Section     8192  heap_4.o(.bss)
    ucHeap                                   0x20001994   Data        8192  heap_4.o(.bss)
    .bss                                     0x20003994   Section       96  libspace.o(.bss)
    HEAP                                     0x200039f8   Section      512  startup_stm32f103xb.o(HEAP)
    Heap_Mem                                 0x200039f8   Data         512  startup_stm32f103xb.o(HEAP)
    STACK                                    0x20003bf8   Section     1024  startup_stm32f103xb.o(STACK)
    Stack_Mem                                0x20003bf8   Data        1024  startup_stm32f103xb.o(STACK)
    __initial_sp                             0x20003ff8   Data           0  startup_stm32f103xb.o(STACK)

    Global Symbols

    Symbol Name                              Value     Ov Type        Size  Object(Section)

    BuildAttributes$$THM_ISAv4$P$D$K$B$S$PE$A:L22UL41UL21$X:L11$S22US41US21$IEEE1$IW$USESV6$~STKCKD$USESV7$~SHL$OTIME$ROPI$EBA8$UX$STANDARDLIB$REQ8$PRES8$EABIv2 0x00000000   Number         0  anon$$obj.o ABSOLUTE
    __ARM_use_no_argv                        0x00000000   Number         0  main.o ABSOLUTE
    __ARM_exceptions_init                     - Undefined Weak Reference
    __alloca_initialize                       - Undefined Weak Reference
    __arm_preinit_                            - Undefined Weak Reference
    __cpp_initialize__aeabi_                  - Undefined Weak Reference
    __cxa_finalize                            - Undefined Weak Reference
    __rt_locale                               - Undefined Weak Reference
    __sigvec_lookup                           - Undefined Weak Reference
    __user_heap_extent                        - Undefined Weak Reference
    _atexit_init                              - Undefined Weak Reference
    _call_atexit_fns                          - Undefined Weak Reference
    _clock_init                               - Undefined Weak Reference
    _fp_trap_init                             - Undefined Weak Reference
    _fp_trap_shutdown                         - Undefined Weak Reference
    _get_lc_collate                           - Undefined Weak Reference
    _get_lc_ctype                             - Undefined Weak Reference
    _get_lc_monetary                          - Undefined Weak Reference
    _get_lc_numeric                           - Undefined Weak Reference
    _get_lc_time                              - Undefined Weak Reference
    _getenv_init                              - Undefined Weak Reference
    _handle_redirection                       - Undefined Weak Reference
    _initio                                   - Undefined Weak Reference
    _mutex_acquire                            - Undefined Weak Reference
    _mutex_free                               - Undefined Weak Reference
    _mutex_release                            - Undefined Weak Reference
    _rand_init                                - Undefined Weak Reference
    _signal_finish                            - Undefined Weak Reference
    _signal_init                              - Undefined Weak Reference
    _terminateio                              - Undefined Weak Reference
    __Vectors_Size                           0x000000ec   Number         0  startup_stm32f103xb.o ABSOLUTE
    __Vectors                                0x08000000   Data           4  startup_stm32f103xb.o(RESET)
    __Vectors_End                            0x080000ec   Data           0  startup_stm32f103xb.o(RESET)
    __main                                   0x080000ed   Thumb Code     8  __main.o(!!!main)
    __scatterload                            0x080000f5   Thumb Code     0  __scatter.o(!!!scatter)
    __scatterload_rt2                        0x080000f5   Thumb Code    44  __scatter.o(!!!scatter)
    __scatterload_rt2_thumb_only             0x080000f5   Thumb Code     0  __scatter.o(!!!scatter)
    __scatterload_null                       0x08000103   Thumb Code     0  __scatter.o(!!!scatter)
    __scatterload_copy                       0x08000129   Thumb Code    26  __scatter_copy.o(!!handler_copy)
    __scatterload_zeroinit                   0x08000145   Thumb Code    28  __scatter_zi.o(!!handler_zi)
    __rt_lib_init                            0x08000161   Thumb Code     0  libinit.o(.ARM.Collect$$libinit$$00000000)
    __rt_lib_init_fp_1                       0x08000163   Thumb Code     0  libinit2.o(.ARM.Collect$$libinit$$00000002)
    __rt_lib_init_heap_2                     0x08000163   Thumb Code     0  libinit2.o(.ARM.Collect$$libinit$$00000005)
    __rt_lib_init_preinit_1                  0x08000163   Thumb Code     0  libinit2.o(.ARM.Collect$$libinit$$00000004)
    __rt_lib_init_alloca_1                   0x0800016b   Thumb Code     0  libinit2.o(.ARM.Collect$$libinit$$0000002E)
    __rt_lib_init_argv_1                     0x0800016b   Thumb Code     0  libinit2.o(.ARM.Collect$$libinit$$0000002C)
    __rt_lib_init_atexit_1                   0x0800016b   Thumb Code     0  libinit2.o(.ARM.Collect$$libinit$$0000001B)
    __rt_lib_init_clock_1                    0x0800016b   Thumb Code     0  libinit2.o(.ARM.Collect$$libinit$$00000021)
    __rt_lib_init_cpp_1                      0x0800016b   Thumb Code     0  libinit2.o(.ARM.Collect$$libinit$$00000032)
    __rt_lib_init_exceptions_1               0x0800016b   Thumb Code     0  libinit2.o(.ARM.Collect$$libinit$$00000030)
    __rt_lib_init_fp_trap_1                  0x0800016b   Thumb Code     0  libinit2.o(.ARM.Collect$$libinit$$0000001F)
    __rt_lib_init_getenv_1                   0x0800016b   Thumb Code     0  libinit2.o(.ARM.Collect$$libinit$$00000023)
    __rt_lib_init_heap_1                     0x0800016b   Thumb Code     0  libinit2.o(.ARM.Collect$$libinit$$0000000A)
    __rt_lib_init_lc_collate_1               0x0800016b   Thumb Code     0  libinit2.o(.ARM.Collect$$libinit$$00000011)
    __rt_lib_init_lc_ctype_1                 0x0800016b   Thumb Code     0  libinit2.o(.ARM.Collect$$libinit$$00000013)
    __rt_lib_init_lc_monetary_1              0x0800016b   Thumb Code     0  libinit2.o(.ARM.Collect$$libinit$$00000015)
    __rt_lib_init_lc_numeric_1               0x0800016b   Thumb Code     0  libinit2.o(.ARM.Collect$$libinit$$00000017)
    __rt_lib_init_lc_time_1                  0x0800016b   Thumb Code     0  libinit2.o(.ARM.Collect$$libinit$$00000019)
    __rt_lib_init_rand_1                     0x0800016b   Thumb Code     0  libinit2.o(.ARM.Collect$$libinit$$0000000E)
    __rt_lib_init_return                     0x0800016b   Thumb Code     0  libinit2.o(.ARM.Collect$$libinit$$00000033)
    __rt_lib_init_signal_1                   0x0800016b   Thumb Code     0  libinit2.o(.ARM.Collect$$libinit$$0000001D)
    __rt_lib_init_stdio_1                    0x0800016b   Thumb Code     0  libinit2.o(.ARM.Collect$$libinit$$00000025)
    __rt_lib_init_user_alloc_1               0x0800016b   Thumb Code     0  libinit2.o(.ARM.Collect$$libinit$$0000000C)
    __rt_lib_shutdown                        0x0800016d   Thumb Code     0  libshutdown.o(.ARM.Collect$$libshutdown$$00000000)
    __rt_lib_shutdown_cpp_1                  0x0800016f   Thumb Code     0  libshutdown2.o(.ARM.Collect$$libshutdown$$00000002)
    __rt_lib_shutdown_fp_trap_1              0x0800016f   Thumb Code     0  libshutdown2.o(.ARM.Collect$$libshutdown$$00000007)
    __rt_lib_shutdown_heap_1                 0x0800016f   Thumb Code     0  libshutdown2.o(.ARM.Collect$$libshutdown$$0000000F)
    __rt_lib_shutdown_return                 0x0800016f   Thumb Code     0  libshutdown2.o(.ARM.Collect$$libshutdown$$00000010)
    __rt_lib_shutdown_signal_1               0x0800016f   Thumb Code     0  libshutdown2.o(.ARM.Collect$$libshutdown$$0000000A)
    __rt_lib_shutdown_stdio_1                0x0800016f   Thumb Code     0  libshutdown2.o(.ARM.Collect$$libshutdown$$00000004)
    __rt_lib_shutdown_user_alloc_1           0x0800016f   Thumb Code     0  libshutdown2.o(.ARM.Collect$$libshutdown$$0000000C)
    __rt_entry                               0x08000171   Thumb Code     0  __rtentry.o(.ARM.Collect$$rtentry$$00000000)
    __rt_entry_presh_1                       0x08000171   Thumb Code     0  __rtentry2.o(.ARM.Collect$$rtentry$$00000002)
    __rt_entry_sh                            0x08000171   Thumb Code     0  __rtentry4.o(.ARM.Collect$$rtentry$$00000004)
    __rt_entry_li                            0x08000177   Thumb Code     0  __rtentry2.o(.ARM.Collect$$rtentry$$0000000A)
    __rt_entry_postsh_1                      0x08000177   Thumb Code     0  __rtentry2.o(.ARM.Collect$$rtentry$$00000009)
    __rt_entry_main                          0x0800017b   Thumb Code     0  __rtentry2.o(.ARM.Collect$$rtentry$$0000000D)
    __rt_entry_postli_1                      0x0800017b   Thumb Code     0  __rtentry2.o(.ARM.Collect$$rtentry$$0000000C)
    __rt_exit                                0x08000183   Thumb Code     0  rtexit.o(.ARM.Collect$$rtexit$$00000000)
    __rt_exit_ls                             0x08000185   Thumb Code     0  rtexit2.o(.ARM.Collect$$rtexit$$00000003)
    __rt_exit_prels_1                        0x08000185   Thumb Code     0  rtexit2.o(.ARM.Collect$$rtexit$$00000002)
    __rt_exit_exit                           0x08000189   Thumb Code     0  rtexit2.o(.ARM.Collect$$rtexit$$00000004)
    SVC_Handler                              0x08000191   Thumb Code    32  port.o(.emb_text)
    __asm___6_port_c_39a90d8d__prvStartFirstTask 0x080001b5   Thumb Code    28  port.o(.emb_text)
    PendSV_Handler                           0x080001d5   Thumb Code    72  port.o(.emb_text)
    vPortGetIPSR                             0x08000221   Thumb Code     6  port.o(.emb_text)
    Reset_Handler                            0x08000229   Thumb Code     8  startup_stm32f103xb.o(.text)
    _maybe_terminate_alloc                   0x08000229   Thumb Code     0  maybetermalloc1.o(.emb_text)
    ADC1_2_IRQHandler                        0x08000243   Thumb Code     0  startup_stm32f103xb.o(.text)
    CAN1_RX1_IRQHandler                      0x08000243   Thumb Code     0  startup_stm32f103xb.o(.text)
    CAN1_SCE_IRQHandler                      0x08000243   Thumb Code     0  startup_stm32f103xb.o(.text)
    DMA1_Channel1_IRQHandler                 0x08000243   Thumb Code     0  startup_stm32f103xb.o(.text)
    DMA1_Channel2_IRQHandler                 0x08000243   Thumb Code     0  startup_stm32f103xb.o(.text)
    DMA1_Channel3_IRQHandler                 0x08000243   Thumb Code     0  startup_stm32f103xb.o(.text)
    DMA1_Channel4_IRQHandler                 0x08000243   Thumb Code     0  startup_stm32f103xb.o(.text)
    DMA1_Channel5_IRQHandler                 0x08000243   Thumb Code     0  startup_stm32f103xb.o(.text)
    DMA1_Channel6_IRQHandler                 0x08000243   Thumb Code     0  startup_stm32f103xb.o(.text)
    DMA1_Channel7_IRQHandler                 0x08000243   Thumb Code     0  startup_stm32f103xb.o(.text)
    EXTI0_IRQHandler                         0x08000243   Thumb Code     0  startup_stm32f103xb.o(.text)
    EXTI15_10_IRQHandler                     0x08000243   Thumb Code     0  startup_stm32f103xb.o(.text)
    EXTI1_IRQHandler                         0x08000243   Thumb Code     0  startup_stm32f103xb.o(.text)
    EXTI2_IRQHandler                         0x08000243   Thumb Code     0  startup_stm32f103xb.o(.text)
    EXTI3_IRQHandler                         0x08000243   Thumb Code     0  startup_stm32f103xb.o(.text)
    EXTI4_IRQHandler                         0x08000243   Thumb Code     0  startup_stm32f103xb.o(.text)
    EXTI9_5_IRQHandler                       0x08000243   Thumb Code     0  startup_stm32f103xb.o(.text)
    FLASH_IRQHandler                         0x08000243   Thumb Code     0  startup_stm32f103xb.o(.text)
    I2C1_ER_IRQHandler                       0x08000243   Thumb Code     0  startup_stm32f103xb.o(.text)
    I2C1_EV_IRQHandler                       0x08000243   Thumb Code     0  startup_stm32f103xb.o(.text)
    I2C2_ER_IRQHandler                       0x08000243   Thumb Code     0  startup_stm32f103xb.o(.text)
    I2C2_EV_IRQHandler                       0x08000243   Thumb Code     0  startup_stm32f103xb.o(.text)
    PVD_IRQHandler                           0x08000243   Thumb Code     0  startup_stm32f103xb.o(.text)
    RCC_IRQHandler                           0x08000243   Thumb Code     0  startup_stm32f103xb.o(.text)
    RTC_Alarm_IRQHandler                     0x08000243   Thumb Code     0  startup_stm32f103xb.o(.text)
    RTC_IRQHandler                           0x08000243   Thumb Code     0  startup_stm32f103xb.o(.text)
    SPI1_IRQHandler                          0x08000243   Thumb Code     0  startup_stm32f103xb.o(.text)
    SPI2_IRQHandler                          0x08000243   Thumb Code     0  startup_stm32f103xb.o(.text)
    TAMPER_IRQHandler                        0x08000243   Thumb Code     0  startup_stm32f103xb.o(.text)
    TIM1_BRK_IRQHandler                      0x08000243   Thumb Code     0  startup_stm32f103xb.o(.text)
    TIM1_CC_IRQHandler                       0x08000243   Thumb Code     0  startup_stm32f103xb.o(.text)
    TIM1_TRG_COM_IRQHandler                  0x08000243   Thumb Code     0  startup_stm32f103xb.o(.text)
    TIM2_IRQHandler                          0x08000243   Thumb Code     0  startup_stm32f103xb.o(.text)
    TIM3_IRQHandler                          0x08000243   Thumb Code     0  startup_stm32f103xb.o(.text)
    TIM4_IRQHandler                          0x08000243   Thumb Code     0  startup_stm32f103xb.o(.text)
    USART1_IRQHandler                        0x08000243   Thumb Code     0  startup_stm32f103xb.o(.text)
    USART2_IRQHandler                        0x08000243   Thumb Code     0  startup_stm32f103xb.o(.text)
    USART3_IRQHandler                        0x08000243   Thumb Code     0  startup_stm32f103xb.o(.text)
    USBWakeUp_IRQHandler                     0x08000243   Thumb Code     0  startup_stm32f103xb.o(.text)
    USB_HP_CAN1_TX_IRQHandler                0x08000243   Thumb Code     0  startup_stm32f103xb.o(.text)
    USB_LP_CAN1_RX0_IRQHandler               0x08000243   Thumb Code     0  startup_stm32f103xb.o(.text)
    WWDG_IRQHandler                          0x08000243   Thumb Code     0  startup_stm32f103xb.o(.text)
    __user_initial_stackheap                 0x08000245   Thumb Code     0  startup_stm32f103xb.o(.text)
    malloc                                   0x08000269   Thumb Code    94  h1_alloc.o(.text)
    free                                     0x080002c7   Thumb Code    78  h1_free.o(.text)
    __aeabi_memcpy                           0x08000315   Thumb Code     0  rt_memcpy_v6.o(.text)
    __rt_memcpy                              0x08000315   Thumb Code   138  rt_memcpy_v6.o(.text)
    _memcpy_lastbytes                        0x0800037b   Thumb Code     0  rt_memcpy_v6.o(.text)
    __aeabi_memset                           0x0800039f   Thumb Code    16  aeabi_memset.o(.text)
    __aeabi_memclr4                          0x080003af   Thumb Code     0  rt_memclr_w.o(.text)
    __aeabi_memclr8                          0x080003af   Thumb Code     0  rt_memclr_w.o(.text)
    __rt_memclr_w                            0x080003af   Thumb Code    78  rt_memclr_w.o(.text)
    _memset_w                                0x080003b3   Thumb Code     0  rt_memclr_w.o(.text)
    __use_two_region_memory                  0x080003fd   Thumb Code     2  heapauxi.o(.text)
    __rt_heap_escrow                         0x080003ff   Thumb Code     2  heapauxi.o(.text)
    __rt_heap_expand                         0x08000401   Thumb Code     2  heapauxi.o(.text)
    __rt_heap_descriptor                     0x08000405   Thumb Code     8  rt_heap_descriptor_intlibspace.o(.text)
    __use_no_heap                            0x0800040d   Thumb Code     2  hguard.o(.text)
    __heap$guard                             0x0800040f   Thumb Code     2  hguard.o(.text)
    _terminate_user_alloc                    0x08000411   Thumb Code     2  init_alloc.o(.text)
    _init_user_alloc                         0x08000413   Thumb Code     2  init_alloc.o(.text)
    __Heap_Full                              0x08000415   Thumb Code    34  init_alloc.o(.text)
    __Heap_Broken                            0x08000437   Thumb Code     6  init_alloc.o(.text)
    _init_alloc                              0x0800043d   Thumb Code    94  init_alloc.o(.text)
    __Heap_Initialize                        0x0800049b   Thumb Code    10  h1_init.o(.text)
    __Heap_DescSize                          0x080004a5   Thumb Code     4  h1_init.o(.text)
    __aeabi_memcpy4                          0x080004a9   Thumb Code     0  rt_memcpy_w.o(.text)
    __aeabi_memcpy8                          0x080004a9   Thumb Code     0  rt_memcpy_w.o(.text)
    __rt_memcpy_w                            0x080004a9   Thumb Code   100  rt_memcpy_w.o(.text)
    _memcpy_lastbytes_aligned                0x080004f1   Thumb Code     0  rt_memcpy_w.o(.text)
    __aeabi_memclr                           0x0800050d   Thumb Code     0  rt_memclr.o(.text)
    __rt_memclr                              0x0800050d   Thumb Code    68  rt_memclr.o(.text)
    _memset                                  0x08000511   Thumb Code     0  rt_memclr.o(.text)
    __user_libspace                          0x08000551   Thumb Code     8  libspace.o(.text)
    __user_perproc_libspace                  0x08000551   Thumb Code     0  libspace.o(.text)
    __user_perthread_libspace                0x08000551   Thumb Code     0  libspace.o(.text)
    __Heap_ProvideMemory                     0x08000559   Thumb Code    52  h1_extend.o(.text)
    __rt_SIGRTMEM                            0x0800058d   Thumb Code    14  defsig_rtmem_outer.o(.text)
    __I$use$semihosting                      0x0800059b   Thumb Code     0  use_no_semi.o(.text)
    __use_no_semihosting_swi                 0x0800059b   Thumb Code     2  use_no_semi.o(.text)
    __semihosting_library_function           0x0800059d   Thumb Code     0  indicate_semi.o(.text)
    __user_setup_stackheap                   0x0800059d   Thumb Code    74  sys_stackheap_outer.o(.text)
    exit                                     0x080005e7   Thumb Code    18  exit.o(.text)
    __sig_exit                               0x080005f9   Thumb Code    10  defsig_exit.o(.text)
    __rt_SIGRTMEM_inner                      0x08000605   Thumb Code    22  defsig_rtmem_inner.o(.text)
    _sys_exit                                0x08000655   Thumb Code     8  sys_exit.o(.text)
    __default_signal_display                 0x08000661   Thumb Code    50  defsig_general.o(.text)
    _ttywrch                                 0x08000693   Thumb Code    14  sys_wrch.o(.text)
    Bms_DetectCellOpenWire                   0x08000705   Thumb Code    88  bms_app.o(i.Bms_DetectCellOpenWire)
    Bms_DetectTempOpenWire                   0x08000761   Thumb Code    88  bms_app.o(i.Bms_DetectTempOpenWire)
    Bms_LED_Control                          0x0800080d   Thumb Code    18  bms_app.o(i.Bms_LED_Control)
    Bms_SampleCellVoltage                    0x08000c71   Thumb Code   116  bms_app.o(i.Bms_SampleCellVoltage)
    Bms_SampleTemperature                    0x08000ce9   Thumb Code   118  bms_app.o(i.Bms_SampleTemperature)
    BusFault_Handler                         0x08000d65   Thumb Code     2  stm32f1xx_it.o(i.BusFault_Handler)
    DebugMon_Handler                         0x08000d67   Thumb Code     2  stm32f1xx_it.o(i.DebugMon_Handler)
    Error_Handler                            0x08000d69   Thumb Code     4  main.o(i.Error_Handler)
    F103_0804_simulink_model_initialize      0x08000d6d   Thumb Code     2  f103_0804_simulink_model.o(i.F103_0804_simulink_model_initialize)
    HAL_CAN_Init                             0x08000d6f   Thumb Code   282  stm32f1xx_hal_can.o(i.HAL_CAN_Init)
    HAL_CAN_MspInit                          0x08000e89   Thumb Code    96  can.o(i.HAL_CAN_MspInit)
    HAL_GPIO_Init                            0x08000ef5   Thumb Code   446  stm32f1xx_hal_gpio.o(i.HAL_GPIO_Init)
    HAL_GPIO_WritePin                        0x080010d5   Thumb Code    10  stm32f1xx_hal_gpio.o(i.HAL_GPIO_WritePin)
    HAL_GetTick                              0x080010e1   Thumb Code     6  stm32f1xx_hal.o(i.HAL_GetTick)
    HAL_IncTick                              0x080010ed   Thumb Code    12  stm32f1xx_hal.o(i.HAL_IncTick)
    HAL_Init                                 0x080010fd   Thumb Code    32  stm32f1xx_hal.o(i.HAL_Init)
    HAL_InitTick                             0x08001121   Thumb Code   118  stm32f1xx_hal_timebase_tim.o(i.HAL_InitTick)
    HAL_MspInit                              0x080011ad   Thumb Code    62  stm32f1xx_hal_msp.o(i.HAL_MspInit)
    HAL_NVIC_EnableIRQ                       0x080011f5   Thumb Code    26  stm32f1xx_hal_cortex.o(i.HAL_NVIC_EnableIRQ)
    HAL_NVIC_SetPriority                     0x08001211   Thumb Code    60  stm32f1xx_hal_cortex.o(i.HAL_NVIC_SetPriority)
    HAL_NVIC_SetPriorityGrouping             0x08001251   Thumb Code    26  stm32f1xx_hal_cortex.o(i.HAL_NVIC_SetPriorityGrouping)
    HAL_RCC_ClockConfig                      0x08001275   Thumb Code   280  stm32f1xx_hal_rcc.o(i.HAL_RCC_ClockConfig)
    HAL_RCC_GetClockConfig                   0x080013a1   Thumb Code    54  stm32f1xx_hal_rcc.o(i.HAL_RCC_GetClockConfig)
    HAL_RCC_GetPCLK1Freq                     0x080013e1   Thumb Code    20  stm32f1xx_hal_rcc.o(i.HAL_RCC_GetPCLK1Freq)
    HAL_RCC_GetPCLK2Freq                     0x08001401   Thumb Code    20  stm32f1xx_hal_rcc.o(i.HAL_RCC_GetPCLK2Freq)
    HAL_RCC_GetSysClockFreq                  0x08001421   Thumb Code    58  stm32f1xx_hal_rcc.o(i.HAL_RCC_GetSysClockFreq)
    HAL_RCC_OscConfig                        0x0800146d   Thumb Code   778  stm32f1xx_hal_rcc.o(i.HAL_RCC_OscConfig)
    HAL_SPI_Init                             0x0800178d   Thumb Code   178  stm32f1xx_hal_spi.o(i.HAL_SPI_Init)
    HAL_SPI_MspInit                          0x08001841   Thumb Code   162  spi.o(i.HAL_SPI_MspInit)
    HAL_SPI_TransmitReceive                  0x080018f9   Thumb Code   496  stm32f1xx_hal_spi.o(i.HAL_SPI_TransmitReceive)
    HAL_TIMEx_BreakCallback                  0x08001ae9   Thumb Code     2  stm32f1xx_hal_tim_ex.o(i.HAL_TIMEx_BreakCallback)
    HAL_TIMEx_CommutCallback                 0x08001aeb   Thumb Code     2  stm32f1xx_hal_tim_ex.o(i.HAL_TIMEx_CommutCallback)
    HAL_TIM_Base_Init                        0x08001aed   Thumb Code    90  stm32f1xx_hal_tim.o(i.HAL_TIM_Base_Init)
    HAL_TIM_Base_MspInit                     0x08001b47   Thumb Code     2  stm32f1xx_hal_tim.o(i.HAL_TIM_Base_MspInit)
    HAL_TIM_Base_Start_IT                    0x08001b49   Thumb Code    76  stm32f1xx_hal_tim.o(i.HAL_TIM_Base_Start_IT)
    HAL_TIM_IC_CaptureCallback               0x08001ba1   Thumb Code     2  stm32f1xx_hal_tim.o(i.HAL_TIM_IC_CaptureCallback)
    HAL_TIM_IRQHandler                       0x08001ba3   Thumb Code   304  stm32f1xx_hal_tim.o(i.HAL_TIM_IRQHandler)
    HAL_TIM_OC_DelayElapsedCallback          0x08001cd3   Thumb Code     2  stm32f1xx_hal_tim.o(i.HAL_TIM_OC_DelayElapsedCallback)
    HAL_TIM_PWM_PulseFinishedCallback        0x08001cd5   Thumb Code     2  stm32f1xx_hal_tim.o(i.HAL_TIM_PWM_PulseFinishedCallback)
    HAL_TIM_PeriodElapsedCallback            0x08001cd9   Thumb Code    14  main.o(i.HAL_TIM_PeriodElapsedCallback)
    HAL_TIM_TriggerCallback                  0x08001ced   Thumb Code     2  stm32f1xx_hal_tim.o(i.HAL_TIM_TriggerCallback)
    HAL_UART_Init                            0x08001cef   Thumb Code   100  stm32f1xx_hal_uart.o(i.HAL_UART_Init)
    HAL_UART_MspInit                         0x08001d55   Thumb Code   100  usart.o(i.HAL_UART_MspInit)
    HardFault_Handler                        0x08001dc5   Thumb Code     2  stm32f1xx_it.o(i.HardFault_Handler)
    LED_function_call                        0x08001dc9   Thumb Code   200  f103_0804_simulink_model.o(i.LED_function_call)
    LTC6813_adax                             0x08001e99   Thumb Code     4  ltc6813_stm32.o(i.LTC6813_adax)
    LTC6813_adcv                             0x08001e9d   Thumb Code     4  ltc6813_stm32.o(i.LTC6813_adcv)
    LTC6813_adow                             0x08001ea1   Thumb Code     4  ltc6813_stm32.o(i.LTC6813_adow)
    LTC6813_axow                             0x08001ea5   Thumb Code     4  ltc6813_stm32.o(i.LTC6813_axow)
    LTC6813_clraux                           0x08001ea9   Thumb Code     4  ltc6813_stm32.o(i.LTC6813_clraux)
    LTC6813_clrcell                          0x08001ead   Thumb Code     4  ltc6813_stm32.o(i.LTC6813_clrcell)
    LTC6813_init_cfg                         0x08001eb1   Thumb Code     4  ltc6813_stm32.o(i.LTC6813_init_cfg)
    LTC6813_init_cfgb                        0x08001eb5   Thumb Code    38  ltc6813_stm32.o(i.LTC6813_init_cfgb)
    LTC6813_init_reg_limits                  0x08001edd   Thumb Code    54  ltc6813_stm32.o(i.LTC6813_init_reg_limits)
    LTC6813_rdaux                            0x08001f13   Thumb Code     4  ltc6813_stm32.o(i.LTC6813_rdaux)
    LTC6813_rdcv                             0x08001f17   Thumb Code    10  ltc6813_stm32.o(i.LTC6813_rdcv)
    LTC681x_adax                             0x08001f21   Thumb Code    30  ltc681x.o(i.LTC681x_adax)
    LTC681x_adcv                             0x08001f3f   Thumb Code    34  ltc681x.o(i.LTC681x_adcv)
    LTC681x_adow                             0x08001f61   Thumb Code    38  ltc681x.o(i.LTC681x_adow)
    LTC681x_axow                             0x08001f87   Thumb Code    32  ltc681x.o(i.LTC681x_axow)
    LTC681x_check_pec                        0x08001fa9   Thumb Code   290  ltc681x.o(i.LTC681x_check_pec)
    LTC681x_clraux                           0x080020cd   Thumb Code    16  ltc681x.o(i.LTC681x_clraux)
    LTC681x_clrcell                          0x080020e1   Thumb Code    16  ltc681x.o(i.LTC681x_clrcell)
    LTC681x_init_cfg                         0x080020f5   Thumb Code    36  ltc681x.o(i.LTC681x_init_cfg)
    LTC681x_rdaux                            0x08002119   Thumb Code   196  ltc681x.o(i.LTC681x_rdaux)
    LTC681x_rdaux_reg                        0x080021dd   Thumb Code    96  ltc681x.o(i.LTC681x_rdaux_reg)
    LTC681x_rdcv                             0x0800223d   Thumb Code   204  ltc681x.o(i.LTC681x_rdcv)
    LTC681x_rdcv_reg                         0x08002309   Thumb Code   110  ltc681x.o(i.LTC681x_rdcv_reg)
    MX_CAN_Init                              0x08002379   Thumb Code    52  can.o(i.MX_CAN_Init)
    MX_FREERTOS_Init                         0x080023b5   Thumb Code    32  freertos.o(i.MX_FREERTOS_Init)
    MX_GPIO_Init                             0x080023e5   Thumb Code   156  gpio.o(i.MX_GPIO_Init)
    MX_SPI1_Init                             0x0800248d   Thumb Code    64  spi.o(i.MX_SPI1_Init)
    MX_SPI2_Init                             0x080024d5   Thumb Code    64  spi.o(i.MX_SPI2_Init)
    MX_USART1_UART_Init                      0x0800251d   Thumb Code    48  usart.o(i.MX_USART1_UART_Init)
    MemManage_Handler                        0x08002555   Thumb Code     2  stm32f1xx_it.o(i.MemManage_Handler)
    NMI_Handler                              0x08002557   Thumb Code     2  stm32f1xx_it.o(i.NMI_Handler)
    Sample_function_call                     0x08002645   Thumb Code    46  f103_0804_simulink_model.o(i.Sample_function_call)
    StartDefaultTask                         0x08002681   Thumb Code    12  freertos.o(i.StartDefaultTask)
    StartTask02                              0x0800268d   Thumb Code    12  freertos.o(i.StartTask02)
    SysTick_Handler                          0x08002699   Thumb Code    26  cmsis_os2.o(i.SysTick_Handler)
    SystemClock_Config                       0x080026b3   Thumb Code    94  main.o(i.SystemClock_Config)
    SystemInit                               0x08002711   Thumb Code     2  system_stm32f1xx.o(i.SystemInit)
    TIM1_UP_IRQHandler                       0x08002715   Thumb Code     6  stm32f1xx_it.o(i.TIM1_UP_IRQHandler)
    TIM_Base_SetConfig                       0x08002721   Thumb Code   108  stm32f1xx_hal_tim.o(i.TIM_Base_SetConfig)
    UsageFault_Handler                       0x08002851   Thumb Code     2  stm32f1xx_it.o(i.UsageFault_Handler)
    bms_hardware_init                        0x08002875   Thumb Code    78  bms_hardware.o(i.bms_hardware_init)
    bms_millis                               0x080028d5   Thumb Code     4  bms_hardware.o(i.bms_millis)
    cmd_68                                   0x080028d9   Thumb Code    54  ltc681x.o(i.cmd_68)
    cs_high                                  0x08002911   Thumb Code    10  bms_hardware.o(i.cs_high)
    cs_low                                   0x08002921   Thumb Code    10  bms_hardware.o(i.cs_low)
    delay_u                                  0x08002931   Thumb Code    28  bms_hardware.o(i.delay_u)
    main                                     0x08002955   Thumb Code    50  main.o(i.main)
    osDelay                                  0x08002987   Thumb Code    26  cmsis_os2.o(i.osDelay)
    osKernelInitialize                       0x080029a1   Thumb Code    32  cmsis_os2.o(i.osKernelInitialize)
    osKernelStart                            0x080029c5   Thumb Code    48  cmsis_os2.o(i.osKernelStart)
    osThreadNew                              0x080029fd   Thumb Code   138  cmsis_os2.o(i.osThreadNew)
    parse_cells                              0x08002a87   Thumb Code   102  ltc681x.o(i.parse_cells)
    pec15_calc                               0x08002aed   Thumb Code    46  ltc681x.o(i.pec15_calc)
    pvPortMalloc                             0x080032b5   Thumb Code   216  heap_4.o(i.pvPortMalloc)
    pxPortInitialiseStack                    0x08003391   Thumb Code    32  port.o(i.pxPortInitialiseStack)
    spi_read_byte                            0x080033b5   Thumb Code     6  bms_hardware.o(i.spi_read_byte)
    spi_write_array                          0x080033bb   Thumb Code    26  bms_hardware.o(i.spi_write_array)
    spi_write_read                           0x080033d5   Thumb Code    56  bms_hardware.o(i.spi_write_read)
    uxListRemove                             0x08003449   Thumb Code    38  list.o(i.uxListRemove)
    vApplicationGetIdleTaskMemory            0x08003471   Thumb Code    16  cmsis_os2.o(i.vApplicationGetIdleTaskMemory)
    vApplicationGetTimerTaskMemory           0x08003485   Thumb Code    18  cmsis_os2.o(i.vApplicationGetTimerTaskMemory)
    vListInitialise                          0x0800349d   Thumb Code    22  list.o(i.vListInitialise)
    vListInitialiseItem                      0x080034b3   Thumb Code     6  list.o(i.vListInitialiseItem)
    vListInsert                              0x080034b9   Thumb Code    48  list.o(i.vListInsert)
    vListInsertEnd                           0x080034e9   Thumb Code    24  list.o(i.vListInsertEnd)
    vPortEnterCritical                       0x08003501   Thumb Code    54  port.o(i.vPortEnterCritical)
    vPortExitCritical                        0x08003541   Thumb Code    34  port.o(i.vPortExitCritical)
    vPortFree                                0x08003569   Thumb Code    94  heap_4.o(i.vPortFree)
    vPortSetupTimerInterrupt                 0x080035cd   Thumb Code    32  port.o(i.vPortSetupTimerInterrupt)
    vPortValidateInterruptPriority           0x080035f1   Thumb Code    74  port.o(i.vPortValidateInterruptPriority)
    vQueueAddToRegistry                      0x08003645   Thumb Code    34  queue.o(i.vQueueAddToRegistry)
    vQueueWaitForMessageRestricted           0x0800366d   Thumb Code    68  queue.o(i.vQueueWaitForMessageRestricted)
    vTaskDelay                               0x080036b1   Thumb Code    66  tasks.o(i.vTaskDelay)
    vTaskInternalSetTimeOutState             0x080036fd   Thumb Code    12  tasks.o(i.vTaskInternalSetTimeOutState)
    vTaskMissedYield                         0x0800370d   Thumb Code     8  tasks.o(i.vTaskMissedYield)
    vTaskPlaceOnEventList                    0x08003719   Thumb Code    44  tasks.o(i.vTaskPlaceOnEventList)
    vTaskPlaceOnEventListRestricted          0x08003749   Thumb Code    52  tasks.o(i.vTaskPlaceOnEventListRestricted)
    vTaskStartScheduler                      0x08003781   Thumb Code   118  tasks.o(i.vTaskStartScheduler)
    vTaskSuspendAll                          0x08003809   Thumb Code    10  tasks.o(i.vTaskSuspendAll)
    vTaskSwitchContext                       0x08003819   Thumb Code    90  tasks.o(i.vTaskSwitchContext)
    wakeup_idle                              0x0800387d   Thumb Code    34  ltc681x.o(i.wakeup_idle)
    wakeup_sleep                             0x0800389f   Thumb Code    44  ltc681x.o(i.wakeup_sleep)
    xPortStartScheduler                      0x080038cd   Thumb Code   154  port.o(i.xPortStartScheduler)
    xPortSysTickHandler                      0x08003975   Thumb Code    38  port.o(i.xPortSysTickHandler)
    xQueueGenericCreateStatic                0x080039a1   Thumb Code   102  queue.o(i.xQueueGenericCreateStatic)
    xQueueGenericReset                       0x08003a09   Thumb Code   132  queue.o(i.xQueueGenericReset)
    xQueueGenericSend                        0x08003a91   Thumb Code   346  queue.o(i.xQueueGenericSend)
    xQueueGenericSendFromISR                 0x08003bf1   Thumb Code   190  queue.o(i.xQueueGenericSendFromISR)
    xQueueReceive                            0x08003cb1   Thumb Code   308  queue.o(i.xQueueReceive)
    xTaskCheckForTimeOut                     0x08003de9   Thumb Code   112  tasks.o(i.xTaskCheckForTimeOut)
    xTaskCreate                              0x08003e5d   Thumb Code    90  tasks.o(i.xTaskCreate)
    xTaskCreateStatic                        0x08003eb7   Thumb Code    86  tasks.o(i.xTaskCreateStatic)
    xTaskGetSchedulerState                   0x08003f0d   Thumb Code    22  tasks.o(i.xTaskGetSchedulerState)
    xTaskGetTickCount                        0x08003f29   Thumb Code     6  tasks.o(i.xTaskGetTickCount)
    xTaskIncrementTick                       0x08003f35   Thumb Code   192  tasks.o(i.xTaskIncrementTick)
    xTaskPriorityDisinherit                  0x08003ffd   Thumb Code   118  tasks.o(i.xTaskPriorityDisinherit)
    xTaskRemoveFromEventList                 0x0800407d   Thumb Code    98  tasks.o(i.xTaskRemoveFromEventList)
    xTaskResumeAll                           0x080040ed   Thumb Code   182  tasks.o(i.xTaskResumeAll)
    xTimerCreateTimerTask                    0x080041b1   Thumb Code    78  timers.o(i.xTimerCreateTimerTask)
    xTimerGenericCommand                     0x08004211   Thumb Code    98  timers.o(i.xTimerGenericCommand)
    __fpl_dcmp_Inf                           0x08004279   Thumb Code    24  dcmpi.o(x$fpl$dcmpinf)
    __aeabi_cdcmpeq                          0x08004291   Thumb Code     0  deqf.o(x$fpl$deqf)
    _dcmpeq                                  0x08004291   Thumb Code   120  deqf.o(x$fpl$deqf)
    __fpl_dnaninf                            0x08004309   Thumb Code   156  dnaninf.o(x$fpl$dnaninf)
    RTOSTask1_attributes                     0x080043a4   Data          36  freertos.o(.constdata)
    __I$use$fp                               0x080043a4   Number         0  usenofp.o(x$fpl$usenofp)
    myTask02_attributes                      0x080043c8   Data          36  freertos.o(.constdata)
    AHBPrescTable                            0x080043fe   Data          16  system_stm32f1xx.o(.constdata)
    APBPrescTable                            0x0800440e   Data           8  system_stm32f1xx.o(.constdata)
    crc15Table                               0x08004416   Data         512  ltc681x.o(.constdata)
    Region$$Table$$Base                      0x08004630   Number         0  anon$$obj.o(Region$$Table)
    Region$$Table$$Limit                     0x08004650   Number         0  anon$$obj.o(Region$$Table)
    RTOSTask1Handle                          0x20000000   Data           4  freertos.o(.data)
    myTask02Handle                           0x20000004   Data           4  freertos.o(.data)
    uwTickFreq                               0x20000008   Data           1  stm32f1xx_hal.o(.data)
    uwTickPrio                               0x2000000c   Data           4  stm32f1xx_hal.o(.data)
    uwTick                                   0x20000010   Data           4  stm32f1xx_hal.o(.data)
    SystemCoreClock                          0x20000014   Data           4  system_stm32f1xx.o(.data)
    pxCurrentTCB                             0x2000001c   Data           4  tasks.o(.data)
    hcan                                     0x2000009c   Data          40  can.o(.bss)
    hspi1                                    0x200000c4   Data          88  spi.o(.bss)
    hspi2                                    0x2000011c   Data          88  spi.o(.bss)
    huart1                                   0x20000174   Data          72  usart.o(.bss)
    htim1                                    0x200001bc   Data          72  stm32f1xx_hal_timebase_tim.o(.bss)
    rtDW                                     0x20000ac0   Data         512  f103_0804_simulink_model.o(.bss)
    xQueueRegistry                           0x20000cc0   Data          64  queue.o(.bss)
    __libspace_start                         0x20003994   Data          96  libspace.o(.bss)
    __temporary_stack_top$libspace           0x200039f4   Data           0  libspace.o(.bss)



==============================================================================

Memory Map of the image

  Image Entry point : 0x080000ed

  Load Region LR_IROM1 (Base: 0x08000000, Size: 0x000046ec, Max: 0x00010000, ABSOLUTE)

    Execution Region ER_IROM1 (Exec base: 0x08000000, Load base: 0x08000000, Size: 0x00004650, Max: 0x00010000, ABSOLUTE)

    Exec Addr    Load Addr    Size         Type   Attr      Idx    E Section Name        Object

    0x08000000   0x08000000   0x000000ec   Data   RO            3    RESET               startup_stm32f103xb.o
    0x080000ec   0x080000ec   0x00000008   Code   RO         6349  * !!!main             c_w.l(__main.o)
    0x080000f4   0x080000f4   0x00000034   Code   RO         6561    !!!scatter          c_w.l(__scatter.o)
    0x08000128   0x08000128   0x0000001a   Code   RO         6563    !!handler_copy      c_w.l(__scatter_copy.o)
    0x08000142   0x08000142   0x00000002   PAD
    0x08000144   0x08000144   0x0000001c   Code   RO         6565    !!handler_zi        c_w.l(__scatter_zi.o)
    0x08000160   0x08000160   0x00000002   Code   RO         6500    .ARM.Collect$$libinit$$00000000  c_w.l(libinit.o)
    0x08000162   0x08000162   0x00000000   Code   RO         6388    .ARM.Collect$$libinit$$00000002  c_w.l(libinit2.o)
    0x08000162   0x08000162   0x00000000   Code   RO         6390    .ARM.Collect$$libinit$$00000004  c_w.l(libinit2.o)
    0x08000162   0x08000162   0x00000008   Code   RO         6391    .ARM.Collect$$libinit$$00000005  c_w.l(libinit2.o)
    0x0800016a   0x0800016a   0x00000000   Code   RO         6393    .ARM.Collect$$libinit$$0000000A  c_w.l(libinit2.o)
    0x0800016a   0x0800016a   0x00000000   Code   RO         6395    .ARM.Collect$$libinit$$0000000C  c_w.l(libinit2.o)
    0x0800016a   0x0800016a   0x00000000   Code   RO         6397    .ARM.Collect$$libinit$$0000000E  c_w.l(libinit2.o)
    0x0800016a   0x0800016a   0x00000000   Code   RO         6400    .ARM.Collect$$libinit$$00000011  c_w.l(libinit2.o)
    0x0800016a   0x0800016a   0x00000000   Code   RO         6402    .ARM.Collect$$libinit$$00000013  c_w.l(libinit2.o)
    0x0800016a   0x0800016a   0x00000000   Code   RO         6404    .ARM.Collect$$libinit$$00000015  c_w.l(libinit2.o)
    0x0800016a   0x0800016a   0x00000000   Code   RO         6406    .ARM.Collect$$libinit$$00000017  c_w.l(libinit2.o)
    0x0800016a   0x0800016a   0x00000000   Code   RO         6408    .ARM.Collect$$libinit$$00000019  c_w.l(libinit2.o)
    0x0800016a   0x0800016a   0x00000000   Code   RO         6410    .ARM.Collect$$libinit$$0000001B  c_w.l(libinit2.o)
    0x0800016a   0x0800016a   0x00000000   Code   RO         6412    .ARM.Collect$$libinit$$0000001D  c_w.l(libinit2.o)
    0x0800016a   0x0800016a   0x00000000   Code   RO         6414    .ARM.Collect$$libinit$$0000001F  c_w.l(libinit2.o)
    0x0800016a   0x0800016a   0x00000000   Code   RO         6416    .ARM.Collect$$libinit$$00000021  c_w.l(libinit2.o)
    0x0800016a   0x0800016a   0x00000000   Code   RO         6418    .ARM.Collect$$libinit$$00000023  c_w.l(libinit2.o)
    0x0800016a   0x0800016a   0x00000000   Code   RO         6420    .ARM.Collect$$libinit$$00000025  c_w.l(libinit2.o)
    0x0800016a   0x0800016a   0x00000000   Code   RO         6424    .ARM.Collect$$libinit$$0000002C  c_w.l(libinit2.o)
    0x0800016a   0x0800016a   0x00000000   Code   RO         6426    .ARM.Collect$$libinit$$0000002E  c_w.l(libinit2.o)
    0x0800016a   0x0800016a   0x00000000   Code   RO         6428    .ARM.Collect$$libinit$$00000030  c_w.l(libinit2.o)
    0x0800016a   0x0800016a   0x00000000   Code   RO         6430    .ARM.Collect$$libinit$$00000032  c_w.l(libinit2.o)
    0x0800016a   0x0800016a   0x00000002   Code   RO         6431    .ARM.Collect$$libinit$$00000033  c_w.l(libinit2.o)
    0x0800016c   0x0800016c   0x00000002   Code   RO         6558    .ARM.Collect$$libshutdown$$00000000  c_w.l(libshutdown.o)
    0x0800016e   0x0800016e   0x00000000   Code   RO         6514    .ARM.Collect$$libshutdown$$00000002  c_w.l(libshutdown2.o)
    0x0800016e   0x0800016e   0x00000000   Code   RO         6516    .ARM.Collect$$libshutdown$$00000004  c_w.l(libshutdown2.o)
    0x0800016e   0x0800016e   0x00000000   Code   RO         6519    .ARM.Collect$$libshutdown$$00000007  c_w.l(libshutdown2.o)
    0x0800016e   0x0800016e   0x00000000   Code   RO         6522    .ARM.Collect$$libshutdown$$0000000A  c_w.l(libshutdown2.o)
    0x0800016e   0x0800016e   0x00000000   Code   RO         6524    .ARM.Collect$$libshutdown$$0000000C  c_w.l(libshutdown2.o)
    0x0800016e   0x0800016e   0x00000000   Code   RO         6527    .ARM.Collect$$libshutdown$$0000000F  c_w.l(libshutdown2.o)
    0x0800016e   0x0800016e   0x00000002   Code   RO         6528    .ARM.Collect$$libshutdown$$00000010  c_w.l(libshutdown2.o)
    0x08000170   0x08000170   0x00000000   Code   RO         6355    .ARM.Collect$$rtentry$$00000000  c_w.l(__rtentry.o)
    0x08000170   0x08000170   0x00000000   Code   RO         6443    .ARM.Collect$$rtentry$$00000002  c_w.l(__rtentry2.o)
    0x08000170   0x08000170   0x00000006   Code   RO         6455    .ARM.Collect$$rtentry$$00000004  c_w.l(__rtentry4.o)
    0x08000176   0x08000176   0x00000000   Code   RO         6445    .ARM.Collect$$rtentry$$00000009  c_w.l(__rtentry2.o)
    0x08000176   0x08000176   0x00000004   Code   RO         6446    .ARM.Collect$$rtentry$$0000000A  c_w.l(__rtentry2.o)
    0x0800017a   0x0800017a   0x00000000   Code   RO         6448    .ARM.Collect$$rtentry$$0000000C  c_w.l(__rtentry2.o)
    0x0800017a   0x0800017a   0x00000008   Code   RO         6449    .ARM.Collect$$rtentry$$0000000D  c_w.l(__rtentry2.o)
    0x08000182   0x08000182   0x00000002   Code   RO         6503    .ARM.Collect$$rtexit$$00000000  c_w.l(rtexit.o)
    0x08000184   0x08000184   0x00000000   Code   RO         6532    .ARM.Collect$$rtexit$$00000002  c_w.l(rtexit2.o)
    0x08000184   0x08000184   0x00000004   Code   RO         6533    .ARM.Collect$$rtexit$$00000003  c_w.l(rtexit2.o)
    0x08000188   0x08000188   0x00000006   Code   RO         6534    .ARM.Collect$$rtexit$$00000004  c_w.l(rtexit2.o)
    0x0800018e   0x0800018e   0x00000002   PAD
    0x08000190   0x08000190   0x00000096   Code   RO         6196    .emb_text           port.o
    0x08000226   0x08000226   0x00000002   PAD
    0x08000228   0x08000228   0x00000000   Code   RO         6459    .emb_text           c_w.l(maybetermalloc1.o)
    0x08000228   0x08000228   0x00000040   Code   RO            4    .text               startup_stm32f103xb.o
    0x08000268   0x08000268   0x0000005e   Code   RO         6279    .text               c_w.l(h1_alloc.o)
    0x080002c6   0x080002c6   0x0000004e   Code   RO         6281    .text               c_w.l(h1_free.o)
    0x08000314   0x08000314   0x0000008a   Code   RO         6339    .text               c_w.l(rt_memcpy_v6.o)
    0x0800039e   0x0800039e   0x00000010   Code   RO         6343    .text               c_w.l(aeabi_memset.o)
    0x080003ae   0x080003ae   0x0000004e   Code   RO         6345    .text               c_w.l(rt_memclr_w.o)
    0x080003fc   0x080003fc   0x00000006   Code   RO         6347    .text               c_w.l(heapauxi.o)
    0x08000402   0x08000402   0x00000002   PAD
    0x08000404   0x08000404   0x00000008   Code   RO         6359    .text               c_w.l(rt_heap_descriptor_intlibspace.o)
    0x0800040c   0x0800040c   0x00000004   Code   RO         6361    .text               c_w.l(hguard.o)
    0x08000410   0x08000410   0x0000008a   Code   RO         6363    .text               c_w.l(init_alloc.o)
    0x0800049a   0x0800049a   0x0000000e   Code   RO         6367    .text               c_w.l(h1_init.o)
    0x080004a8   0x080004a8   0x00000064   Code   RO         6381    .text               c_w.l(rt_memcpy_w.o)
    0x0800050c   0x0800050c   0x00000044   Code   RO         6383    .text               c_w.l(rt_memclr.o)
    0x08000550   0x08000550   0x00000008   Code   RO         6439    .text               c_w.l(libspace.o)
    0x08000558   0x08000558   0x00000034   Code   RO         6461    .text               c_w.l(h1_extend.o)
    0x0800058c   0x0800058c   0x0000000e   Code   RO         6465    .text               c_w.l(defsig_rtmem_outer.o)
    0x0800059a   0x0800059a   0x00000002   Code   RO         6476    .text               c_w.l(use_no_semi.o)
    0x0800059c   0x0800059c   0x00000000   Code   RO         6478    .text               c_w.l(indicate_semi.o)
    0x0800059c   0x0800059c   0x0000004a   Code   RO         6479    .text               c_w.l(sys_stackheap_outer.o)
    0x080005e6   0x080005e6   0x00000012   Code   RO         6485    .text               c_w.l(exit.o)
    0x080005f8   0x080005f8   0x0000000a   Code   RO         6487    .text               c_w.l(defsig_exit.o)
    0x08000602   0x08000602   0x00000002   PAD
    0x08000604   0x08000604   0x00000050   Code   RO         6489    .text               c_w.l(defsig_rtmem_inner.o)
    0x08000654   0x08000654   0x0000000c   Code   RO         6501    .text               c_w.l(sys_exit.o)
    0x08000660   0x08000660   0x00000032   Code   RO         6511    .text               c_w.l(defsig_general.o)
    0x08000692   0x08000692   0x0000000e   Code   RO         6529    .text               c_w.l(sys_wrch.o)
    0x080006a0   0x080006a0   0x00000034   Code   RO         4375    i.Bms_AdowPollRepeat  bms_app.o
    0x080006d4   0x080006d4   0x00000018   Code   RO         4376    i.Bms_AnyFlagSet    bms_app.o
    0x080006ec   0x080006ec   0x00000016   Code   RO         4377    i.Bms_ClearU16      bms_app.o
    0x08000702   0x08000702   0x00000002   PAD
    0x08000704   0x08000704   0x0000005c   Code   RO         4378    i.Bms_DetectCellOpenWire  bms_app.o
    0x08000760   0x08000760   0x0000005c   Code   RO         4379    i.Bms_DetectTempOpenWire  bms_app.o
    0x080007bc   0x080007bc   0x00000050   Code   RO         4380    i.Bms_EnsureInit    bms_app.o
    0x0800080c   0x0800080c   0x00000018   Code   RO         4381    i.Bms_LED_Control   bms_app.o
    0x08000824   0x08000824   0x00000060   Code   RO         4382    i.Bms_PollAdcTimeout  bms_app.o
    0x08000884   0x08000884   0x00000240   Code   RO         4383    i.Bms_RunCellOpenWire  bms_app.o
    0x08000ac4   0x08000ac4   0x000001ac   Code   RO         4384    i.Bms_RunGpioOpenWire  bms_app.o
    0x08000c70   0x08000c70   0x00000078   Code   RO         4385    i.Bms_SampleCellVoltage  bms_app.o
    0x08000ce8   0x08000ce8   0x0000007c   Code   RO         4386    i.Bms_SampleTemperature  bms_app.o
    0x08000d64   0x08000d64   0x00000002   Code   RO          419    i.BusFault_Handler  stm32f1xx_it.o
    0x08000d66   0x08000d66   0x00000002   Code   RO          420    i.DebugMon_Handler  stm32f1xx_it.o
    0x08000d68   0x08000d68   0x00000004   Code   RO           13    i.Error_Handler     main.o
    0x08000d6c   0x08000d6c   0x00000002   Code   RO         4483    i.F103_0804_simulink_model_initialize  f103_0804_simulink_model.o
    0x08000d6e   0x08000d6e   0x0000011a   Code   RO         1569    i.HAL_CAN_Init      stm32f1xx_hal_can.o
    0x08000e88   0x08000e88   0x0000006c   Code   RO          288    i.HAL_CAN_MspInit   can.o
    0x08000ef4   0x08000ef4   0x000001e0   Code   RO         2106    i.HAL_GPIO_Init     stm32f1xx_hal_gpio.o
    0x080010d4   0x080010d4   0x0000000a   Code   RO         2110    i.HAL_GPIO_WritePin  stm32f1xx_hal_gpio.o
    0x080010de   0x080010de   0x00000002   PAD
    0x080010e0   0x080010e0   0x0000000c   Code   RO         1800    i.HAL_GetTick       stm32f1xx_hal.o
    0x080010ec   0x080010ec   0x00000010   Code   RO         1806    i.HAL_IncTick       stm32f1xx_hal.o
    0x080010fc   0x080010fc   0x00000024   Code   RO         1807    i.HAL_Init          stm32f1xx_hal.o
    0x08001120   0x08001120   0x0000008c   Code   RO          507    i.HAL_InitTick      stm32f1xx_hal_timebase_tim.o
    0x080011ac   0x080011ac   0x00000048   Code   RO          483    i.HAL_MspInit       stm32f1xx_hal_msp.o
    0x080011f4   0x080011f4   0x0000001a   Code   RO         2266    i.HAL_NVIC_EnableIRQ  stm32f1xx_hal_cortex.o
    0x0800120e   0x0800120e   0x00000002   PAD
    0x08001210   0x08001210   0x00000040   Code   RO         2272    i.HAL_NVIC_SetPriority  stm32f1xx_hal_cortex.o
    0x08001250   0x08001250   0x00000024   Code   RO         2273    i.HAL_NVIC_SetPriorityGrouping  stm32f1xx_hal_cortex.o
    0x08001274   0x08001274   0x0000012c   Code   RO         1964    i.HAL_RCC_ClockConfig  stm32f1xx_hal_rcc.o
    0x080013a0   0x080013a0   0x00000040   Code   RO         1968    i.HAL_RCC_GetClockConfig  stm32f1xx_hal_rcc.o
    0x080013e0   0x080013e0   0x00000020   Code   RO         1971    i.HAL_RCC_GetPCLK1Freq  stm32f1xx_hal_rcc.o
    0x08001400   0x08001400   0x00000020   Code   RO         1972    i.HAL_RCC_GetPCLK2Freq  stm32f1xx_hal_rcc.o
    0x08001420   0x08001420   0x0000004c   Code   RO         1973    i.HAL_RCC_GetSysClockFreq  stm32f1xx_hal_rcc.o
    0x0800146c   0x0800146c   0x00000320   Code   RO         1976    i.HAL_RCC_OscConfig  stm32f1xx_hal_rcc.o
    0x0800178c   0x0800178c   0x000000b2   Code   RO         2777    i.HAL_SPI_Init      stm32f1xx_hal_spi.o
    0x0800183e   0x0800183e   0x00000002   PAD
    0x08001840   0x08001840   0x000000b8   Code   RO          330    i.HAL_SPI_MspInit   spi.o
    0x080018f8   0x080018f8   0x000001f0   Code   RO         2786    i.HAL_SPI_TransmitReceive  stm32f1xx_hal_spi.o
    0x08001ae8   0x08001ae8   0x00000002   Code   RO         1288    i.HAL_TIMEx_BreakCallback  stm32f1xx_hal_tim_ex.o
    0x08001aea   0x08001aea   0x00000002   Code   RO         1289    i.HAL_TIMEx_CommutCallback  stm32f1xx_hal_tim_ex.o
    0x08001aec   0x08001aec   0x0000005a   Code   RO          584    i.HAL_TIM_Base_Init  stm32f1xx_hal_tim.o
    0x08001b46   0x08001b46   0x00000002   Code   RO          586    i.HAL_TIM_Base_MspInit  stm32f1xx_hal_tim.o
    0x08001b48   0x08001b48   0x00000058   Code   RO          589    i.HAL_TIM_Base_Start_IT  stm32f1xx_hal_tim.o
    0x08001ba0   0x08001ba0   0x00000002   Code   RO          618    i.HAL_TIM_IC_CaptureCallback  stm32f1xx_hal_tim.o
    0x08001ba2   0x08001ba2   0x00000130   Code   RO          632    i.HAL_TIM_IRQHandler  stm32f1xx_hal_tim.o
    0x08001cd2   0x08001cd2   0x00000002   Code   RO          635    i.HAL_TIM_OC_DelayElapsedCallback  stm32f1xx_hal_tim.o
    0x08001cd4   0x08001cd4   0x00000002   Code   RO          662    i.HAL_TIM_PWM_PulseFinishedCallback  stm32f1xx_hal_tim.o
    0x08001cd6   0x08001cd6   0x00000002   PAD
    0x08001cd8   0x08001cd8   0x00000014   Code   RO           14    i.HAL_TIM_PeriodElapsedCallback  main.o
    0x08001cec   0x08001cec   0x00000002   Code   RO          675    i.HAL_TIM_TriggerCallback  stm32f1xx_hal_tim.o
    0x08001cee   0x08001cee   0x00000064   Code   RO         3118    i.HAL_UART_Init     stm32f1xx_hal_uart.o
    0x08001d52   0x08001d52   0x00000002   PAD
    0x08001d54   0x08001d54   0x00000070   Code   RO          378    i.HAL_UART_MspInit  usart.o
    0x08001dc4   0x08001dc4   0x00000002   Code   RO          421    i.HardFault_Handler  stm32f1xx_it.o
    0x08001dc6   0x08001dc6   0x00000002   PAD
    0x08001dc8   0x08001dc8   0x000000d0   Code   RO         4484    i.LED_function_call  f103_0804_simulink_model.o
    0x08001e98   0x08001e98   0x00000004   Code   RO         3963    i.LTC6813_adax      ltc6813_stm32.o
    0x08001e9c   0x08001e9c   0x00000004   Code   RO         3965    i.LTC6813_adcv      ltc6813_stm32.o
    0x08001ea0   0x08001ea0   0x00000004   Code   RO         3969    i.LTC6813_adow      ltc6813_stm32.o
    0x08001ea4   0x08001ea4   0x00000004   Code   RO         3972    i.LTC6813_axow      ltc6813_stm32.o
    0x08001ea8   0x08001ea8   0x00000004   Code   RO         3976    i.LTC6813_clraux    ltc6813_stm32.o
    0x08001eac   0x08001eac   0x00000004   Code   RO         3977    i.LTC6813_clrcell   ltc6813_stm32.o
    0x08001eb0   0x08001eb0   0x00000004   Code   RO         3982    i.LTC6813_init_cfg  ltc6813_stm32.o
    0x08001eb4   0x08001eb4   0x00000026   Code   RO         3983    i.LTC6813_init_cfgb  ltc6813_stm32.o
    0x08001eda   0x08001eda   0x00000002   PAD
    0x08001edc   0x08001edc   0x00000036   Code   RO         3984    i.LTC6813_init_reg_limits  ltc6813_stm32.o
    0x08001f12   0x08001f12   0x00000004   Code   RO         3988    i.LTC6813_rdaux     ltc6813_stm32.o
    0x08001f16   0x08001f16   0x0000000a   Code   RO         3992    i.LTC6813_rdcv      ltc6813_stm32.o
    0x08001f20   0x08001f20   0x0000001e   Code   RO         3572    i.LTC681x_adax      ltc681x.o
    0x08001f3e   0x08001f3e   0x00000022   Code   RO         3574    i.LTC681x_adcv      ltc681x.o
    0x08001f60   0x08001f60   0x00000026   Code   RO         3578    i.LTC681x_adow      ltc681x.o
    0x08001f86   0x08001f86   0x00000020   Code   RO         3581    i.LTC681x_axow      ltc681x.o
    0x08001fa6   0x08001fa6   0x00000002   PAD
    0x08001fa8   0x08001fa8   0x00000122   Code   RO         3583    i.LTC681x_check_pec  ltc681x.o
    0x080020ca   0x080020ca   0x00000002   PAD
    0x080020cc   0x080020cc   0x00000014   Code   RO         3585    i.LTC681x_clraux    ltc681x.o
    0x080020e0   0x080020e0   0x00000014   Code   RO         3586    i.LTC681x_clrcell   ltc681x.o
    0x080020f4   0x080020f4   0x00000024   Code   RO         3591    i.LTC681x_init_cfg  ltc681x.o
    0x08002118   0x08002118   0x000000c4   Code   RO         3594    i.LTC681x_rdaux     ltc681x.o
    0x080021dc   0x080021dc   0x00000060   Code   RO         3595    i.LTC681x_rdaux_reg  ltc681x.o
    0x0800223c   0x0800223c   0x000000cc   Code   RO         3599    i.LTC681x_rdcv      ltc681x.o
    0x08002308   0x08002308   0x0000006e   Code   RO         3600    i.LTC681x_rdcv_reg  ltc681x.o
    0x08002376   0x08002376   0x00000002   PAD
    0x08002378   0x08002378   0x0000003c   Code   RO          289    i.MX_CAN_Init       can.o
    0x080023b4   0x080023b4   0x00000030   Code   RO          238    i.MX_FREERTOS_Init  freertos.o
    0x080023e4   0x080023e4   0x000000a8   Code   RO          214    i.MX_GPIO_Init      gpio.o
    0x0800248c   0x0800248c   0x00000048   Code   RO          331    i.MX_SPI1_Init      spi.o
    0x080024d4   0x080024d4   0x00000048   Code   RO          332    i.MX_SPI2_Init      spi.o
    0x0800251c   0x0800251c   0x00000038   Code   RO          379    i.MX_USART1_UART_Init  usart.o
    0x08002554   0x08002554   0x00000002   Code   RO          422    i.MemManage_Handler  stm32f1xx_it.o
    0x08002556   0x08002556   0x00000002   Code   RO          423    i.NMI_Handler       stm32f1xx_it.o
    0x08002558   0x08002558   0x00000034   Code   RO         2815    i.SPI_EndRxTxTransaction  stm32f1xx_hal_spi.o
    0x0800258c   0x0800258c   0x000000b8   Code   RO         2820    i.SPI_WaitFlagStateUntilTimeout  stm32f1xx_hal_spi.o
    0x08002644   0x08002644   0x0000003c   Code   RO         4485    i.Sample_function_call  f103_0804_simulink_model.o
    0x08002680   0x08002680   0x0000000c   Code   RO          239    i.StartDefaultTask  freertos.o
    0x0800268c   0x0800268c   0x0000000c   Code   RO          240    i.StartTask02       freertos.o
    0x08002698   0x08002698   0x0000001a   Code   RO         5628    i.SysTick_Handler   cmsis_os2.o
    0x080026b2   0x080026b2   0x0000005e   Code   RO           15    i.SystemClock_Config  main.o
    0x08002710   0x08002710   0x00000002   Code   RO         3452    i.SystemInit        system_stm32f1xx.o
    0x08002712   0x08002712   0x00000002   PAD
    0x08002714   0x08002714   0x0000000c   Code   RO          424    i.TIM1_UP_IRQHandler  stm32f1xx_it.o
    0x08002720   0x08002720   0x00000078   Code   RO          677    i.TIM_Base_SetConfig  stm32f1xx_hal_tim.o
    0x08002798   0x08002798   0x000000b8   Code   RO         3144    i.UART_SetConfig    stm32f1xx_hal_uart.o
    0x08002850   0x08002850   0x00000002   Code   RO          425    i.UsageFault_Handler  stm32f1xx_it.o
    0x08002852   0x08002852   0x00000020   Code   RO         2279    i.__NVIC_SetPriority  stm32f1xx_hal_cortex.o
    0x08002872   0x08002872   0x00000002   PAD
    0x08002874   0x08002874   0x00000060   Code   RO         3489    i.bms_hardware_init  bms_hardware.o
    0x080028d4   0x080028d4   0x00000004   Code   RO         3490    i.bms_millis        bms_hardware.o
    0x080028d8   0x080028d8   0x00000036   Code   RO         3630    i.cmd_68            ltc681x.o
    0x0800290e   0x0800290e   0x00000002   PAD
    0x08002910   0x08002910   0x00000010   Code   RO         3491    i.cs_high           bms_hardware.o
    0x08002920   0x08002920   0x00000010   Code   RO         3492    i.cs_low            bms_hardware.o
    0x08002930   0x08002930   0x00000024   Code   RO         3494    i.delay_u           bms_hardware.o
    0x08002954   0x08002954   0x00000032   Code   RO           16    i.main              main.o
    0x08002986   0x08002986   0x0000001a   Code   RO         5630    i.osDelay           cmsis_os2.o
    0x080029a0   0x080029a0   0x00000024   Code   RO         5644    i.osKernelInitialize  cmsis_os2.o
    0x080029c4   0x080029c4   0x00000038   Code   RO         5647    i.osKernelStart     cmsis_os2.o
    0x080029fc   0x080029fc   0x0000008a   Code   RO         5689    i.osThreadNew       cmsis_os2.o
    0x08002a86   0x08002a86   0x00000066   Code   RO         3631    i.parse_cells       ltc681x.o
    0x08002aec   0x08002aec   0x00000034   Code   RO         3632    i.pec15_calc        ltc681x.o
    0x08002b20   0x08002b20   0x0000005c   Code   RO         5089    i.prvAddCurrentTaskToDelayedList  tasks.o
    0x08002b7c   0x08002b7c   0x000000d0   Code   RO         5090    i.prvAddNewTaskToReadyList  tasks.o
    0x08002c4c   0x08002c4c   0x00000058   Code   RO         5454    i.prvCheckForValidListAndQueue  timers.o
    0x08002ca4   0x08002ca4   0x00000026   Code   RO         4689    i.prvCopyDataFromQueue  queue.o
    0x08002cca   0x08002cca   0x0000006c   Code   RO         4690    i.prvCopyDataToQueue  queue.o
    0x08002d36   0x08002d36   0x00000034   Code   RO         5091    i.prvDeleteTCB      tasks.o
    0x08002d6a   0x08002d6a   0x00000002   PAD
    0x08002d6c   0x08002d6c   0x0000004c   Code   RO         6141    i.prvHeapInit       heap_4.o
    0x08002db8   0x08002db8   0x00000060   Code   RO         5092    i.prvIdleTask       tasks.o
    0x08002e18   0x08002e18   0x00000022   Code   RO         4692    i.prvInitialiseNewQueue  queue.o
    0x08002e3a   0x08002e3a   0x00000002   PAD
    0x08002e3c   0x08002e3c   0x000000b0   Code   RO         5093    i.prvInitialiseNewTask  tasks.o
    0x08002eec   0x08002eec   0x0000004c   Code   RO         6142    i.prvInsertBlockIntoFreeList  heap_4.o
    0x08002f38   0x08002f38   0x00000038   Code   RO         5456    i.prvInsertTimerInActiveList  timers.o
    0x08002f70   0x08002f70   0x0000001c   Code   RO         4693    i.prvIsQueueEmpty   queue.o
    0x08002f8c   0x08002f8c   0x000000fc   Code   RO         5457    i.prvProcessReceivedCommands  timers.o
    0x08003088   0x08003088   0x000000c0   Code   RO         5458    i.prvProcessTimerOrBlockTask  timers.o
    0x08003148   0x08003148   0x00000020   Code   RO         5095    i.prvResetNextTaskUnblockTime  tasks.o
    0x08003168   0x08003168   0x00000028   Code   RO         5459    i.prvSampleTimeNow  timers.o
    0x08003190   0x08003190   0x0000006c   Code   RO         5460    i.prvSwitchTimerLists  timers.o
    0x080031fc   0x080031fc   0x00000028   Code   RO         6197    i.prvTaskExitError  port.o
    0x08003224   0x08003224   0x00000024   Code   RO         5461    i.prvTimerTask      timers.o
    0x08003248   0x08003248   0x0000006a   Code   RO         4694    i.prvUnlockQueue    queue.o
    0x080032b2   0x080032b2   0x00000002   PAD
    0x080032b4   0x080032b4   0x000000dc   Code   RO         6143    i.pvPortMalloc      heap_4.o
    0x08003390   0x08003390   0x00000024   Code   RO         6198    i.pxPortInitialiseStack  port.o
    0x080033b4   0x080033b4   0x00000006   Code   RO         3496    i.spi_read_byte     bms_hardware.o
    0x080033ba   0x080033ba   0x0000001a   Code   RO         3497    i.spi_write_array   bms_hardware.o
    0x080033d4   0x080033d4   0x00000038   Code   RO         3498    i.spi_write_read    bms_hardware.o
    0x0800340c   0x0800340c   0x0000003c   Code   RO         3499    i.spi_xfer          bms_hardware.o
    0x08003448   0x08003448   0x00000026   Code   RO         4649    i.uxListRemove      list.o
    0x0800346e   0x0800346e   0x00000002   PAD
    0x08003470   0x08003470   0x00000014   Code   RO         5701    i.vApplicationGetIdleTaskMemory  cmsis_os2.o
    0x08003484   0x08003484   0x00000018   Code   RO         5702    i.vApplicationGetTimerTaskMemory  cmsis_os2.o
    0x0800349c   0x0800349c   0x00000016   Code   RO         4650    i.vListInitialise   list.o
    0x080034b2   0x080034b2   0x00000006   Code   RO         4651    i.vListInitialiseItem  list.o
    0x080034b8   0x080034b8   0x00000030   Code   RO         4652    i.vListInsert       list.o
    0x080034e8   0x080034e8   0x00000018   Code   RO         4653    i.vListInsertEnd    list.o
    0x08003500   0x08003500   0x00000040   Code   RO         6200    i.vPortEnterCritical  port.o
    0x08003540   0x08003540   0x00000028   Code   RO         6201    i.vPortExitCritical  port.o
    0x08003568   0x08003568   0x00000064   Code   RO         6144    i.vPortFree         heap_4.o
    0x080035cc   0x080035cc   0x00000024   Code   RO         6202    i.vPortSetupTimerInterrupt  port.o
    0x080035f0   0x080035f0   0x00000054   Code   RO         6203    i.vPortValidateInterruptPriority  port.o
    0x08003644   0x08003644   0x00000028   Code   RO         4700    i.vQueueAddToRegistry  queue.o
    0x0800366c   0x0800366c   0x00000044   Code   RO         4704    i.vQueueWaitForMessageRestricted  queue.o
    0x080036b0   0x080036b0   0x0000004c   Code   RO         5108    i.vTaskDelay        tasks.o
    0x080036fc   0x080036fc   0x00000010   Code   RO         5113    i.vTaskInternalSetTimeOutState  tasks.o
    0x0800370c   0x0800370c   0x0000000c   Code   RO         5114    i.vTaskMissedYield  tasks.o
    0x08003718   0x08003718   0x00000030   Code   RO         5116    i.vTaskPlaceOnEventList  tasks.o
    0x08003748   0x08003748   0x00000038   Code   RO         5117    i.vTaskPlaceOnEventListRestricted  tasks.o
    0x08003780   0x08003780   0x00000088   Code   RO         5125    i.vTaskStartScheduler  tasks.o
    0x08003808   0x08003808   0x00000010   Code   RO         5127    i.vTaskSuspendAll   tasks.o
    0x08003818   0x08003818   0x00000064   Code   RO         5128    i.vTaskSwitchContext  tasks.o
    0x0800387c   0x0800387c   0x00000022   Code   RO         3634    i.wakeup_idle       ltc681x.o
    0x0800389e   0x0800389e   0x0000002c   Code   RO         3635    i.wakeup_sleep      ltc681x.o
    0x080038ca   0x080038ca   0x00000002   PAD
    0x080038cc   0x080038cc   0x000000a8   Code   RO         6204    i.xPortStartScheduler  port.o
    0x08003974   0x08003974   0x0000002c   Code   RO         6205    i.xPortSysTickHandler  port.o
    0x080039a0   0x080039a0   0x00000066   Code   RO         4710    i.xQueueGenericCreateStatic  queue.o
    0x08003a06   0x08003a06   0x00000002   PAD
    0x08003a08   0x08003a08   0x00000088   Code   RO         4711    i.xQueueGenericReset  queue.o
    0x08003a90   0x08003a90   0x00000160   Code   RO         4712    i.xQueueGenericSend  queue.o
    0x08003bf0   0x08003bf0   0x000000be   Code   RO         4713    i.xQueueGenericSendFromISR  queue.o
    0x08003cae   0x08003cae   0x00000002   PAD
    0x08003cb0   0x08003cb0   0x00000138   Code   RO         4722    i.xQueueReceive     queue.o
    0x08003de8   0x08003de8   0x00000074   Code   RO         5130    i.xTaskCheckForTimeOut  tasks.o
    0x08003e5c   0x08003e5c   0x0000005a   Code   RO         5131    i.xTaskCreate       tasks.o
    0x08003eb6   0x08003eb6   0x00000056   Code   RO         5132    i.xTaskCreateStatic  tasks.o
    0x08003f0c   0x08003f0c   0x0000001c   Code   RO         5136    i.xTaskGetSchedulerState  tasks.o
    0x08003f28   0x08003f28   0x0000000c   Code   RO         5137    i.xTaskGetTickCount  tasks.o
    0x08003f34   0x08003f34   0x000000c8   Code   RO         5139    i.xTaskIncrementTick  tasks.o
    0x08003ffc   0x08003ffc   0x00000080   Code   RO         5142    i.xTaskPriorityDisinherit  tasks.o
    0x0800407c   0x0800407c   0x00000070   Code   RO         5144    i.xTaskRemoveFromEventList  tasks.o
    0x080040ec   0x080040ec   0x000000c4   Code   RO         5145    i.xTaskResumeAll    tasks.o
    0x080041b0   0x080041b0   0x00000060   Code   RO         5470    i.xTimerCreateTimerTask  timers.o
    0x08004210   0x08004210   0x00000068   Code   RO         5471    i.xTimerGenericCommand  timers.o
    0x08004278   0x08004278   0x00000018   Code   RO         6432    x$fpl$dcmpinf       fz_ws.l(dcmpi.o)
    0x08004290   0x08004290   0x00000078   Code   RO         6351    x$fpl$deqf          fz_ws.l(deqf.o)
    0x08004308   0x08004308   0x0000009c   Code   RO         6434    x$fpl$dnaninf       fz_ws.l(dnaninf.o)
    0x080043a4   0x080043a4   0x00000000   Code   RO         6436    x$fpl$usenofp       fz_ws.l(usenofp.o)
    0x080043a4   0x080043a4   0x00000048   Data   RO          241    .constdata          freertos.o
    0x080043ec   0x080043ec   0x00000012   Data   RO         1977    .constdata          stm32f1xx_hal_rcc.o
    0x080043fe   0x080043fe   0x00000010   Data   RO         3453    .constdata          system_stm32f1xx.o
    0x0800440e   0x0800440e   0x00000008   Data   RO         3454    .constdata          system_stm32f1xx.o
    0x08004416   0x08004416   0x00000200   Data   RO         3637    .constdata          ltc681x.o
    0x08004616   0x08004616   0x00000002   PAD
    0x08004618   0x08004618   0x00000015   Data   RO          242    .conststring        freertos.o
    0x0800462d   0x0800462d   0x00000003   PAD
    0x08004630   0x08004630   0x00000020   Data   RO         6559    Region$$Table       anon$$obj.o


    Execution Region RW_IRAM1 (Exec base: 0x20000000, Load base: 0x08004650, Size: 0x00003ff8, Max: 0x00005000, ABSOLUTE)

    Exec Addr    Load Addr    Size         Type   Attr      Idx    E Section Name        Object

    0x20000000   0x08004650   0x00000008   Data   RW          243    .data               freertos.o
    0x20000008   0x08004658   0x0000000c   Data   RW         1814    .data               stm32f1xx_hal.o
    0x20000014   0x08004664   0x00000004   Data   RW         3455    .data               system_stm32f1xx.o
    0x20000018   0x08004668   0x00000001   Data   RW         4390    .data               bms_app.o
    0x20000019   0x08004669   0x00000003   PAD
    0x2000001c   0x0800466c   0x0000003c   Data   RW         5148    .data               tasks.o
    0x20000058   0x080046a8   0x00000014   Data   RW         5479    .data               timers.o
    0x2000006c   0x080046bc   0x00000004   Data   RW         5704    .data               cmsis_os2.o
    0x20000070   0x080046c0   0x00000020   Data   RW         6150    .data               heap_4.o
    0x20000090   0x080046e0   0x0000000c   Data   RW         6206    .data               port.o
    0x2000009c        -       0x00000028   Zero   RW          290    .bss                can.o
    0x200000c4        -       0x000000b0   Zero   RW          333    .bss                spi.o
    0x20000174        -       0x00000048   Zero   RW          380    .bss                usart.o
    0x200001bc        -       0x00000048   Zero   RW          510    .bss                stm32f1xx_hal_timebase_tim.o
    0x20000204        -       0x000008b8   Zero   RW         4389    .bss                bms_app.o
    0x20000abc   0x080046ec   0x00000004   PAD
    0x20000ac0        -       0x00000200   Zero   RW         4486    .bss                f103_0804_simulink_model.o
    0x20000cc0        -       0x00000040   Zero   RW         4726    .bss                queue.o
    0x20000d00        -       0x000004c4   Zero   RW         5147    .bss                tasks.o
    0x200011c4        -       0x00000118   Zero   RW         5478    .bss                timers.o
    0x200012dc        -       0x000006b8   Zero   RW         5703    .bss                cmsis_os2.o
    0x20001994        -       0x00002000   Zero   RW         6149    .bss                heap_4.o
    0x20003994        -       0x00000060   Zero   RW         6440    .bss                c_w.l(libspace.o)
    0x200039f4   0x080046ec   0x00000004   PAD
    0x200039f8        -       0x00000200   Zero   RW            2    HEAP                startup_stm32f103xb.o
    0x20003bf8        -       0x00000400   Zero   RW            1    STACK               startup_stm32f103xb.o


==============================================================================

Image component sizes


      Code (inc. data)   RO Data    RW Data    ZI Data      Debug   Object Name

      1730         52          0          1       2232      12710   bms_app.o
       316         44          0          0          0       5265   bms_hardware.o
       168         20          0          0         40       1695   can.o
       326         22          0          4       1720      59011   cmsis_os2.o
         0          0          0          0          0      19752   event_groups.o
       270         22          0          0        512       5208   f103_0804_simulink_model.o
        72         16         93          8          0       2370   freertos.o
       168         12          0          0          0        987   gpio.o
       472         24          0         32       8192       4863   heap_4.o
       138          0          0          0          0       3490   list.o
       134          0          0          0          0       8744   ltc6813_stm32.o
      1392         20        512          0          0      16687   ltc681x.o
       168          6          0          0          0     456384   main.o
       662         70          0         12          0      10877   port.o
      1514         20          0          0         64      17264   queue.o
       328         38          0          0        176       2374   spi.o
        64         26        236          0       1536        824   startup_stm32f103xb.o
        64         14          0         12          0       4710   stm32f1xx_hal.o
       282          0          0          0          0       1415   stm32f1xx_hal_can.o
       158         14          0          0          0      28266   stm32f1xx_hal_cortex.o
       490         34          0          0          0       2928   stm32f1xx_hal_gpio.o
        72         10          0          0          0        894   stm32f1xx_hal_msp.o
      1304         94         18          0          0       5821   stm32f1xx_hal_rcc.o
       910          4          0          0          0       4725   stm32f1xx_hal_spi.o
       612         24          0          0          0       7292   stm32f1xx_hal_tim.o
         4          0          0          0          0       1617   stm32f1xx_hal_tim_ex.o
       140         22          0          0         72       1459   stm32f1xx_hal_timebase_tim.o
       284          6          0          0          0       1964   stm32f1xx_hal_uart.o
        24          6          0          0          0       3106   stm32f1xx_it.o
         2          0         24          4          0       1155   system_stm32f1xx.o
      2084        168          0         60       1220      26520   tasks.o
       972         80          0         20        280      32295   timers.o
       168         20          0          0         72       1726   usart.o

    ----------------------------------------------------------------------
     15536        888        920        156      16120     754398   Object Totals
         0          0         32          0          0          0   (incl. Generated)
        44          0          5          3          4          0   (incl. Padding)

    ----------------------------------------------------------------------

      Code (inc. data)   RO Data    RW Data    ZI Data      Debug   Library Member Name

         8          0          0          0          0         68   __main.o
         0          0          0          0          0          0   __rtentry.o
        12          0          0          0          0          0   __rtentry2.o
         6          0          0          0          0          0   __rtentry4.o
        52          8          0          0          0          0   __scatter.o
        26          0          0          0          0          0   __scatter_copy.o
        28          0          0          0          0          0   __scatter_zi.o
        16          0          0          0          0         68   aeabi_memset.o
        10          0          0          0          0         68   defsig_exit.o
        50          0          0          0          0         88   defsig_general.o
        80         58          0          0          0         76   defsig_rtmem_inner.o
        14          0          0          0          0         80   defsig_rtmem_outer.o
        18          0          0          0          0         80   exit.o
        94          0          0          0          0         80   h1_alloc.o
        52          0          0          0          0         68   h1_extend.o
        78          0          0          0          0         80   h1_free.o
        14          0          0          0          0         84   h1_init.o
         6          0          0          0          0        152   heapauxi.o
         4          0          0          0          0        136   hguard.o
         0          0          0          0          0          0   indicate_semi.o
       138          0          0          0          0        168   init_alloc.o
         2          0          0          0          0          0   libinit.o
        10          0          0          0          0          0   libinit2.o
         2          0          0          0          0          0   libshutdown.o
         2          0          0          0          0          0   libshutdown2.o
         8          4          0          0         96         68   libspace.o
         0          0          0          0          0          0   maybetermalloc1.o
         8          4          0          0          0         68   rt_heap_descriptor_intlibspace.o
        68          0          0          0          0         68   rt_memclr.o
        78          0          0          0          0         80   rt_memclr_w.o
       138          0          0          0          0         68   rt_memcpy_v6.o
       100          0          0          0          0         80   rt_memcpy_w.o
         2          0          0          0          0          0   rtexit.o
        10          0          0          0          0          0   rtexit2.o
        12          4          0          0          0         68   sys_exit.o
        74          0          0          0          0         80   sys_stackheap_outer.o
        14          0          0          0          0         76   sys_wrch.o
         2          0          0          0          0         68   use_no_semi.o
        24          0          0          0          0         68   dcmpi.o
       120          4          0          0          0         92   deqf.o
       156          4          0          0          0         92   dnaninf.o
         0          0          0          0          0          0   usenofp.o

    ----------------------------------------------------------------------
      1544         86          0          0        100       2272   Library Totals
         8          0          0          0          4          0   (incl. Padding)

    ----------------------------------------------------------------------

      Code (inc. data)   RO Data    RW Data    ZI Data      Debug   Library Name

      1236         78          0          0         96       2020   c_w.l
       300          8          0          0          0        252   fz_ws.l

    ----------------------------------------------------------------------
      1544         86          0          0        100       2272   Library Totals

    ----------------------------------------------------------------------

==============================================================================


      Code (inc. data)   RO Data    RW Data    ZI Data      Debug   

     17080        974        920        156      16220     746370   Grand Totals
     17080        974        920        156      16220     746370   ELF Image Totals
     17080        974        920        156          0          0   ROM Totals

==============================================================================

    Total RO  Size (Code + RO Data)                18000 (  17.58kB)
    Total RW  Size (RW Data + ZI Data)             16376 (  15.99kB)
    Total ROM Size (Code + RO Data + RW Data)      18156 (  17.73kB)

==============================================================================

